bun test v1.3.4 (5eb2145b)
bun : 
At line:1 char:23
+ $env:NODE_ENV='test'; bun 
test 2>&1 | Out-File 
-FilePath test-output. ...
+                       
~~~~~~~~~~~~~
    + CategoryInfo          
    : NotSpecified: (:Stri  
  ng) [], RemoteException
    + FullyQualifiedErrorId 
    : NativeCommandError
 
tests\auth.test.ts:
Γ£à Loaded environment variables from .env
[dotenv@17.2.3] injecting env (0) from .env -- tip: ≡ƒ¢á∩╕Å  run anywhere with `dotenvx run -- yourcommand`
[dotenv@17.2.3] injecting env (0) from .env -- tip: ≡ƒöæ add access controls to secrets: https://dotenvx.com/ops
[dotenv@17.2.3] injecting env (0) from .env -- tip: ≡ƒöæ add access controls to secrets: https://dotenvx.com/ops
[dotenv@17.2.3] injecting env (0) from .env -- tip: ≡ƒæÑ sync secrets across teammates & machines: https://dotenvx.com/ops
Executing (default): SELECT 1+1 AS result
Executing (default): SELECT 1+1 AS result
Γ£à PostgreSQL connected successfully
Executing (default): SELECT table_name FROM information_schema.tables WHERE table_schema = 'public' AND table_name = 'users'
Γ£à PostgreSQL connected successfully
Executing (default): SELECT table_name FROM information_schema.tables WHERE table_schema = 'public' AND table_name = 'users'
Executing (default): SELECT t.typname enum_name, array_agg(e.enumlabel ORDER BY enumsortorder) enum_value FROM pg_type t JOIN pg_enum e ON t.oid = e.enumtypid JOIN pg_catalog.pg_namespace n ON n.oid = t.typnamespace WHERE n.nspname = 'public' AND t.typname='enum_users_lastSeen' GROUP BY 1
Executing (default): SELECT t.typname enum_name, array_agg(e.enumlabel ORDER BY enumsortorder) enum_value FROM pg_type t JOIN pg_enum e ON t.oid = e.enumtypid JOIN pg_catalog.pg_namespace n ON n.oid = t.typnamespace WHERE n.nspname = 'public' AND t.typname='enum_users_profileVisibility' GROUP BY 1
Executing (default): SELECT t.typname enum_name, array_agg(e.enumlabel ORDER BY enumsortorder) enum_value FROM pg_type t JOIN pg_enum e ON t.oid = e.enumtypid JOIN pg_catalog.pg_namespace n ON n.oid = t.typnamespace WHERE n.nspname = 'public' AND t.typname='enum_users_lastSeen' GROUP BY 1
Executing (default): SELECT t.typname enum_name, array_agg(e.enumlabel ORDER BY enumsortorder) enum_value FROM pg_type t JOIN pg_enum e ON t.oid = e.enumtypid JOIN pg_catalog.pg_namespace n ON n.oid = t.typnamespace WHERE n.nspname = 'public' AND t.typname='enum_users_profileVisibility' GROUP BY 1
Executing (default): SELECT pk.constraint_type as "Constraint",c.column_name as "Field", c.column_default as "Default",c.is_nullable as "Null", (CASE WHEN c.udt_name = 'hstore' THEN c.udt_name ELSE c.data_type END) || (CASE WHEN c.character_maximum_length IS NOT NULL THEN '(' || c.character_maximum_length || ')' ELSE '' END) as "Type", (SELECT array_agg(e.enumlabel) FROM pg_catalog.pg_type t JOIN pg_catalog.pg_enum e ON t.oid=e.enumtypid WHERE t.typname=c.udt_name) AS "special", (SELECT pgd.description FROM pg_catalog.pg_statio_all_tables AS st INNER JOIN pg_catalog.pg_description pgd on (pgd.objoid=st.relid) WHERE c.ordinal_position=pgd.objsubid AND c.table_name=st.relname) AS "Comment" FROM information_schema.columns c LEFT JOIN (SELECT tc.table_schema, tc.table_name, cu.column_name, tc.constraint_type FROM information_schema.TABLE_CONSTRAINTS tc JOIN information_schema.KEY_COLUMN_USAGE  cu ON tc.table_schema=cu.table_schema and tc.table_name=cu.table_name and tc.constraint_name=cu.constraint_name and tc.constraint_type='PRIMARY KEY') pk ON pk.table_schema=c.table_schema AND pk.table_name=c.table_name AND pk.column_name=c.column_name WHERE c.table_name = 'users' AND c.table_schema = 'public'
Executing (default): SELECT DISTINCT tc.constraint_name as constraint_name, tc.constraint_schema as constraint_schema, tc.constraint_catalog as constraint_catalog, tc.table_name as table_name,tc.table_schema as table_schema,tc.table_catalog as table_catalog,tc.initially_deferred as initially_deferred,tc.is_deferrable as is_deferrable,kcu.column_name as column_name,ccu.table_schema  AS referenced_table_schema,ccu.table_catalog  AS referenced_table_catalog,ccu.table_name  AS referenced_table_name,ccu.column_name AS referenced_column_name FROM information_schema.table_constraints AS tc JOIN information_schema.key_column_usage AS kcu ON tc.constraint_name = kcu.constraint_name JOIN information_schema.constraint_column_usage AS ccu ON ccu.constraint_name = tc.constraint_name WHERE constraint_type = 'FOREIGN KEY' AND tc.table_name = 'users' AND tc.table_catalog = 'rad5_communication'
Executing (default): SELECT pk.constraint_type as "Constraint",c.column_name as "Field", c.column_default as "Default",c.is_nullable as "Null", (CASE WHEN c.udt_name = 'hstore' THEN c.udt_name ELSE c.data_type END) || (CASE WHEN c.character_maximum_length IS NOT NULL THEN '(' || c.character_maximum_length || ')' ELSE '' END) as "Type", (SELECT array_agg(e.enumlabel) FROM pg_catalog.pg_type t JOIN pg_catalog.pg_enum e ON t.oid=e.enumtypid WHERE t.typname=c.udt_name) AS "special", (SELECT pgd.description FROM pg_catalog.pg_statio_all_tables AS st INNER JOIN pg_catalog.pg_description pgd on (pgd.objoid=st.relid) WHERE c.ordinal_position=pgd.objsubid AND c.table_name=st.relname) AS "Comment" FROM information_schema.columns c LEFT JOIN (SELECT tc.table_schema, tc.table_name, cu.column_name, tc.constraint_type FROM information_schema.TABLE_CONSTRAINTS tc JOIN information_schema.KEY_COLUMN_USAGE  cu ON tc.table_schema=cu.table_schema and tc.table_name=cu.table_name and tc.constraint_name=cu.constraint_name and tc.constraint_type='PRIMARY KEY') pk ON pk.table_schema=c.table_schema AND pk.table_name=c.table_name AND pk.column_name=c.column_name WHERE c.table_name = 'users' AND c.table_schema = 'public'
Executing (default): SELECT DISTINCT tc.constraint_name as constraint_name, tc.constraint_schema as constraint_schema, tc.constraint_catalog as constraint_catalog, tc.table_name as table_name,tc.table_schema as table_schema,tc.table_catalog as table_catalog,tc.initially_deferred as initially_deferred,tc.is_deferrable as is_deferrable,kcu.column_name as column_name,ccu.table_schema  AS referenced_table_schema,ccu.table_catalog  AS referenced_table_catalog,ccu.table_name  AS referenced_table_name,ccu.column_name AS referenced_column_name FROM information_schema.table_constraints AS tc JOIN information_schema.key_column_usage AS kcu ON tc.constraint_name = kcu.constraint_name JOIN information_schema.constraint_column_usage AS ccu ON ccu.constraint_name = tc.constraint_name WHERE constraint_type = 'FOREIGN KEY' AND tc.table_name = 'users' AND tc.table_catalog = 'rad5_communication'
Executing (default): ALTER TABLE "users" ALTER COLUMN "name" SET NOT NULL;ALTER TABLE "users" ALTER COLUMN "name" DROP DEFAULT;ALTER TABLE "users" ALTER COLUMN "name" TYPE VARCHAR(100);
Executing (default): ALTER TABLE "users" ALTER COLUMN "email" SET NOT NULL;ALTER TABLE "users" ALTER COLUMN "email" DROP DEFAULT;ALTER TABLE "users"  ADD UNIQUE ("email");ALTER TABLE "users" ALTER COLUMN "email" TYPE VARCHAR(255)  ;
Executing (default): ALTER TABLE "users" ALTER COLUMN "password" SET NOT NULL;ALTER TABLE "users" ALTER COLUMN "password" DROP DEFAULT;ALTER TABLE "users" ALTER COLUMN "password" TYPE VARCHAR(255);
Executing (default): ALTER TABLE "users" ALTER COLUMN "avatar" DROP NOT NULL;ALTER TABLE "users" ALTER COLUMN "avatar" DROP DEFAULT;ALTER TABLE "users" ALTER COLUMN "avatar" TYPE VARCHAR(500);
Executing (default): ALTER TABLE "users" ALTER COLUMN "bio" DROP NOT NULL;ALTER TABLE "users" ALTER COLUMN "bio" DROP DEFAULT;ALTER TABLE "users" ALTER COLUMN "bio" TYPE VARCHAR(500);
Executing (default): ALTER TABLE "users" ALTER COLUMN "lastSeen" DROP NOT NULL;ALTER TABLE "users" ALTER COLUMN "lastSeen" SET DEFAULT 'everyone';DO 'BEGIN CREATE TYPE "public"."enum_users_lastSeen" AS ENUM(''everyone'', ''contacts'', ''nobody''); EXCEPTION WHEN duplicate_object THEN null; END';ALTER TABLE "users" ALTER COLUMN "lastSeen" TYPE "public"."enum_users_lastSeen" USING ("lastSeen"::"public"."enum_users_lastSeen");
Executing (default): ALTER TABLE "users" ALTER COLUMN "name" SET NOT NULL;ALTER TABLE "users" ALTER COLUMN "name" DROP DEFAULT;ALTER TABLE "users" ALTER COLUMN "name" TYPE VARCHAR(100);
Executing (default): ALTER TABLE "users" ALTER COLUMN "profileVisibility" DROP NOT NULL;ALTER TABLE "users" ALTER COLUMN "profileVisibility" SET DEFAULT 'everyone';DO 'BEGIN CREATE TYPE "public"."enum_users_profileVisibility" AS ENUM(''everyone'', ''contacts'', ''nobody''); EXCEPTION WHEN duplicate_object THEN null; END';ALTER TABLE "users" ALTER COLUMN "profileVisibility" TYPE "public"."enum_users_profileVisibility" USING ("profileVisibility"::"public"."enum_users_profileVisibility");
Executing (default): ALTER TABLE "users" ALTER COLUMN "email" SET NOT NULL;ALTER TABLE "users" ALTER COLUMN "email" DROP DEFAULT;ALTER TABLE "users"  ADD UNIQUE ("email");ALTER TABLE "users" ALTER COLUMN "email" TYPE VARCHAR(255)  ;
Executing (default): ALTER TABLE "users" ALTER COLUMN "readReceipts" DROP NOT NULL;ALTER TABLE "users" ALTER COLUMN "readReceipts" SET DEFAULT true;ALTER TABLE "users" ALTER COLUMN "readReceipts" TYPE BOOLEAN;
Executing (default): ALTER TABLE "users" ALTER COLUMN "password" SET NOT NULL;ALTER TABLE "users" ALTER COLUMN "password" DROP DEFAULT;ALTER TABLE "users" ALTER COLUMN "password" TYPE VARCHAR(255);
Executing (default): ALTER TABLE "users" ALTER COLUMN "typingIndicators" DROP NOT NULL;ALTER TABLE "users" ALTER COLUMN "typingIndicators" SET DEFAULT true;ALTER TABLE "users" ALTER COLUMN "typingIndicators" TYPE BOOLEAN;
Executing (default): ALTER TABLE "users" ALTER COLUMN "avatar" DROP NOT NULL;ALTER TABLE "users" ALTER COLUMN "avatar" DROP DEFAULT;ALTER TABLE "users" ALTER COLUMN "avatar" TYPE VARCHAR(500);
Executing (default): ALTER TABLE "users" ALTER COLUMN "notificationSettings" DROP NOT NULL;ALTER TABLE "users" ALTER COLUMN "notificationSettings" SET DEFAULT '{"messages":true,"groups":true,"sounds":true}';ALTER TABLE "users" ALTER COLUMN "notificationSettings" TYPE JSON;
Executing (default): ALTER TABLE "users" ALTER COLUMN "bio" DROP NOT NULL;ALTER TABLE "users" ALTER COLUMN "bio" DROP DEFAULT;ALTER TABLE "users" ALTER COLUMN "bio" TYPE VARCHAR(500);
Executing (default): ALTER TABLE "users" ALTER COLUMN "resetToken" DROP NOT NULL;ALTER TABLE "users" ALTER COLUMN "resetToken" DROP DEFAULT;ALTER TABLE "users" ALTER COLUMN "resetToken" TYPE VARCHAR(255);
Executing (default): ALTER TABLE "users" ALTER COLUMN "lastSeen" DROP NOT NULL;ALTER TABLE "users" ALTER COLUMN "lastSeen" SET DEFAULT 'everyone';DO 'BEGIN CREATE TYPE "public"."enum_users_lastSeen" AS ENUM(''everyone'', ''contacts'', ''nobody''); EXCEPTION WHEN duplicate_object THEN null; END';ALTER TABLE "users" ALTER COLUMN "lastSeen" TYPE "public"."enum_users_lastSeen" USING ("lastSeen"::"public"."enum_users_lastSeen");
Executing (default): ALTER TABLE "users" ALTER COLUMN "resetTokenExpiry" DROP NOT NULL;ALTER TABLE "users" ALTER COLUMN "resetTokenExpiry" DROP DEFAULT;ALTER TABLE "users" ALTER COLUMN "resetTokenExpiry" TYPE TIMESTAMP WITH TIME ZONE;
Executing (default): ALTER TABLE "users" ALTER COLUMN "profileVisibility" DROP NOT NULL;ALTER TABLE "users" ALTER COLUMN "profileVisibility" SET DEFAULT 'everyone';DO 'BEGIN CREATE TYPE "public"."enum_users_profileVisibility" AS ENUM(''everyone'', ''contacts'', ''nobody''); EXCEPTION WHEN duplicate_object THEN null; END';ALTER TABLE "users" ALTER COLUMN "profileVisibility" TYPE "public"."enum_users_profileVisibility" USING ("profileVisibility"::"public"."enum_users_profileVisibility");
Executing (default): ALTER TABLE "users" ALTER COLUMN "isOnline" DROP NOT NULL;ALTER TABLE "users" ALTER COLUMN "isOnline" SET DEFAULT false;ALTER TABLE "users" ALTER COLUMN "isOnline" TYPE BOOLEAN;
Executing (default): ALTER TABLE "users" ALTER COLUMN "readReceipts" DROP NOT NULL;ALTER TABLE "users" ALTER COLUMN "readReceipts" SET DEFAULT true;ALTER TABLE "users" ALTER COLUMN "readReceipts" TYPE BOOLEAN;
Executing (default): ALTER TABLE "users" ALTER COLUMN "lastActive" DROP NOT NULL;ALTER TABLE "users" ALTER COLUMN "lastActive" DROP DEFAULT;ALTER TABLE "users" ALTER COLUMN "lastActive" TYPE TIMESTAMP WITH TIME ZONE;
Executing (default): ALTER TABLE "users" ALTER COLUMN "typingIndicators" DROP NOT NULL;ALTER TABLE "users" ALTER COLUMN "typingIndicators" SET DEFAULT true;ALTER TABLE "users" ALTER COLUMN "typingIndicators" TYPE BOOLEAN;
Executing (default): ALTER TABLE "users" ALTER COLUMN "createdAt" SET NOT NULL;ALTER TABLE "users" ALTER COLUMN "createdAt" DROP DEFAULT;ALTER TABLE "users" ALTER COLUMN "createdAt" TYPE TIMESTAMP WITH TIME ZONE;
Executing (default): ALTER TABLE "users" ALTER COLUMN "notificationSettings" DROP NOT NULL;ALTER TABLE "users" ALTER COLUMN "notificationSettings" SET DEFAULT '{"messages":true,"groups":true,"sounds":true}';ALTER TABLE "users" ALTER COLUMN "notificationSettings" TYPE JSON;
Executing (default): ALTER TABLE "users" ALTER COLUMN "updatedAt" SET NOT NULL;ALTER TABLE "users" ALTER COLUMN "updatedAt" DROP DEFAULT;ALTER TABLE "users" ALTER COLUMN "updatedAt" TYPE TIMESTAMP WITH TIME ZONE;
Executing (default): ALTER TABLE "users" ALTER COLUMN "resetToken" DROP NOT NULL;ALTER TABLE "users" ALTER COLUMN "resetToken" DROP DEFAULT;ALTER TABLE "users" ALTER COLUMN "resetToken" TYPE VARCHAR(255);
Executing (default): SELECT i.relname AS name, ix.indisprimary AS primary, ix.indisunique AS unique, ix.indkey AS indkey, array_agg(a.attnum) as column_indexes, array_agg(a.attname) AS column_names, pg_get_indexdef(ix.indexrelid) AS definition FROM pg_class t, pg_class i, pg_index ix, pg_attribute a WHERE t.oid = ix.indrelid AND i.oid = ix.indexrelid AND a.attrelid = t.oid AND t.relkind = 'r' and t.relname = 'users' GROUP BY i.relname, ix.indexrelid, ix.indisprimary, ix.indisunique, ix.indkey ORDER BY i.relname;
Executing (default): ALTER TABLE "users" ALTER COLUMN "resetTokenExpiry" DROP NOT NULL;ALTER TABLE "users" ALTER COLUMN "resetTokenExpiry" DROP DEFAULT;ALTER TABLE "users" ALTER COLUMN "resetTokenExpiry" TYPE TIMESTAMP WITH TIME ZONE;
Executing (default): ALTER TABLE "users" ALTER COLUMN "isOnline" DROP NOT NULL;ALTER TABLE "users" ALTER COLUMN "isOnline" SET DEFAULT false;ALTER TABLE "users" ALTER COLUMN "isOnline" TYPE BOOLEAN;
Executing (default): ALTER TABLE "users" ALTER COLUMN "lastActive" DROP NOT NULL;ALTER TABLE "users" ALTER COLUMN "lastActive" DROP DEFAULT;ALTER TABLE "users" ALTER COLUMN "lastActive" TYPE TIMESTAMP WITH TIME ZONE;
Executing (default): ALTER TABLE "users" ALTER COLUMN "createdAt" SET NOT NULL;ALTER TABLE "users" ALTER COLUMN "createdAt" DROP DEFAULT;ALTER TABLE "users" ALTER COLUMN "createdAt" TYPE TIMESTAMP WITH TIME ZONE;
Executing (default): ALTER TABLE "users" ALTER COLUMN "updatedAt" SET NOT NULL;ALTER TABLE "users" ALTER COLUMN "updatedAt" DROP DEFAULT;ALTER TABLE "users" ALTER COLUMN "updatedAt" TYPE TIMESTAMP WITH TIME ZONE;
Executing (default): SELECT i.relname AS name, ix.indisprimary AS primary, ix.indisunique AS unique, ix.indkey AS indkey, array_agg(a.attnum) as column_indexes, array_agg(a.attname) AS column_names, pg_get_indexdef(ix.indexrelid) AS definition FROM pg_class t, pg_class i, pg_index ix, pg_attribute a WHERE t.oid = ix.indrelid AND i.oid = ix.indexrelid AND a.attrelid = t.oid AND t.relkind = 'r' and t.relname = 'users' GROUP BY i.relname, ix.indexrelid, ix.indisprimary, ix.indisunique, ix.indkey ORDER BY i.relname;
Executing (default): SELECT table_name FROM information_schema.tables WHERE table_schema = 'public' AND table_name = 'channels'
Executing (default): SELECT pk.constraint_type as "Constraint",c.column_name as "Field", c.column_default as "Default",c.is_nullable as "Null", (CASE WHEN c.udt_name = 'hstore' THEN c.udt_name ELSE c.data_type END) || (CASE WHEN c.character_maximum_length IS NOT NULL THEN '(' || c.character_maximum_length || ')' ELSE '' END) as "Type", (SELECT array_agg(e.enumlabel) FROM pg_catalog.pg_type t JOIN pg_catalog.pg_enum e ON t.oid=e.enumtypid WHERE t.typname=c.udt_name) AS "special", (SELECT pgd.description FROM pg_catalog.pg_statio_all_tables AS st INNER JOIN pg_catalog.pg_description pgd on (pgd.objoid=st.relid) WHERE c.ordinal_position=pgd.objsubid AND c.table_name=st.relname) AS "Comment" FROM information_schema.columns c LEFT JOIN (SELECT tc.table_schema, tc.table_name, cu.column_name, tc.constraint_type FROM information_schema.TABLE_CONSTRAINTS tc JOIN information_schema.KEY_COLUMN_USAGE  cu ON tc.table_schema=cu.table_schema and tc.table_name=cu.table_name and tc.constraint_name=cu.constraint_name and tc.constraint_type='PRIMARY KEY') pk ON pk.table_schema=c.table_schema AND pk.table_name=c.table_name AND pk.column_name=c.column_name WHERE c.table_name = 'channels' AND c.table_schema = 'public'
Executing (default): SELECT DISTINCT tc.constraint_name as constraint_name, tc.constraint_schema as constraint_schema, tc.constraint_catalog as constraint_catalog, tc.table_name as table_name,tc.table_schema as table_schema,tc.table_catalog as table_catalog,tc.initially_deferred as initially_deferred,tc.is_deferrable as is_deferrable,kcu.column_name as column_name,ccu.table_schema  AS referenced_table_schema,ccu.table_catalog  AS referenced_table_catalog,ccu.table_name  AS referenced_table_name,ccu.column_name AS referenced_column_name FROM information_schema.table_constraints AS tc JOIN information_schema.key_column_usage AS kcu ON tc.constraint_name = kcu.constraint_name JOIN information_schema.constraint_column_usage AS ccu ON ccu.constraint_name = tc.constraint_name WHERE constraint_type = 'FOREIGN KEY' AND tc.table_name = 'channels' AND tc.table_catalog = 'rad5_communication'
Executing (default): SELECT table_name FROM information_schema.tables WHERE table_schema = 'public' AND table_name = 'channels'
Executing (default): SELECT pk.constraint_type as "Constraint",c.column_name as "Field", c.column_default as "Default",c.is_nullable as "Null", (CASE WHEN c.udt_name = 'hstore' THEN c.udt_name ELSE c.data_type END) || (CASE WHEN c.character_maximum_length IS NOT NULL THEN '(' || c.character_maximum_length || ')' ELSE '' END) as "Type", (SELECT array_agg(e.enumlabel) FROM pg_catalog.pg_type t JOIN pg_catalog.pg_enum e ON t.oid=e.enumtypid WHERE t.typname=c.udt_name) AS "special", (SELECT pgd.description FROM pg_catalog.pg_statio_all_tables AS st INNER JOIN pg_catalog.pg_description pgd on (pgd.objoid=st.relid) WHERE c.ordinal_position=pgd.objsubid AND c.table_name=st.relname) AS "Comment" FROM information_schema.columns c LEFT JOIN (SELECT tc.table_schema, tc.table_name, cu.column_name, tc.constraint_type FROM information_schema.TABLE_CONSTRAINTS tc JOIN information_schema.KEY_COLUMN_USAGE  cu ON tc.table_schema=cu.table_schema and tc.table_name=cu.table_name and tc.constraint_name=cu.constraint_name and tc.constraint_type='PRIMARY KEY') pk ON pk.table_schema=c.table_schema AND pk.table_name=c.table_name AND pk.column_name=c.column_name WHERE c.table_name = 'channels' AND c.table_schema = 'public'
Executing (default): SELECT DISTINCT tc.constraint_name as constraint_name, tc.constraint_schema as constraint_schema, tc.constraint_catalog as constraint_catalog, tc.table_name as table_name,tc.table_schema as table_schema,tc.table_catalog as table_catalog,tc.initially_deferred as initially_deferred,tc.is_deferrable as is_deferrable,kcu.column_name as column_name,ccu.table_schema  AS referenced_table_schema,ccu.table_catalog  AS referenced_table_catalog,ccu.table_name  AS referenced_table_name,ccu.column_name AS referenced_column_name FROM information_schema.table_constraints AS tc JOIN information_schema.key_column_usage AS kcu ON tc.constraint_name = kcu.constraint_name JOIN information_schema.constraint_column_usage AS ccu ON ccu.constraint_name = tc.constraint_name WHERE constraint_type = 'FOREIGN KEY' AND tc.table_name = 'channels' AND tc.table_catalog = 'rad5_communication'
Executing (default): ALTER TABLE "channels" ALTER COLUMN "name" SET NOT NULL;ALTER TABLE "channels" ALTER COLUMN "name" DROP DEFAULT;ALTER TABLE "channels" ALTER COLUMN "name" TYPE VARCHAR(100);
Executing (default): ALTER TABLE "channels" ALTER COLUMN "description" DROP NOT NULL;ALTER TABLE "channels" ALTER COLUMN "description" DROP DEFAULT;ALTER TABLE "channels" ALTER COLUMN "description" TYPE VARCHAR(500);
Executing (default): ALTER TABLE "channels" ALTER COLUMN "avatar" DROP NOT NULL;ALTER TABLE "channels" ALTER COLUMN "avatar" DROP DEFAULT;ALTER TABLE "channels" ALTER COLUMN "avatar" TYPE VARCHAR(500);
Executing (default): ALTER TABLE "channels" ALTER COLUMN "isGroup" DROP NOT NULL;ALTER TABLE "channels" ALTER COLUMN "isGroup" SET DEFAULT false;ALTER TABLE "channels" ALTER COLUMN "isGroup" TYPE BOOLEAN;
Executing (default): ALTER TABLE "channels" DROP CONSTRAINT "channels_createdBy_fkey"
Executing (default): ALTER TABLE "channels" DROP CONSTRAINT "channels_createdBy_fkey1"
Executing (default): ALTER TABLE "channels" ALTER COLUMN "createdBy" SET NOT NULL;ALTER TABLE "channels"  ADD FOREIGN KEY ("createdBy") REFERENCES "users" ("id") ON DELETE NO ACTION ON UPDATE CASCADE;
Executing (default): ALTER TABLE "channels" ALTER COLUMN "name" SET NOT NULL;ALTER TABLE "channels" ALTER COLUMN "name" DROP DEFAULT;ALTER TABLE "channels" ALTER COLUMN "name" TYPE VARCHAR(100);
Executing (default): ALTER TABLE "channels" ALTER COLUMN "createdAt" SET NOT NULL;ALTER TABLE "channels" ALTER COLUMN "createdAt" DROP DEFAULT;ALTER TABLE "channels" ALTER COLUMN "createdAt" TYPE TIMESTAMP WITH TIME ZONE;
Executing (default): ALTER TABLE "channels" ALTER COLUMN "description" DROP NOT NULL;ALTER TABLE "channels" ALTER COLUMN "description" DROP DEFAULT;ALTER TABLE "channels" ALTER COLUMN "description" TYPE VARCHAR(500);
Executing (default): ALTER TABLE "channels" ALTER COLUMN "updatedAt" SET NOT NULL;ALTER TABLE "channels" ALTER COLUMN "updatedAt" DROP DEFAULT;ALTER TABLE "channels" ALTER COLUMN "updatedAt" TYPE TIMESTAMP WITH TIME ZONE;
Executing (default): ALTER TABLE "channels" ALTER COLUMN "avatar" DROP NOT NULL;ALTER TABLE "channels" ALTER COLUMN "avatar" DROP DEFAULT;ALTER TABLE "channels" ALTER COLUMN "avatar" TYPE VARCHAR(500);
Executing (default): SELECT i.relname AS name, ix.indisprimary AS primary, ix.indisunique AS unique, ix.indkey AS indkey, array_agg(a.attnum) as column_indexes, array_agg(a.attname) AS column_names, pg_get_indexdef(ix.indexrelid) AS definition FROM pg_class t, pg_class i, pg_index ix, pg_attribute a WHERE t.oid = ix.indrelid AND i.oid = ix.indexrelid AND a.attrelid = t.oid AND t.relkind = 'r' and t.relname = 'channels' GROUP BY i.relname, ix.indexrelid, ix.indisprimary, ix.indisunique, ix.indkey ORDER BY i.relname;
Executing (default): ALTER TABLE "channels" ALTER COLUMN "isGroup" DROP NOT NULL;ALTER TABLE "channels" ALTER COLUMN "isGroup" SET DEFAULT false;ALTER TABLE "channels" ALTER COLUMN "isGroup" TYPE BOOLEAN;
Executing (default): ALTER TABLE "channels" DROP CONSTRAINT "channels_createdBy_fkey"
Executing (default): ALTER TABLE "channels" DROP CONSTRAINT "channels_createdBy_fkey1"
Executing (default): SELECT table_name FROM information_schema.tables WHERE table_schema = 'public' AND table_name = 'channel_members'
ΓÜá∩╕Å Constraint error during alter, syncing without alter...
Executing (default): SELECT table_name FROM information_schema.tables WHERE table_schema = 'public' AND table_name = 'users'
Executing (default): SELECT t.typname enum_name, array_agg(e.enumlabel ORDER BY enumsortorder) enum_value FROM pg_type t JOIN pg_enum e ON t.oid = e.enumtypid JOIN pg_catalog.pg_namespace n ON n.oid = t.typnamespace WHERE n.nspname = 'public' AND t.typname='enum_channel_members_role' GROUP BY 1
Executing (default): SELECT pk.constraint_type as "Constraint",c.column_name as "Field", c.column_default as "Default",c.is_nullable as "Null", (CASE WHEN c.udt_name = 'hstore' THEN c.udt_name ELSE c.data_type END) || (CASE WHEN c.character_maximum_length IS NOT NULL THEN '(' || c.character_maximum_length || ')' ELSE '' END) as "Type", (SELECT array_agg(e.enumlabel) FROM pg_catalog.pg_type t JOIN pg_catalog.pg_enum e ON t.oid=e.enumtypid WHERE t.typname=c.udt_name) AS "special", (SELECT pgd.description FROM pg_catalog.pg_statio_all_tables AS st INNER JOIN pg_catalog.pg_description pgd on (pgd.objoid=st.relid) WHERE c.ordinal_position=pgd.objsubid AND c.table_name=st.relname) AS "Comment" FROM information_schema.columns c LEFT JOIN (SELECT tc.table_schema, tc.table_name, cu.column_name, tc.constraint_type FROM information_schema.TABLE_CONSTRAINTS tc JOIN information_schema.KEY_COLUMN_USAGE  cu ON tc.table_schema=cu.table_schema and tc.table_name=cu.table_name and tc.constraint_name=cu.constraint_name and tc.constraint_type='PRIMARY KEY') pk ON pk.table_schema=c.table_schema AND pk.table_name=c.table_name AND pk.column_name=c.column_name WHERE c.table_name = 'channel_members' AND c.table_schema = 'public'
Executing (default): SELECT DISTINCT tc.constraint_name as constraint_name, tc.constraint_schema as constraint_schema, tc.constraint_catalog as constraint_catalog, tc.table_name as table_name,tc.table_schema as table_schema,tc.table_catalog as table_catalog,tc.initially_deferred as initially_deferred,tc.is_deferrable as is_deferrable,kcu.column_name as column_name,ccu.table_schema  AS referenced_table_schema,ccu.table_catalog  AS referenced_table_catalog,ccu.table_name  AS referenced_table_name,ccu.column_name AS referenced_column_name FROM information_schema.table_constraints AS tc JOIN information_schema.key_column_usage AS kcu ON tc.constraint_name = kcu.constraint_name JOIN information_schema.constraint_column_usage AS ccu ON ccu.constraint_name = tc.constraint_name WHERE constraint_type = 'FOREIGN KEY' AND tc.table_name = 'channel_members' AND tc.table_catalog = 'rad5_communication'
Executing (default): SELECT t.typname enum_name, array_agg(e.enumlabel ORDER BY enumsortorder) enum_value FROM pg_type t JOIN pg_enum e ON t.oid = e.enumtypid JOIN pg_catalog.pg_namespace n ON n.oid = t.typnamespace WHERE n.nspname = 'public' AND t.typname='enum_users_lastSeen' GROUP BY 1
Executing (default): SELECT t.typname enum_name, array_agg(e.enumlabel ORDER BY enumsortorder) enum_value FROM pg_type t JOIN pg_enum e ON t.oid = e.enumtypid JOIN pg_catalog.pg_namespace n ON n.oid = t.typnamespace WHERE n.nspname = 'public' AND t.typname='enum_users_profileVisibility' GROUP BY 1
Executing (default): SELECT i.relname AS name, ix.indisprimary AS primary, ix.indisunique AS unique, ix.indkey AS indkey, array_agg(a.attnum) as column_indexes, array_agg(a.attname) AS column_names, pg_get_indexdef(ix.indexrelid) AS definition FROM pg_class t, pg_class i, pg_index ix, pg_attribute a WHERE t.oid = ix.indrelid AND i.oid = ix.indexrelid AND a.attrelid = t.oid AND t.relkind = 'r' and t.relname = 'users' GROUP BY i.relname, ix.indexrelid, ix.indisprimary, ix.indisunique, ix.indkey ORDER BY i.relname;
Executing (default): SELECT table_name FROM information_schema.tables WHERE table_schema = 'public' AND table_name = 'channels'
Executing (default): SELECT i.relname AS name, ix.indisprimary AS primary, ix.indisunique AS unique, ix.indkey AS indkey, array_agg(a.attnum) as column_indexes, array_agg(a.attname) AS column_names, pg_get_indexdef(ix.indexrelid) AS definition FROM pg_class t, pg_class i, pg_index ix, pg_attribute a WHERE t.oid = ix.indrelid AND i.oid = ix.indexrelid AND a.attrelid = t.oid AND t.relkind = 'r' and t.relname = 'channels' GROUP BY i.relname, ix.indexrelid, ix.indisprimary, ix.indisunique, ix.indkey ORDER BY i.relname;
Executing (default): SELECT table_name FROM information_schema.tables WHERE table_schema = 'public' AND table_name = 'channel_members'
Executing (default): SELECT t.typname enum_name, array_agg(e.enumlabel ORDER BY enumsortorder) enum_value FROM pg_type t JOIN pg_enum e ON t.oid = e.enumtypid JOIN pg_catalog.pg_namespace n ON n.oid = t.typnamespace WHERE n.nspname = 'public' AND t.typname='enum_channel_members_role' GROUP BY 1
Executing (default): SELECT i.relname AS name, ix.indisprimary AS primary, ix.indisunique AS unique, ix.indkey AS indkey, array_agg(a.attnum) as column_indexes, array_agg(a.attname) AS column_names, pg_get_indexdef(ix.indexrelid) AS definition FROM pg_class t, pg_class i, pg_index ix, pg_attribute a WHERE t.oid = ix.indrelid AND i.oid = ix.indexrelid AND a.attrelid = t.oid AND t.relkind = 'r' and t.relname = 'channel_members' GROUP BY i.relname, ix.indexrelid, ix.indisprimary, ix.indisunique, ix.indkey ORDER BY i.relname;
Executing (default): SELECT table_name FROM information_schema.tables WHERE table_schema = 'public' AND table_name = 'messages'
Executing (default): SELECT i.relname AS name, ix.indisprimary AS primary, ix.indisunique AS unique, ix.indkey AS indkey, array_agg(a.attnum) as column_indexes, array_agg(a.attname) AS column_names, pg_get_indexdef(ix.indexrelid) AS definition FROM pg_class t, pg_class i, pg_index ix, pg_attribute a WHERE t.oid = ix.indrelid AND i.oid = ix.indexrelid AND a.attrelid = t.oid AND t.relkind = 'r' and t.relname = 'messages' GROUP BY i.relname, ix.indexrelid, ix.indisprimary, ix.indisunique, ix.indkey ORDER BY i.relname;
Executing (default): SELECT table_name FROM information_schema.tables WHERE table_schema = 'public' AND table_name = 'reactions'
Executing (default): ALTER TABLE "channel_members" DROP CONSTRAINT "channel_members_channelId_fkey"
Executing (default): SELECT i.relname AS name, ix.indisprimary AS primary, ix.indisunique AS unique, ix.indkey AS indkey, array_agg(a.attnum) as column_indexes, array_agg(a.attname) AS column_names, pg_get_indexdef(ix.indexrelid) AS definition FROM pg_class t, pg_class i, pg_index ix, pg_attribute a WHERE t.oid = ix.indrelid AND i.oid = ix.indexrelid AND a.attrelid = t.oid AND t.relkind = 'r' and t.relname = 'reactions' GROUP BY i.relname, ix.indexrelid, ix.indisprimary, ix.indisunique, ix.indkey ORDER BY i.relname;
Executing (default): ALTER TABLE "channel_members" ALTER COLUMN "channelId" SET NOT NULL;ALTER TABLE "channel_members"  ADD FOREIGN KEY ("channelId") REFERENCES "channels" ("id") ON DELETE CASCADE ON UPDATE CASCADE;
Γ£à Database synchronized
Executing (default): ALTER TABLE "channel_members" DROP CONSTRAINT "channel_members_userId_fkey"
≡ƒÜÇ Server running on port 3333
≡ƒôí WebSocket available at ws://localhost:3333/ws
≡ƒôï API available at http://localhost:3333/api
Γ£à Test server started on port 3333
Executing (default): ALTER TABLE "channel_members" ALTER COLUMN "userId" SET NOT NULL;ALTER TABLE "channel_members"  ADD FOREIGN KEY ("userId") REFERENCES "users" ("id") ON DELETE CASCADE ON UPDATE CASCADE;
Executing (default): ALTER TABLE "channel_members" ALTER COLUMN "role" DROP NOT NULL;ALTER TABLE "channel_members" ALTER COLUMN "role" SET DEFAULT 'member';DO 'BEGIN CREATE TYPE "public"."enum_channel_members_role" AS ENUM(''admin'', ''member''); EXCEPTION WHEN duplicate_object THEN null; END';ALTER TABLE "channel_members" ALTER COLUMN "role" TYPE "public"."enum_channel_members_role" USING ("role"::"public"."enum_channel_members_role");
Executing (default): ALTER TABLE "channel_members" ALTER COLUMN "joinedAt" DROP NOT NULL;ALTER TABLE "channel_members" ALTER COLUMN "joinedAt" DROP DEFAULT;ALTER TABLE "channel_members" ALTER COLUMN "joinedAt" TYPE TIMESTAMP WITH TIME ZONE;
Executing (default): ALTER TABLE "channel_members" ALTER COLUMN "isArchived" DROP NOT NULL;ALTER TABLE "channel_members" ALTER COLUMN "isArchived" SET DEFAULT false;ALTER TABLE "channel_members" ALTER COLUMN "isArchived" TYPE BOOLEAN;
Executing (default): ALTER TABLE "channel_members" ALTER COLUMN "isStarred" DROP NOT NULL;ALTER TABLE "channel_members" ALTER COLUMN "isStarred" SET DEFAULT false;ALTER TABLE "channel_members" ALTER COLUMN "isStarred" TYPE BOOLEAN;
Executing (default): ALTER TABLE "channel_members" ALTER COLUMN "isMuted" DROP NOT NULL;ALTER TABLE "channel_members" ALTER COLUMN "isMuted" SET DEFAULT false;ALTER TABLE "channel_members" ALTER COLUMN "isMuted" TYPE BOOLEAN;
Executing (default): ALTER TABLE "channel_members" ALTER COLUMN "lastReadAt" DROP NOT NULL;ALTER TABLE "channel_members" ALTER COLUMN "lastReadAt" SET DEFAULT NULL;ALTER TABLE "channel_members" ALTER COLUMN "lastReadAt" TYPE TIMESTAMP WITH TIME ZONE;
Executing (default): SELECT i.relname AS name, ix.indisprimary AS primary, ix.indisunique AS unique, ix.indkey AS indkey, array_agg(a.attnum) as column_indexes, array_agg(a.attname) AS column_names, pg_get_indexdef(ix.indexrelid) AS definition FROM pg_class t, pg_class i, pg_index ix, pg_attribute a WHERE t.oid = ix.indrelid AND i.oid = ix.indexrelid AND a.attrelid = t.oid AND t.relkind = 'r' and t.relname = 'channel_members' GROUP BY i.relname, ix.indexrelid, ix.indisprimary, ix.indisunique, ix.indkey ORDER BY i.relname;
Executing (default): SELECT table_name FROM information_schema.tables WHERE table_schema = 'public' AND table_name = 'messages'
Executing (default): SELECT pk.constraint_type as "Constraint",c.column_name as "Field", c.column_default as "Default",c.is_nullable as "Null", (CASE WHEN c.udt_name = 'hstore' THEN c.udt_name ELSE c.data_type END) || (CASE WHEN c.character_maximum_length IS NOT NULL THEN '(' || c.character_maximum_length || ')' ELSE '' END) as "Type", (SELECT array_agg(e.enumlabel) FROM pg_catalog.pg_type t JOIN pg_catalog.pg_enum e ON t.oid=e.enumtypid WHERE t.typname=c.udt_name) AS "special", (SELECT pgd.description FROM pg_catalog.pg_statio_all_tables AS st INNER JOIN pg_catalog.pg_description pgd on (pgd.objoid=st.relid) WHERE c.ordinal_position=pgd.objsubid AND c.table_name=st.relname) AS "Comment" FROM information_schema.columns c LEFT JOIN (SELECT tc.table_schema, tc.table_name, cu.column_name, tc.constraint_type FROM information_schema.TABLE_CONSTRAINTS tc JOIN information_schema.KEY_COLUMN_USAGE  cu ON tc.table_schema=cu.table_schema and tc.table_name=cu.table_name and tc.constraint_name=cu.constraint_name and tc.constraint_type='PRIMARY KEY') pk ON pk.table_schema=c.table_schema AND pk.table_name=c.table_name AND pk.column_name=c.column_name WHERE c.table_name = 'messages' AND c.table_schema = 'public'
Executing (default): SELECT DISTINCT tc.constraint_name as constraint_name, tc.constraint_schema as constraint_schema, tc.constraint_catalog as constraint_catalog, tc.table_name as table_name,tc.table_schema as table_schema,tc.table_catalog as table_catalog,tc.initially_deferred as initially_deferred,tc.is_deferrable as is_deferrable,kcu.column_name as column_name,ccu.table_schema  AS referenced_table_schema,ccu.table_catalog  AS referenced_table_catalog,ccu.table_name  AS referenced_table_name,ccu.column_name AS referenced_column_name FROM information_schema.table_constraints AS tc JOIN information_schema.key_column_usage AS kcu ON tc.constraint_name = kcu.constraint_name JOIN information_schema.constraint_column_usage AS ccu ON ccu.constraint_name = tc.constraint_name WHERE constraint_type = 'FOREIGN KEY' AND tc.table_name = 'messages' AND tc.table_catalog = 'rad5_communication'
Executing (default): ALTER TABLE "messages" DROP CONSTRAINT "messages_channelId_fkey"
Executing (default): ALTER TABLE "messages" ALTER COLUMN "channelId" SET NOT NULL;ALTER TABLE "messages"  ADD FOREIGN KEY ("channelId") REFERENCES "channels" ("id") ON DELETE NO ACTION ON UPDATE CASCADE;
Executing (default): ALTER TABLE "messages" DROP CONSTRAINT "messages_senderId_fkey"
Executing (default): ALTER TABLE "messages" ALTER COLUMN "senderId" SET NOT NULL;ALTER TABLE "messages"  ADD FOREIGN KEY ("senderId") REFERENCES "users" ("id") ON DELETE NO ACTION ON UPDATE CASCADE;
Executing (default): ALTER TABLE "messages" ALTER COLUMN "text" DROP NOT NULL;ALTER TABLE "messages" ALTER COLUMN "text" DROP DEFAULT;ALTER TABLE "messages" ALTER COLUMN "text" TYPE TEXT;
Executing (default): ALTER TABLE "messages" ALTER COLUMN "attachments" DROP NOT NULL;ALTER TABLE "messages" ALTER COLUMN "attachments" SET DEFAULT '[]';ALTER TABLE "messages" ALTER COLUMN "attachments" TYPE JSON;
Executing (default): ALTER TABLE "messages" ALTER COLUMN "audio" DROP NOT NULL;ALTER TABLE "messages" ALTER COLUMN "audio" DROP DEFAULT;ALTER TABLE "messages" ALTER COLUMN "audio" TYPE JSON;
Executing (default): ALTER TABLE "messages" ALTER COLUMN "poll" DROP NOT NULL;ALTER TABLE "messages" ALTER COLUMN "poll" DROP DEFAULT;ALTER TABLE "messages" ALTER COLUMN "poll" TYPE JSON;
Executing (default): ALTER TABLE "messages" ALTER COLUMN "isEdited" DROP NOT NULL;ALTER TABLE "messages" ALTER COLUMN "isEdited" SET DEFAULT false;ALTER TABLE "messages" ALTER COLUMN "isEdited" TYPE BOOLEAN;
Executing (default): ALTER TABLE "messages" ALTER COLUMN "isDeleted" DROP NOT NULL;ALTER TABLE "messages" ALTER COLUMN "isDeleted" SET DEFAULT false;ALTER TABLE "messages" ALTER COLUMN "isDeleted" TYPE BOOLEAN;
Executing (default): ALTER TABLE "messages" ALTER COLUMN "createdAt" SET NOT NULL;ALTER TABLE "messages" ALTER COLUMN "createdAt" DROP DEFAULT;ALTER TABLE "messages" ALTER COLUMN "createdAt" TYPE TIMESTAMP WITH TIME ZONE;
Executing (default): ALTER TABLE "messages" ALTER COLUMN "updatedAt" SET NOT NULL;ALTER TABLE "messages" ALTER COLUMN "updatedAt" DROP DEFAULT;ALTER TABLE "messages" ALTER COLUMN "updatedAt" TYPE TIMESTAMP WITH TIME ZONE;
Executing (default): SELECT i.relname AS name, ix.indisprimary AS primary, ix.indisunique AS unique, ix.indkey AS indkey, array_agg(a.attnum) as column_indexes, array_agg(a.attname) AS column_names, pg_get_indexdef(ix.indexrelid) AS definition FROM pg_class t, pg_class i, pg_index ix, pg_attribute a WHERE t.oid = ix.indrelid AND i.oid = ix.indexrelid AND a.attrelid = t.oid AND t.relkind = 'r' and t.relname = 'messages' GROUP BY i.relname, ix.indexrelid, ix.indisprimary, ix.indisunique, ix.indkey ORDER BY i.relname;
Executing (default): SELECT table_name FROM information_schema.tables WHERE table_schema = 'public' AND table_name = 'reactions'
Executing (default): SELECT pk.constraint_type as "Constraint",c.column_name as "Field", c.column_default as "Default",c.is_nullable as "Null", (CASE WHEN c.udt_name = 'hstore' THEN c.udt_name ELSE c.data_type END) || (CASE WHEN c.character_maximum_length IS NOT NULL THEN '(' || c.character_maximum_length || ')' ELSE '' END) as "Type", (SELECT array_agg(e.enumlabel) FROM pg_catalog.pg_type t JOIN pg_catalog.pg_enum e ON t.oid=e.enumtypid WHERE t.typname=c.udt_name) AS "special", (SELECT pgd.description FROM pg_catalog.pg_statio_all_tables AS st INNER JOIN pg_catalog.pg_description pgd on (pgd.objoid=st.relid) WHERE c.ordinal_position=pgd.objsubid AND c.table_name=st.relname) AS "Comment" FROM information_schema.columns c LEFT JOIN (SELECT tc.table_schema, tc.table_name, cu.column_name, tc.constraint_type FROM information_schema.TABLE_CONSTRAINTS tc JOIN information_schema.KEY_COLUMN_USAGE  cu ON tc.table_schema=cu.table_schema and tc.table_name=cu.table_name and tc.constraint_name=cu.constraint_name and tc.constraint_type='PRIMARY KEY') pk ON pk.table_schema=c.table_schema AND pk.table_name=c.table_name AND pk.column_name=c.column_name WHERE c.table_name = 'reactions' AND c.table_schema = 'public'
Executing (default): SELECT DISTINCT tc.constraint_name as constraint_name, tc.constraint_schema as constraint_schema, tc.constraint_catalog as constraint_catalog, tc.table_name as table_name,tc.table_schema as table_schema,tc.table_catalog as table_catalog,tc.initially_deferred as initially_deferred,tc.is_deferrable as is_deferrable,kcu.column_name as column_name,ccu.table_schema  AS referenced_table_schema,ccu.table_catalog  AS referenced_table_catalog,ccu.table_name  AS referenced_table_name,ccu.column_name AS referenced_column_name FROM information_schema.table_constraints AS tc JOIN information_schema.key_column_usage AS kcu ON tc.constraint_name = kcu.constraint_name JOIN information_schema.constraint_column_usage AS ccu ON ccu.constraint_name = tc.constraint_name WHERE constraint_type = 'FOREIGN KEY' AND tc.table_name = 'reactions' AND tc.table_catalog = 'rad5_communication'
Executing (default): ALTER TABLE "reactions" DROP CONSTRAINT "reactions_messageId_fkey"
Executing (default): ALTER TABLE "reactions" ALTER COLUMN "messageId" SET NOT NULL;ALTER TABLE "reactions"  ADD FOREIGN KEY ("messageId") REFERENCES "messages" ("id") ON DELETE NO ACTION ON UPDATE CASCADE;
Executing (default): ALTER TABLE "reactions" DROP CONSTRAINT "reactions_userId_fkey"
Executing (default): ALTER TABLE "reactions" ALTER COLUMN "userId" SET NOT NULL;ALTER TABLE "reactions"  ADD FOREIGN KEY ("userId") REFERENCES "users" ("id") ON DELETE NO ACTION ON UPDATE CASCADE;
Executing (default): ALTER TABLE "reactions" ALTER COLUMN "emoji" SET NOT NULL;ALTER TABLE "reactions" ALTER COLUMN "emoji" DROP DEFAULT;ALTER TABLE "reactions" ALTER COLUMN "emoji" TYPE VARCHAR(50);
Executing (default): ALTER TABLE "reactions" ALTER COLUMN "createdAt" SET NOT NULL;ALTER TABLE "reactions" ALTER COLUMN "createdAt" DROP DEFAULT;ALTER TABLE "reactions" ALTER COLUMN "createdAt" TYPE TIMESTAMP WITH TIME ZONE;
Executing (default): SELECT i.relname AS name, ix.indisprimary AS primary, ix.indisunique AS unique, ix.indkey AS indkey, array_agg(a.attnum) as column_indexes, array_agg(a.attname) AS column_names, pg_get_indexdef(ix.indexrelid) AS definition FROM pg_class t, pg_class i, pg_index ix, pg_attribute a WHERE t.oid = ix.indrelid AND i.oid = ix.indexrelid AND a.attrelid = t.oid AND t.relkind = 'r' and t.relname = 'reactions' GROUP BY i.relname, ix.indexrelid, ix.indisprimary, ix.indisunique, ix.indkey ORDER BY i.relname;
Γ£à Database synchronized

# Unhandled error between 
tests
----------------------------
---
46 |     }
47 |   }
48 |   let er;
49 |   if (args.length > 0)
50 |     er = args[0];
51 |     throw er;
                 ^
error: Failed to start 
server. Is port 3333 in use?
      at emitError 
(node:events:51:13)
----------------------------
---

Executing (default): SELECT "id", "name", "email", "password", "avatar", "bio", "lastSeen", "profileVisibility", "readReceipts", "typingIndicators", "notificationSettings", "resetToken", "resetTokenExpiry", "isOnline", "lastActive", "createdAt", "updatedAt" FROM "users" AS "User" WHERE "User"."email" = 'test-1769777519256@example.com';
Executing (default): INSERT INTO "users" ("id","name","email","password","lastSeen","profileVisibility","readReceipts","typingIndicators","notificationSettings","isOnline","lastActive","createdAt","updatedAt") VALUES ($1,$2,$3,$4,$5,$6,$7,$8,$9,$10,$11,$12,$13) RETURNING "id","name","email","password","avatar","bio","lastSeen","profileVisibility","readReceipts","typingIndicators","notificationSettings","resetToken","resetTokenExpiry","isOnline","lastActive","createdAt","updatedAt";
(pass) Auth Endpoints > 
POST /api/auth/signup > 
should create a new user 
[422.00ms]
Executing (default): SELECT "id", "name", "email", "password", "avatar", "bio", "lastSeen", "profileVisibility", "readReceipts", "typingIndicators", "notificationSettings", "resetToken", "resetTokenExpiry", "isOnline", "lastActive", "createdAt", "updatedAt" FROM "users" AS "User" WHERE "User"."email" = 'test-1769777519256@example.com';
(pass) Auth Endpoints > 
POST /api/auth/signup > 
should reject duplicate 
email [16.00ms]
(pass) Auth Endpoints > 
POST /api/auth/signup > 
should reject weak password
(pass) Auth Endpoints > 
POST /api/auth/signup > 
should reject invalid email
Executing (default): SELECT "id", "name", "email", "password", "avatar", "bio", "lastSeen", "profileVisibility", "readReceipts", "typingIndicators", "notificationSettings", "resetToken", "resetTokenExpiry", "isOnline", "lastActive", "createdAt", "updatedAt" FROM "users" AS "User" WHERE "User"."email" = 'test-1769777519256@example.com';
Executing (default): UPDATE "users" SET "lastActive"=$1,"isOnline"=$2,"updatedAt"=$3 WHERE "id" = $4
(pass) Auth Endpoints > 
POST /api/auth/login > 
should login with valid 
credentials [250.00ms]
Executing (default): SELECT "id", "name", "email", "password", "avatar", "bio", "lastSeen", "profileVisibility", "readReceipts", "typingIndicators", "notificationSettings", "resetToken", "resetTokenExpiry", "isOnline", "lastActive", "createdAt", "updatedAt" FROM "users" AS "User" WHERE "User"."email" = 'test-1769777519256@example.com';
DNSException: getaddrinfo 
ENOTFOUND
 syscall: "getaddrinfo",
   errno: 4,
 command: "CONN",
    code: "EDNS"


(pass) Auth Endpoints > 
POST /api/auth/login > 
should reject invalid 
password [187.00ms]
Executing (default): SELECT "id", "name", "email", "password", "avatar", "bio", "lastSeen", "profileVisibility", "readReceipts", "typingIndicators", "notificationSettings", "resetToken", "resetTokenExpiry", "isOnline", "lastActive", "createdAt", "updatedAt" FROM "users" AS "User" WHERE "User"."email" = 'nonexistent@example.com';
(pass) Auth Endpoints > 
POST /api/auth/login > 
should reject non-existent 
user
Executing (default): SELECT "id", "name", "email", "password", "avatar", "bio", "lastSeen", "profileVisibility", "readReceipts", "typingIndicators", "notificationSettings", "resetToken", "resetTokenExpiry", "isOnline", "lastActive", "createdAt", "updatedAt" FROM "users" AS "User" WHERE "User"."email" = 'test-1769777519256@example.com';
Executing (default): UPDATE "users" SET "resetToken"=$1,"resetTokenExpiry"=$2,"updatedAt"=$3 WHERE "id" = $4
(pass) Auth Endpoints > 
POST 
/api/auth/forgot-password > 
should accept valid email 
[16.00ms]
Executing (default): SELECT "id", "name", "email", "password", "avatar", "bio", "lastSeen", "profileVisibility", "readReceipts", "typingIndicators", "notificationSettings", "resetToken", "resetTokenExpiry", "isOnline", "lastActive", "createdAt", "updatedAt" FROM "users" AS "User" WHERE "User"."email" = 'nonexistent@example.com';
(pass) Auth Endpoints > 
POST 
/api/auth/forgot-password > 
should accept non-existent 
email (security) [31.00ms]
Γ£à Test server stopped

tests\channels.test.ts:
Γ£à Loaded environment variables from .env
Executing (default): SELECT 1+1 AS result
Γ£à PostgreSQL connected successfully
Executing (default): SELECT table_name FROM information_schema.tables WHERE table_schema = 'public' AND table_name = 'users'
Executing (default): SELECT t.typname enum_name, array_agg(e.enumlabel ORDER BY enumsortorder) enum_value FROM pg_type t JOIN pg_enum e ON t.oid = e.enumtypid JOIN pg_catalog.pg_namespace n ON n.oid = t.typnamespace WHERE n.nspname = 'public' AND t.typname='enum_users_lastSeen' GROUP BY 1
Executing (default): SELECT t.typname enum_name, array_agg(e.enumlabel ORDER BY enumsortorder) enum_value FROM pg_type t JOIN pg_enum e ON t.oid = e.enumtypid JOIN pg_catalog.pg_namespace n ON n.oid = t.typnamespace WHERE n.nspname = 'public' AND t.typname='enum_users_profileVisibility' GROUP BY 1
Executing (default): SELECT pk.constraint_type as "Constraint",c.column_name as "Field", c.column_default as "Default",c.is_nullable as "Null", (CASE WHEN c.udt_name = 'hstore' THEN c.udt_name ELSE c.data_type END) || (CASE WHEN c.character_maximum_length IS NOT NULL THEN '(' || c.character_maximum_length || ')' ELSE '' END) as "Type", (SELECT array_agg(e.enumlabel) FROM pg_catalog.pg_type t JOIN pg_catalog.pg_enum e ON t.oid=e.enumtypid WHERE t.typname=c.udt_name) AS "special", (SELECT pgd.description FROM pg_catalog.pg_statio_all_tables AS st INNER JOIN pg_catalog.pg_description pgd on (pgd.objoid=st.relid) WHERE c.ordinal_position=pgd.objsubid AND c.table_name=st.relname) AS "Comment" FROM information_schema.columns c LEFT JOIN (SELECT tc.table_schema, tc.table_name, cu.column_name, tc.constraint_type FROM information_schema.TABLE_CONSTRAINTS tc JOIN information_schema.KEY_COLUMN_USAGE  cu ON tc.table_schema=cu.table_schema and tc.table_name=cu.table_name and tc.constraint_name=cu.constraint_name and tc.constraint_type='PRIMARY KEY') pk ON pk.table_schema=c.table_schema AND pk.table_name=c.table_name AND pk.column_name=c.column_name WHERE c.table_name = 'users' AND c.table_schema = 'public'
Executing (default): SELECT DISTINCT tc.constraint_name as constraint_name, tc.constraint_schema as constraint_schema, tc.constraint_catalog as constraint_catalog, tc.table_name as table_name,tc.table_schema as table_schema,tc.table_catalog as table_catalog,tc.initially_deferred as initially_deferred,tc.is_deferrable as is_deferrable,kcu.column_name as column_name,ccu.table_schema  AS referenced_table_schema,ccu.table_catalog  AS referenced_table_catalog,ccu.table_name  AS referenced_table_name,ccu.column_name AS referenced_column_name FROM information_schema.table_constraints AS tc JOIN information_schema.key_column_usage AS kcu ON tc.constraint_name = kcu.constraint_name JOIN information_schema.constraint_column_usage AS ccu ON ccu.constraint_name = tc.constraint_name WHERE constraint_type = 'FOREIGN KEY' AND tc.table_name = 'users' AND tc.table_catalog = 'rad5_communication'
Failed to send password 
reset email: DNSException: 
getaddrinfo ENOTFOUND
 syscall: "getaddrinfo",
   errno: 4,
 command: "CONN",
    code: "EDNS"


Executing (default): ALTER TABLE "users" ALTER COLUMN "name" SET NOT NULL;ALTER TABLE "users" ALTER COLUMN "name" DROP DEFAULT;ALTER TABLE "users" ALTER COLUMN "name" TYPE VARCHAR(100);
Executing (default): ALTER TABLE "users" ALTER COLUMN "email" SET NOT NULL;ALTER TABLE "users" ALTER COLUMN "email" DROP DEFAULT;ALTER TABLE "users"  ADD UNIQUE ("email");ALTER TABLE "users" ALTER COLUMN "email" TYPE VARCHAR(255)  ;
Executing (default): ALTER TABLE "users" ALTER COLUMN "password" SET NOT NULL;ALTER TABLE "users" ALTER COLUMN "password" DROP DEFAULT;ALTER TABLE "users" ALTER COLUMN "password" TYPE VARCHAR(255);
Executing (default): ALTER TABLE "users" ALTER COLUMN "avatar" DROP NOT NULL;ALTER TABLE "users" ALTER COLUMN "avatar" DROP DEFAULT;ALTER TABLE "users" ALTER COLUMN "avatar" TYPE VARCHAR(500);
Executing (default): ALTER TABLE "users" ALTER COLUMN "bio" DROP NOT NULL;ALTER TABLE "users" ALTER COLUMN "bio" DROP DEFAULT;ALTER TABLE "users" ALTER COLUMN "bio" TYPE VARCHAR(500);
Executing (default): ALTER TABLE "users" ALTER COLUMN "lastSeen" DROP NOT NULL;ALTER TABLE "users" ALTER COLUMN "lastSeen" SET DEFAULT 'everyone';DO 'BEGIN CREATE TYPE "public"."enum_users_lastSeen" AS ENUM(''everyone'', ''contacts'', ''nobody''); EXCEPTION WHEN duplicate_object THEN null; END';ALTER TABLE "users" ALTER COLUMN "lastSeen" TYPE "public"."enum_users_lastSeen" USING ("lastSeen"::"public"."enum_users_lastSeen");
Executing (default): ALTER TABLE "users" ALTER COLUMN "profileVisibility" DROP NOT NULL;ALTER TABLE "users" ALTER COLUMN "profileVisibility" SET DEFAULT 'everyone';DO 'BEGIN CREATE TYPE "public"."enum_users_profileVisibility" AS ENUM(''everyone'', ''contacts'', ''nobody''); EXCEPTION WHEN duplicate_object THEN null; END';ALTER TABLE "users" ALTER COLUMN "profileVisibility" TYPE "public"."enum_users_profileVisibility" USING ("profileVisibility"::"public"."enum_users_profileVisibility");
Executing (default): ALTER TABLE "users" ALTER COLUMN "readReceipts" DROP NOT NULL;ALTER TABLE "users" ALTER COLUMN "readReceipts" SET DEFAULT true;ALTER TABLE "users" ALTER COLUMN "readReceipts" TYPE BOOLEAN;
Executing (default): ALTER TABLE "users" ALTER COLUMN "typingIndicators" DROP NOT NULL;ALTER TABLE "users" ALTER COLUMN "typingIndicators" SET DEFAULT true;ALTER TABLE "users" ALTER COLUMN "typingIndicators" TYPE BOOLEAN;
Executing (default): ALTER TABLE "users" ALTER COLUMN "notificationSettings" DROP NOT NULL;ALTER TABLE "users" ALTER COLUMN "notificationSettings" SET DEFAULT '{"messages":true,"groups":true,"sounds":true}';ALTER TABLE "users" ALTER COLUMN "notificationSettings" TYPE JSON;
Executing (default): ALTER TABLE "users" ALTER COLUMN "resetToken" DROP NOT NULL;ALTER TABLE "users" ALTER COLUMN "resetToken" DROP DEFAULT;ALTER TABLE "users" ALTER COLUMN "resetToken" TYPE VARCHAR(255);
Executing (default): ALTER TABLE "users" ALTER COLUMN "resetTokenExpiry" DROP NOT NULL;ALTER TABLE "users" ALTER COLUMN "resetTokenExpiry" DROP DEFAULT;ALTER TABLE "users" ALTER COLUMN "resetTokenExpiry" TYPE TIMESTAMP WITH TIME ZONE;
Executing (default): ALTER TABLE "users" ALTER COLUMN "isOnline" DROP NOT NULL;ALTER TABLE "users" ALTER COLUMN "isOnline" SET DEFAULT false;ALTER TABLE "users" ALTER COLUMN "isOnline" TYPE BOOLEAN;
Executing (default): ALTER TABLE "users" ALTER COLUMN "lastActive" DROP NOT NULL;ALTER TABLE "users" ALTER COLUMN "lastActive" DROP DEFAULT;ALTER TABLE "users" ALTER COLUMN "lastActive" TYPE TIMESTAMP WITH TIME ZONE;
Executing (default): ALTER TABLE "users" ALTER COLUMN "createdAt" SET NOT NULL;ALTER TABLE "users" ALTER COLUMN "createdAt" DROP DEFAULT;ALTER TABLE "users" ALTER COLUMN "createdAt" TYPE TIMESTAMP WITH TIME ZONE;
Executing (default): ALTER TABLE "users" ALTER COLUMN "updatedAt" SET NOT NULL;ALTER TABLE "users" ALTER COLUMN "updatedAt" DROP DEFAULT;ALTER TABLE "users" ALTER COLUMN "updatedAt" TYPE TIMESTAMP WITH TIME ZONE;
Executing (default): SELECT i.relname AS name, ix.indisprimary AS primary, ix.indisunique AS unique, ix.indkey AS indkey, array_agg(a.attnum) as column_indexes, array_agg(a.attname) AS column_names, pg_get_indexdef(ix.indexrelid) AS definition FROM pg_class t, pg_class i, pg_index ix, pg_attribute a WHERE t.oid = ix.indrelid AND i.oid = ix.indexrelid AND a.attrelid = t.oid AND t.relkind = 'r' and t.relname = 'users' GROUP BY i.relname, ix.indexrelid, ix.indisprimary, ix.indisunique, ix.indkey ORDER BY i.relname;
Executing (default): SELECT table_name FROM information_schema.tables WHERE table_schema = 'public' AND table_name = 'channels'
Executing (default): SELECT pk.constraint_type as "Constraint",c.column_name as "Field", c.column_default as "Default",c.is_nullable as "Null", (CASE WHEN c.udt_name = 'hstore' THEN c.udt_name ELSE c.data_type END) || (CASE WHEN c.character_maximum_length IS NOT NULL THEN '(' || c.character_maximum_length || ')' ELSE '' END) as "Type", (SELECT array_agg(e.enumlabel) FROM pg_catalog.pg_type t JOIN pg_catalog.pg_enum e ON t.oid=e.enumtypid WHERE t.typname=c.udt_name) AS "special", (SELECT pgd.description FROM pg_catalog.pg_statio_all_tables AS st INNER JOIN pg_catalog.pg_description pgd on (pgd.objoid=st.relid) WHERE c.ordinal_position=pgd.objsubid AND c.table_name=st.relname) AS "Comment" FROM information_schema.columns c LEFT JOIN (SELECT tc.table_schema, tc.table_name, cu.column_name, tc.constraint_type FROM information_schema.TABLE_CONSTRAINTS tc JOIN information_schema.KEY_COLUMN_USAGE  cu ON tc.table_schema=cu.table_schema and tc.table_name=cu.table_name and tc.constraint_name=cu.constraint_name and tc.constraint_type='PRIMARY KEY') pk ON pk.table_schema=c.table_schema AND pk.table_name=c.table_name AND pk.column_name=c.column_name WHERE c.table_name = 'channels' AND c.table_schema = 'public'
Executing (default): SELECT DISTINCT tc.constraint_name as constraint_name, tc.constraint_schema as constraint_schema, tc.constraint_catalog as constraint_catalog, tc.table_name as table_name,tc.table_schema as table_schema,tc.table_catalog as table_catalog,tc.initially_deferred as initially_deferred,tc.is_deferrable as is_deferrable,kcu.column_name as column_name,ccu.table_schema  AS referenced_table_schema,ccu.table_catalog  AS referenced_table_catalog,ccu.table_name  AS referenced_table_name,ccu.column_name AS referenced_column_name FROM information_schema.table_constraints AS tc JOIN information_schema.key_column_usage AS kcu ON tc.constraint_name = kcu.constraint_name JOIN information_schema.constraint_column_usage AS ccu ON ccu.constraint_name = tc.constraint_name WHERE constraint_type = 'FOREIGN KEY' AND tc.table_name = 'channels' AND tc.table_catalog = 'rad5_communication'
Executing (default): ALTER TABLE "channels" ALTER COLUMN "name" SET NOT NULL;ALTER TABLE "channels" ALTER COLUMN "name" DROP DEFAULT;ALTER TABLE "channels" ALTER COLUMN "name" TYPE VARCHAR(100);
Executing (default): ALTER TABLE "channels" ALTER COLUMN "description" DROP NOT NULL;ALTER TABLE "channels" ALTER COLUMN "description" DROP DEFAULT;ALTER TABLE "channels" ALTER COLUMN "description" TYPE VARCHAR(500);
Executing (default): ALTER TABLE "channels" ALTER COLUMN "avatar" DROP NOT NULL;ALTER TABLE "channels" ALTER COLUMN "avatar" DROP DEFAULT;ALTER TABLE "channels" ALTER COLUMN "avatar" TYPE VARCHAR(500);
Executing (default): ALTER TABLE "channels" ALTER COLUMN "isGroup" DROP NOT NULL;ALTER TABLE "channels" ALTER COLUMN "isGroup" SET DEFAULT false;ALTER TABLE "channels" ALTER COLUMN "isGroup" TYPE BOOLEAN;
Executing (default): ALTER TABLE "channels" ALTER COLUMN "createdBy" SET NOT NULL;ALTER TABLE "channels"  ADD FOREIGN KEY ("createdBy") REFERENCES "users" ("id") ON DELETE NO ACTION ON UPDATE CASCADE;
Executing (default): ALTER TABLE "channels" ALTER COLUMN "createdAt" SET NOT NULL;ALTER TABLE "channels" ALTER COLUMN "createdAt" DROP DEFAULT;ALTER TABLE "channels" ALTER COLUMN "createdAt" TYPE TIMESTAMP WITH TIME ZONE;
Executing (default): ALTER TABLE "channels" ALTER COLUMN "updatedAt" SET NOT NULL;ALTER TABLE "channels" ALTER COLUMN "updatedAt" DROP DEFAULT;ALTER TABLE "channels" ALTER COLUMN "updatedAt" TYPE TIMESTAMP WITH TIME ZONE;
Executing (default): SELECT i.relname AS name, ix.indisprimary AS primary, ix.indisunique AS unique, ix.indkey AS indkey, array_agg(a.attnum) as column_indexes, array_agg(a.attname) AS column_names, pg_get_indexdef(ix.indexrelid) AS definition FROM pg_class t, pg_class i, pg_index ix, pg_attribute a WHERE t.oid = ix.indrelid AND i.oid = ix.indexrelid AND a.attrelid = t.oid AND t.relkind = 'r' and t.relname = 'channels' GROUP BY i.relname, ix.indexrelid, ix.indisprimary, ix.indisunique, ix.indkey ORDER BY i.relname;
Executing (default): SELECT table_name FROM information_schema.tables WHERE table_schema = 'public' AND table_name = 'channel_members'
Executing (default): SELECT t.typname enum_name, array_agg(e.enumlabel ORDER BY enumsortorder) enum_value FROM pg_type t JOIN pg_enum e ON t.oid = e.enumtypid JOIN pg_catalog.pg_namespace n ON n.oid = t.typnamespace WHERE n.nspname = 'public' AND t.typname='enum_channel_members_role' GROUP BY 1
Executing (default): SELECT pk.constraint_type as "Constraint",c.column_name as "Field", c.column_default as "Default",c.is_nullable as "Null", (CASE WHEN c.udt_name = 'hstore' THEN c.udt_name ELSE c.data_type END) || (CASE WHEN c.character_maximum_length IS NOT NULL THEN '(' || c.character_maximum_length || ')' ELSE '' END) as "Type", (SELECT array_agg(e.enumlabel) FROM pg_catalog.pg_type t JOIN pg_catalog.pg_enum e ON t.oid=e.enumtypid WHERE t.typname=c.udt_name) AS "special", (SELECT pgd.description FROM pg_catalog.pg_statio_all_tables AS st INNER JOIN pg_catalog.pg_description pgd on (pgd.objoid=st.relid) WHERE c.ordinal_position=pgd.objsubid AND c.table_name=st.relname) AS "Comment" FROM information_schema.columns c LEFT JOIN (SELECT tc.table_schema, tc.table_name, cu.column_name, tc.constraint_type FROM information_schema.TABLE_CONSTRAINTS tc JOIN information_schema.KEY_COLUMN_USAGE  cu ON tc.table_schema=cu.table_schema and tc.table_name=cu.table_name and tc.constraint_name=cu.constraint_name and tc.constraint_type='PRIMARY KEY') pk ON pk.table_schema=c.table_schema AND pk.table_name=c.table_name AND pk.column_name=c.column_name WHERE c.table_name = 'channel_members' AND c.table_schema = 'public'
Executing (default): SELECT DISTINCT tc.constraint_name as constraint_name, tc.constraint_schema as constraint_schema, tc.constraint_catalog as constraint_catalog, tc.table_name as table_name,tc.table_schema as table_schema,tc.table_catalog as table_catalog,tc.initially_deferred as initially_deferred,tc.is_deferrable as is_deferrable,kcu.column_name as column_name,ccu.table_schema  AS referenced_table_schema,ccu.table_catalog  AS referenced_table_catalog,ccu.table_name  AS referenced_table_name,ccu.column_name AS referenced_column_name FROM information_schema.table_constraints AS tc JOIN information_schema.key_column_usage AS kcu ON tc.constraint_name = kcu.constraint_name JOIN information_schema.constraint_column_usage AS ccu ON ccu.constraint_name = tc.constraint_name WHERE constraint_type = 'FOREIGN KEY' AND tc.table_name = 'channel_members' AND tc.table_catalog = 'rad5_communication'
Executing (default): ALTER TABLE "channel_members" DROP CONSTRAINT "channel_members_channelId_fkey"
Executing (default): ALTER TABLE "channel_members" ALTER COLUMN "channelId" SET NOT NULL;ALTER TABLE "channel_members"  ADD FOREIGN KEY ("channelId") REFERENCES "channels" ("id") ON DELETE CASCADE ON UPDATE CASCADE;
Executing (default): ALTER TABLE "channel_members" DROP CONSTRAINT "channel_members_userId_fkey"
Executing (default): ALTER TABLE "channel_members" ALTER COLUMN "userId" SET NOT NULL;ALTER TABLE "channel_members"  ADD FOREIGN KEY ("userId") REFERENCES "users" ("id") ON DELETE CASCADE ON UPDATE CASCADE;
Executing (default): ALTER TABLE "channel_members" ALTER COLUMN "role" DROP NOT NULL;ALTER TABLE "channel_members" ALTER COLUMN "role" SET DEFAULT 'member';DO 'BEGIN CREATE TYPE "public"."enum_channel_members_role" AS ENUM(''admin'', ''member''); EXCEPTION WHEN duplicate_object THEN null; END';ALTER TABLE "channel_members" ALTER COLUMN "role" TYPE "public"."enum_channel_members_role" USING ("role"::"public"."enum_channel_members_role");
Executing (default): ALTER TABLE "channel_members" ALTER COLUMN "joinedAt" DROP NOT NULL;ALTER TABLE "channel_members" ALTER COLUMN "joinedAt" DROP DEFAULT;ALTER TABLE "channel_members" ALTER COLUMN "joinedAt" TYPE TIMESTAMP WITH TIME ZONE;
Executing (default): ALTER TABLE "channel_members" ALTER COLUMN "isArchived" DROP NOT NULL;ALTER TABLE "channel_members" ALTER COLUMN "isArchived" SET DEFAULT false;ALTER TABLE "channel_members" ALTER COLUMN "isArchived" TYPE BOOLEAN;
Executing (default): ALTER TABLE "channel_members" ALTER COLUMN "isStarred" DROP NOT NULL;ALTER TABLE "channel_members" ALTER COLUMN "isStarred" SET DEFAULT false;ALTER TABLE "channel_members" ALTER COLUMN "isStarred" TYPE BOOLEAN;
Executing (default): ALTER TABLE "channel_members" ALTER COLUMN "isMuted" DROP NOT NULL;ALTER TABLE "channel_members" ALTER COLUMN "isMuted" SET DEFAULT false;ALTER TABLE "channel_members" ALTER COLUMN "isMuted" TYPE BOOLEAN;
Executing (default): ALTER TABLE "channel_members" ALTER COLUMN "lastReadAt" DROP NOT NULL;ALTER TABLE "channel_members" ALTER COLUMN "lastReadAt" SET DEFAULT NULL;ALTER TABLE "channel_members" ALTER COLUMN "lastReadAt" TYPE TIMESTAMP WITH TIME ZONE;
Executing (default): SELECT i.relname AS name, ix.indisprimary AS primary, ix.indisunique AS unique, ix.indkey AS indkey, array_agg(a.attnum) as column_indexes, array_agg(a.attname) AS column_names, pg_get_indexdef(ix.indexrelid) AS definition FROM pg_class t, pg_class i, pg_index ix, pg_attribute a WHERE t.oid = ix.indrelid AND i.oid = ix.indexrelid AND a.attrelid = t.oid AND t.relkind = 'r' and t.relname = 'channel_members' GROUP BY i.relname, ix.indexrelid, ix.indisprimary, ix.indisunique, ix.indkey ORDER BY i.relname;
Executing (default): SELECT table_name FROM information_schema.tables WHERE table_schema = 'public' AND table_name = 'messages'
Executing (default): SELECT pk.constraint_type as "Constraint",c.column_name as "Field", c.column_default as "Default",c.is_nullable as "Null", (CASE WHEN c.udt_name = 'hstore' THEN c.udt_name ELSE c.data_type END) || (CASE WHEN c.character_maximum_length IS NOT NULL THEN '(' || c.character_maximum_length || ')' ELSE '' END) as "Type", (SELECT array_agg(e.enumlabel) FROM pg_catalog.pg_type t JOIN pg_catalog.pg_enum e ON t.oid=e.enumtypid WHERE t.typname=c.udt_name) AS "special", (SELECT pgd.description FROM pg_catalog.pg_statio_all_tables AS st INNER JOIN pg_catalog.pg_description pgd on (pgd.objoid=st.relid) WHERE c.ordinal_position=pgd.objsubid AND c.table_name=st.relname) AS "Comment" FROM information_schema.columns c LEFT JOIN (SELECT tc.table_schema, tc.table_name, cu.column_name, tc.constraint_type FROM information_schema.TABLE_CONSTRAINTS tc JOIN information_schema.KEY_COLUMN_USAGE  cu ON tc.table_schema=cu.table_schema and tc.table_name=cu.table_name and tc.constraint_name=cu.constraint_name and tc.constraint_type='PRIMARY KEY') pk ON pk.table_schema=c.table_schema AND pk.table_name=c.table_name AND pk.column_name=c.column_name WHERE c.table_name = 'messages' AND c.table_schema = 'public'
Executing (default): SELECT DISTINCT tc.constraint_name as constraint_name, tc.constraint_schema as constraint_schema, tc.constraint_catalog as constraint_catalog, tc.table_name as table_name,tc.table_schema as table_schema,tc.table_catalog as table_catalog,tc.initially_deferred as initially_deferred,tc.is_deferrable as is_deferrable,kcu.column_name as column_name,ccu.table_schema  AS referenced_table_schema,ccu.table_catalog  AS referenced_table_catalog,ccu.table_name  AS referenced_table_name,ccu.column_name AS referenced_column_name FROM information_schema.table_constraints AS tc JOIN information_schema.key_column_usage AS kcu ON tc.constraint_name = kcu.constraint_name JOIN information_schema.constraint_column_usage AS ccu ON ccu.constraint_name = tc.constraint_name WHERE constraint_type = 'FOREIGN KEY' AND tc.table_name = 'messages' AND tc.table_catalog = 'rad5_communication'
Executing (default): ALTER TABLE "messages" DROP CONSTRAINT "messages_channelId_fkey"
Executing (default): ALTER TABLE "messages" ALTER COLUMN "channelId" SET NOT NULL;ALTER TABLE "messages"  ADD FOREIGN KEY ("channelId") REFERENCES "channels" ("id") ON DELETE NO ACTION ON UPDATE CASCADE;
Executing (default): ALTER TABLE "messages" DROP CONSTRAINT "messages_senderId_fkey"
Executing (default): ALTER TABLE "messages" ALTER COLUMN "senderId" SET NOT NULL;ALTER TABLE "messages"  ADD FOREIGN KEY ("senderId") REFERENCES "users" ("id") ON DELETE NO ACTION ON UPDATE CASCADE;
Executing (default): ALTER TABLE "messages" ALTER COLUMN "text" DROP NOT NULL;ALTER TABLE "messages" ALTER COLUMN "text" DROP DEFAULT;ALTER TABLE "messages" ALTER COLUMN "text" TYPE TEXT;
Executing (default): ALTER TABLE "messages" ALTER COLUMN "attachments" DROP NOT NULL;ALTER TABLE "messages" ALTER COLUMN "attachments" SET DEFAULT '[]';ALTER TABLE "messages" ALTER COLUMN "attachments" TYPE JSON;
Executing (default): ALTER TABLE "messages" ALTER COLUMN "audio" DROP NOT NULL;ALTER TABLE "messages" ALTER COLUMN "audio" DROP DEFAULT;ALTER TABLE "messages" ALTER COLUMN "audio" TYPE JSON;
Executing (default): ALTER TABLE "messages" ALTER COLUMN "poll" DROP NOT NULL;ALTER TABLE "messages" ALTER COLUMN "poll" DROP DEFAULT;ALTER TABLE "messages" ALTER COLUMN "poll" TYPE JSON;
Executing (default): ALTER TABLE "messages" ALTER COLUMN "isEdited" DROP NOT NULL;ALTER TABLE "messages" ALTER COLUMN "isEdited" SET DEFAULT false;ALTER TABLE "messages" ALTER COLUMN "isEdited" TYPE BOOLEAN;
Executing (default): ALTER TABLE "messages" ALTER COLUMN "isDeleted" DROP NOT NULL;ALTER TABLE "messages" ALTER COLUMN "isDeleted" SET DEFAULT false;ALTER TABLE "messages" ALTER COLUMN "isDeleted" TYPE BOOLEAN;
Executing (default): ALTER TABLE "messages" ALTER COLUMN "createdAt" SET NOT NULL;ALTER TABLE "messages" ALTER COLUMN "createdAt" DROP DEFAULT;ALTER TABLE "messages" ALTER COLUMN "createdAt" TYPE TIMESTAMP WITH TIME ZONE;
Executing (default): ALTER TABLE "messages" ALTER COLUMN "updatedAt" SET NOT NULL;ALTER TABLE "messages" ALTER COLUMN "updatedAt" DROP DEFAULT;ALTER TABLE "messages" ALTER COLUMN "updatedAt" TYPE TIMESTAMP WITH TIME ZONE;
Executing (default): SELECT i.relname AS name, ix.indisprimary AS primary, ix.indisunique AS unique, ix.indkey AS indkey, array_agg(a.attnum) as column_indexes, array_agg(a.attname) AS column_names, pg_get_indexdef(ix.indexrelid) AS definition FROM pg_class t, pg_class i, pg_index ix, pg_attribute a WHERE t.oid = ix.indrelid AND i.oid = ix.indexrelid AND a.attrelid = t.oid AND t.relkind = 'r' and t.relname = 'messages' GROUP BY i.relname, ix.indexrelid, ix.indisprimary, ix.indisunique, ix.indkey ORDER BY i.relname;
Executing (default): SELECT table_name FROM information_schema.tables WHERE table_schema = 'public' AND table_name = 'reactions'
Executing (default): SELECT pk.constraint_type as "Constraint",c.column_name as "Field", c.column_default as "Default",c.is_nullable as "Null", (CASE WHEN c.udt_name = 'hstore' THEN c.udt_name ELSE c.data_type END) || (CASE WHEN c.character_maximum_length IS NOT NULL THEN '(' || c.character_maximum_length || ')' ELSE '' END) as "Type", (SELECT array_agg(e.enumlabel) FROM pg_catalog.pg_type t JOIN pg_catalog.pg_enum e ON t.oid=e.enumtypid WHERE t.typname=c.udt_name) AS "special", (SELECT pgd.description FROM pg_catalog.pg_statio_all_tables AS st INNER JOIN pg_catalog.pg_description pgd on (pgd.objoid=st.relid) WHERE c.ordinal_position=pgd.objsubid AND c.table_name=st.relname) AS "Comment" FROM information_schema.columns c LEFT JOIN (SELECT tc.table_schema, tc.table_name, cu.column_name, tc.constraint_type FROM information_schema.TABLE_CONSTRAINTS tc JOIN information_schema.KEY_COLUMN_USAGE  cu ON tc.table_schema=cu.table_schema and tc.table_name=cu.table_name and tc.constraint_name=cu.constraint_name and tc.constraint_type='PRIMARY KEY') pk ON pk.table_schema=c.table_schema AND pk.table_name=c.table_name AND pk.column_name=c.column_name WHERE c.table_name = 'reactions' AND c.table_schema = 'public'
Executing (default): SELECT DISTINCT tc.constraint_name as constraint_name, tc.constraint_schema as constraint_schema, tc.constraint_catalog as constraint_catalog, tc.table_name as table_name,tc.table_schema as table_schema,tc.table_catalog as table_catalog,tc.initially_deferred as initially_deferred,tc.is_deferrable as is_deferrable,kcu.column_name as column_name,ccu.table_schema  AS referenced_table_schema,ccu.table_catalog  AS referenced_table_catalog,ccu.table_name  AS referenced_table_name,ccu.column_name AS referenced_column_name FROM information_schema.table_constraints AS tc JOIN information_schema.key_column_usage AS kcu ON tc.constraint_name = kcu.constraint_name JOIN information_schema.constraint_column_usage AS ccu ON ccu.constraint_name = tc.constraint_name WHERE constraint_type = 'FOREIGN KEY' AND tc.table_name = 'reactions' AND tc.table_catalog = 'rad5_communication'
Executing (default): ALTER TABLE "reactions" DROP CONSTRAINT "reactions_messageId_fkey"
Executing (default): ALTER TABLE "reactions" ALTER COLUMN "messageId" SET NOT NULL;ALTER TABLE "reactions"  ADD FOREIGN KEY ("messageId") REFERENCES "messages" ("id") ON DELETE NO ACTION ON UPDATE CASCADE;
Executing (default): ALTER TABLE "reactions" DROP CONSTRAINT "reactions_userId_fkey"
Executing (default): ALTER TABLE "reactions" ALTER COLUMN "userId" SET NOT NULL;ALTER TABLE "reactions"  ADD FOREIGN KEY ("userId") REFERENCES "users" ("id") ON DELETE NO ACTION ON UPDATE CASCADE;
Executing (default): ALTER TABLE "reactions" ALTER COLUMN "emoji" SET NOT NULL;ALTER TABLE "reactions" ALTER COLUMN "emoji" DROP DEFAULT;ALTER TABLE "reactions" ALTER COLUMN "emoji" TYPE VARCHAR(50);
Executing (default): ALTER TABLE "reactions" ALTER COLUMN "createdAt" SET NOT NULL;ALTER TABLE "reactions" ALTER COLUMN "createdAt" DROP DEFAULT;ALTER TABLE "reactions" ALTER COLUMN "createdAt" TYPE TIMESTAMP WITH TIME ZONE;
Executing (default): SELECT i.relname AS name, ix.indisprimary AS primary, ix.indisunique AS unique, ix.indkey AS indkey, array_agg(a.attnum) as column_indexes, array_agg(a.attname) AS column_names, pg_get_indexdef(ix.indexrelid) AS definition FROM pg_class t, pg_class i, pg_index ix, pg_attribute a WHERE t.oid = ix.indrelid AND i.oid = ix.indexrelid AND a.attrelid = t.oid AND t.relkind = 'r' and t.relname = 'reactions' GROUP BY i.relname, ix.indexrelid, ix.indisprimary, ix.indisunique, ix.indkey ORDER BY i.relname;
Γ£à Database synchronized
≡ƒÜÇ Server running on port 3333
≡ƒôí WebSocket available at ws://localhost:3333/ws
≡ƒôï API available at http://localhost:3333/api
Γ£à Test server started on port 3333
Executing (default): SELECT "id", "name", "email", "password", "avatar", "bio", "lastSeen", "profileVisibility", "readReceipts", "typingIndicators", "notificationSettings", "resetToken", "resetTokenExpiry", "isOnline", "lastActive", "createdAt", "updatedAt" FROM "users" AS "User" WHERE "User"."email" = 'channeltest-1769777524857@example.com';
Executing (default): INSERT INTO "users" ("id","name","email","password","lastSeen","profileVisibility","readReceipts","typingIndicators","notificationSettings","isOnline","lastActive","createdAt","updatedAt") VALUES ($1,$2,$3,$4,$5,$6,$7,$8,$9,$10,$11,$12,$13) RETURNING "id","name","email","password","avatar","bio","lastSeen","profileVisibility","readReceipts","typingIndicators","notificationSettings","resetToken","resetTokenExpiry","isOnline","lastActive","createdAt","updatedAt";
Executing (default): SELECT "id", "name", "email", "password", "avatar", "bio", "lastSeen", "profileVisibility", "readReceipts", "typingIndicators", "notificationSettings", "resetToken", "resetTokenExpiry", "isOnline", "lastActive", "createdAt", "updatedAt" FROM "users" AS "User" WHERE "User"."email" = 'othertest-1769777525049@example.com';
Executing (default): INSERT INTO "users" ("id","name","email","password","lastSeen","profileVisibility","readReceipts","typingIndicators","notificationSettings","isOnline","lastActive","createdAt","updatedAt") VALUES ($1,$2,$3,$4,$5,$6,$7,$8,$9,$10,$11,$12,$13) RETURNING "id","name","email","password","avatar","bio","lastSeen","profileVisibility","readReceipts","typingIndicators","notificationSettings","resetToken","resetTokenExpiry","isOnline","lastActive","createdAt","updatedAt";
DNSException: getaddrinfo 
ENOTFOUND
 syscall: "getaddrinfo",
   errno: 4,
 command: "CONN",
    code: "EDNS"


Executing (default): SELECT "id", "name", "email", "password", "avatar", "bio", "lastSeen", "profileVisibility", "readReceipts", "typingIndicators", "notificationSettings", "resetToken", "resetTokenExpiry", "isOnline", "lastActive", "createdAt", "updatedAt" FROM "users" AS "User" WHERE "User"."id" = '5a2d0705-e400-4db9-bbc0-871c46a08f61';
Executing (default): INSERT INTO "channels" ("id","name","description","isGroup","createdBy","createdAt","updatedAt") VALUES ($1,$2,$3,$4,$5,$6,$7) RETURNING "id","name","description","avatar","isGroup","createdBy","createdAt","updatedAt";
Executing (default): INSERT INTO "channel_members" ("id","channelId","userId","role","isArchived","isStarred","isMuted","lastReadAt","joinedAt") VALUES ($1,$2,$3,$4,$5,$6,$7,$8,$9) RETURNING "id","channelId","userId","role","isArchived","isStarred","isMuted","lastReadAt","joinedAt";
Executing (default): SELECT "Channel"."id", "Channel"."name", "Channel"."description", "Channel"."avatar", "Channel"."isGroup", "Channel"."createdBy", "Channel"."createdAt", "Channel"."updatedAt", "members"."id" AS "members.id", "members"."name" AS "members.name", "members"."avatar" AS "members.avatar", "members->ChannelMember"."id" AS "members.ChannelMember.id", "members->ChannelMember"."role" AS "members.ChannelMember.role" FROM "channels" AS "Channel" LEFT OUTER JOIN ( "channel_members" AS "members->ChannelMember" INNER JOIN "users" AS "members" ON "members"."id" = "members->ChannelMember"."userId") ON "Channel"."id" = "members->ChannelMember"."channelId" WHERE "Channel"."id" = '0285d2c4-6816-4907-98c3-e0c4e5a6a68e';
(pass) Channel Endpoints > 
POST /api/channels > should 
create a new channel 
[94.00ms]
Executing (default): SELECT "id", "name", "email", "password", "avatar", "bio", "lastSeen", "profileVisibility", "readReceipts", "typingIndicators", "notificationSettings", "resetToken", "resetTokenExpiry", "isOnline", "lastActive", "createdAt", "updatedAt" FROM "users" AS "User" WHERE "User"."id" = '5a2d0705-e400-4db9-bbc0-871c46a08f61';
(pass) Channel Endpoints > 
POST /api/channels > should 
reject channel without name
Executing (default): SELECT "id", "name", "email", "password", "avatar", "bio", "lastSeen", "profileVisibility", "readReceipts", "typingIndicators", "notificationSettings", "resetToken", "resetTokenExpiry", "isOnline", "lastActive", "createdAt", "updatedAt" FROM "users" AS "User" WHERE "User"."id" = '5a2d0705-e400-4db9-bbc0-871c46a08f61';
Executing (default): SELECT "ChannelMember"."id", "ChannelMember"."channelId", "ChannelMember"."userId", "ChannelMember"."role", "ChannelMember"."isArchived", "ChannelMember"."isStarred", "ChannelMember"."isMuted", "ChannelMember"."lastReadAt", "ChannelMember"."joinedAt", "channel"."id" AS "channel.id", "channel"."name" AS "channel.name", "channel"."description" AS "channel.description", "channel"."avatar" AS "channel.avatar", "channel"."isGroup" AS "channel.isGroup", "channel"."createdBy" AS "channel.createdBy", "channel"."createdAt" AS "channel.createdAt", "channel"."updatedAt" AS "channel.updatedAt", "channel->members"."id" AS "channel.members.id", "channel->members"."name" AS "channel.members.name", "channel->members"."avatar" AS "channel.members.avatar", "channel->members"."isOnline" AS "channel.members.isOnline", "channel->members->ChannelMember"."id" AS "channel.members.ChannelMember.id", "channel->members->ChannelMember"."role" AS "channel.members.ChannelMember.role" FROM "channel_members" AS "ChannelMember" LEFT OUTER JOIN "channels" AS "channel" ON "ChannelMember"."channelId" = "channel"."id" LEFT OUTER JOIN ( "channel_members" AS "channel->members->ChannelMember" INNER JOIN "users" AS "channel->members" ON "channel->members"."id" = "channel->members->ChannelMember"."userId") ON "channel"."id" = "channel->members->ChannelMember"."channelId" WHERE "ChannelMember"."userId" = '5a2d0705-e400-4db9-bbc0-871c46a08f61';
DNSException: getaddrinfo 
ENOTFOUND
 syscall: "getaddrinfo",
   errno: 4,
 command: "CONN",
    code: "EDNS"


Executing (default): SELECT count(*) AS "count" FROM "messages" AS "Message" WHERE "Message"."channelId" = '0285d2c4-6816-4907-98c3-e0c4e5a6a68e' AND "Message"."isDeleted" = false AND "Message"."senderId" != '5a2d0705-e400-4db9-bbc0-871c46a08f61';
(pass) Channel Endpoints > 
GET /api/channels > should 
return user channels 
[31.00ms]
Executing (default): SELECT "id", "name", "email", "password", "avatar", "bio", "lastSeen", "profileVisibility", "readReceipts", "typingIndicators", "notificationSettings", "resetToken", "resetTokenExpiry", "isOnline", "lastActive", "createdAt", "updatedAt" FROM "users" AS "User" WHERE "User"."id" = '5a2d0705-e400-4db9-bbc0-871c46a08f61';
Executing (default): SELECT "id", "channelId", "userId", "role", "isArchived", "isStarred", "isMuted", "lastReadAt", "joinedAt" FROM "channel_members" AS "ChannelMember" WHERE "ChannelMember"."channelId" = '0285d2c4-6816-4907-98c3-e0c4e5a6a68e' AND "ChannelMember"."userId" = '5a2d0705-e400-4db9-bbc0-871c46a08f61' LIMIT 1;
Executing (default): SELECT "Channel"."id", "Channel"."name", "Channel"."description", "Channel"."avatar", "Channel"."isGroup", "Channel"."createdBy", "Channel"."createdAt", "Channel"."updatedAt", "members"."id" AS "members.id", "members"."name" AS "members.name", "members"."avatar" AS "members.avatar", "members->ChannelMember"."id" AS "members.ChannelMember.id", "members->ChannelMember"."role" AS "members.ChannelMember.role" FROM "channels" AS "Channel" LEFT OUTER JOIN ( "channel_members" AS "members->ChannelMember" INNER JOIN "users" AS "members" ON "members"."id" = "members->ChannelMember"."userId") ON "Channel"."id" = "members->ChannelMember"."channelId" WHERE "Channel"."id" = '0285d2c4-6816-4907-98c3-e0c4e5a6a68e';
Executing (default): SELECT "attachments", "audio" FROM "messages" AS "Message" WHERE "Message"."channelId" = '0285d2c4-6816-4907-98c3-e0c4e5a6a68e' AND "Message"."isDeleted" = false;
(pass) Channel Endpoints > 
GET /api/channels/:id > 
should return channel 
details [31.00ms]
Executing (default): SELECT "id", "name", "email", "password", "avatar", "bio", "lastSeen", "profileVisibility", "readReceipts", "typingIndicators", "notificationSettings", "resetToken", "resetTokenExpiry", "isOnline", "lastActive", "createdAt", "updatedAt" FROM "users" AS "User" WHERE "User"."email" = 'other-1769777525420@example.com';
Executing (default): INSERT INTO "users" ("id","name","email","password","lastSeen","profileVisibility","readReceipts","typingIndicators","notificationSettings","isOnline","lastActive","createdAt","updatedAt") VALUES ($1,$2,$3,$4,$5,$6,$7,$8,$9,$10,$11,$12,$13) RETURNING "id","name","email","password","avatar","bio","lastSeen","profileVisibility","readReceipts","typingIndicators","notificationSettings","resetToken","resetTokenExpiry","isOnline","lastActive","createdAt","updatedAt";
Executing (default): SELECT "id", "name", "email", "password", "avatar", "bio", "lastSeen", "profileVisibility", "readReceipts", "typingIndicators", "notificationSettings", "resetToken", "resetTokenExpiry", "isOnline", "lastActive", "createdAt", "updatedAt" FROM "users" AS "User" WHERE "User"."id" = '6ceb1203-453d-4cf2-889f-ec2f74a41d26';
Executing (default): SELECT "id", "channelId", "userId", "role", "isArchived", "isStarred", "isMuted", "lastReadAt", "joinedAt" FROM "channel_members" AS "ChannelMember" WHERE "ChannelMember"."channelId" = '0285d2c4-6816-4907-98c3-e0c4e5a6a68e' AND "ChannelMember"."userId" = '6ceb1203-453d-4cf2-889f-ec2f74a41d26' LIMIT 1;
(pass) Channel Endpoints > 
GET /api/channels/:id > 
should reject non-member 
access [188.00ms]
Executing (default): SELECT "id", "name", "email", "password", "avatar", "bio", "lastSeen", "profileVisibility", "readReceipts", "typingIndicators", "notificationSettings", "resetToken", "resetTokenExpiry", "isOnline", "lastActive", "createdAt", "updatedAt" FROM "users" AS "User" WHERE "User"."id" = '5a2d0705-e400-4db9-bbc0-871c46a08f61';
Executing (default): SELECT "id", "channelId", "userId", "role", "isArchived", "isStarred", "isMuted", "lastReadAt", "joinedAt" FROM "channel_members" AS "ChannelMember" WHERE "ChannelMember"."channelId" = '0285d2c4-6816-4907-98c3-e0c4e5a6a68e' AND "ChannelMember"."userId" = '5a2d0705-e400-4db9-bbc0-871c46a08f61' LIMIT 1;
Executing (default): UPDATE "channel_members" SET "isArchived"=$1 WHERE "id" = $2
(pass) Channel Endpoints > 
POST 
/api/channels/:id/archive > 
should toggle archive 
status [15.00ms]
Executing (default): SELECT "id", "name", "email", "password", "avatar", "bio", "lastSeen", "profileVisibility", "readReceipts", "typingIndicators", "notificationSettings", "resetToken", "resetTokenExpiry", "isOnline", "lastActive", "createdAt", "updatedAt" FROM "users" AS "User" WHERE "User"."id" = '5a2d0705-e400-4db9-bbc0-871c46a08f61';
Executing (default): SELECT "id", "channelId", "userId", "role", "isArchived", "isStarred", "isMuted", "lastReadAt", "joinedAt" FROM "channel_members" AS "ChannelMember" WHERE "ChannelMember"."channelId" = '0285d2c4-6816-4907-98c3-e0c4e5a6a68e' AND "ChannelMember"."userId" = '5a2d0705-e400-4db9-bbc0-871c46a08f61' LIMIT 1;
Executing (default): UPDATE "channel_members" SET "isArchived"=$1 WHERE "id" = $2
(pass) Channel Endpoints > 
POST 
/api/channels/:id/archive > 
should unarchive when 
toggled again [32.00ms]
Executing (default): SELECT "id", "name", "email", "password", "avatar", "bio", "lastSeen", "profileVisibility", "readReceipts", "typingIndicators", "notificationSettings", "resetToken", "resetTokenExpiry", "isOnline", "lastActive", "createdAt", "updatedAt" FROM "users" AS "User" WHERE "User"."email" = 'nonmember-1769777525665@example.com';
Executing (default): INSERT INTO "users" ("id","name","email","password","lastSeen","profileVisibility","readReceipts","typingIndicators","notificationSettings","isOnline","lastActive","createdAt","updatedAt") VALUES ($1,$2,$3,$4,$5,$6,$7,$8,$9,$10,$11,$12,$13) RETURNING "id","name","email","password","avatar","bio","lastSeen","profileVisibility","readReceipts","typingIndicators","notificationSettings","resetToken","resetTokenExpiry","isOnline","lastActive","createdAt","updatedAt";
DNSException: getaddrinfo 
ENOTFOUND
 syscall: "getaddrinfo",
   errno: 4,
 command: "CONN",
    code: "EDNS"


Executing (default): SELECT "id", "name", "email", "password", "avatar", "bio", "lastSeen", "profileVisibility", "readReceipts", "typingIndicators", "notificationSettings", "resetToken", "resetTokenExpiry", "isOnline", "lastActive", "createdAt", "updatedAt" FROM "users" AS "User" WHERE "User"."id" = '5165303b-940d-4a5d-b4a7-66e9e42a954b';
Executing (default): SELECT "id", "channelId", "userId", "role", "isArchived", "isStarred", "isMuted", "lastReadAt", "joinedAt" FROM "channel_members" AS "ChannelMember" WHERE "ChannelMember"."channelId" = '0285d2c4-6816-4907-98c3-e0c4e5a6a68e' AND "ChannelMember"."userId" = '5165303b-940d-4a5d-b4a7-66e9e42a954b' LIMIT 1;
(pass) Channel Endpoints > 
POST 
/api/channels/:id/archive > 
should reject non-member 
[203.00ms]
Executing (default): SELECT "id", "name", "email", "password", "avatar", "bio", "lastSeen", "profileVisibility", "readReceipts", "typingIndicators", "notificationSettings", "resetToken", "resetTokenExpiry", "isOnline", "lastActive", "createdAt", "updatedAt" FROM "users" AS "User" WHERE "User"."id" = '5a2d0705-e400-4db9-bbc0-871c46a08f61';
Executing (default): SELECT "id", "channelId", "userId", "role", "isArchived", "isStarred", "isMuted", "lastReadAt", "joinedAt" FROM "channel_members" AS "ChannelMember" WHERE "ChannelMember"."channelId" = '0285d2c4-6816-4907-98c3-e0c4e5a6a68e' AND "ChannelMember"."userId" = '5a2d0705-e400-4db9-bbc0-871c46a08f61' LIMIT 1;
Executing (default): UPDATE "channel_members" SET "isStarred"=$1 WHERE "id" = $2
(pass) Channel Endpoints > 
POST /api/channels/:id/star 
> should toggle star status 
[15.00ms]
Executing (default): SELECT "id", "name", "email", "password", "avatar", "bio", "lastSeen", "profileVisibility", "readReceipts", "typingIndicators", "notificationSettings", "resetToken", "resetTokenExpiry", "isOnline", "lastActive", "createdAt", "updatedAt" FROM "users" AS "User" WHERE "User"."id" = '5a2d0705-e400-4db9-bbc0-871c46a08f61';
Executing (default): SELECT "id", "channelId", "userId", "role", "isArchived", "isStarred", "isMuted", "lastReadAt", "joinedAt" FROM "channel_members" AS "ChannelMember" WHERE "ChannelMember"."channelId" = '0285d2c4-6816-4907-98c3-e0c4e5a6a68e' AND "ChannelMember"."userId" = '5a2d0705-e400-4db9-bbc0-871c46a08f61' LIMIT 1;
Executing (default): UPDATE "channel_members" SET "isStarred"=$1 WHERE "id" = $2
(pass) Channel Endpoints > 
POST /api/channels/:id/star 
> should unstar when 
toggled again [16.00ms]
Executing (default): SELECT "id", "name", "email", "password", "avatar", "bio", "lastSeen", "profileVisibility", "readReceipts", "typingIndicators", "notificationSettings", "resetToken", "resetTokenExpiry", "isOnline", "lastActive", "createdAt", "updatedAt" FROM "users" AS "User" WHERE "User"."id" = '5a2d0705-e400-4db9-bbc0-871c46a08f61';
Executing (default): SELECT "id", "channelId", "userId", "role", "isArchived", "isStarred", "isMuted", "lastReadAt", "joinedAt" FROM "channel_members" AS "ChannelMember" WHERE "ChannelMember"."channelId" = '0285d2c4-6816-4907-98c3-e0c4e5a6a68e' AND "ChannelMember"."userId" = '5a2d0705-e400-4db9-bbc0-871c46a08f61' LIMIT 1;
Executing (default): UPDATE "channel_members" SET "isMuted"=$1 WHERE "id" = $2
(pass) Channel Endpoints > 
POST /api/channels/:id/mute 
> should toggle mute status 
[31.00ms]
Executing (default): SELECT "id", "name", "email", "password", "avatar", "bio", "lastSeen", "profileVisibility", "readReceipts", "typingIndicators", "notificationSettings", "resetToken", "resetTokenExpiry", "isOnline", "lastActive", "createdAt", "updatedAt" FROM "users" AS "User" WHERE "User"."id" = '5a2d0705-e400-4db9-bbc0-871c46a08f61';
Executing (default): SELECT "id", "channelId", "userId", "role", "isArchived", "isStarred", "isMuted", "lastReadAt", "joinedAt" FROM "channel_members" AS "ChannelMember" WHERE "ChannelMember"."channelId" = '0285d2c4-6816-4907-98c3-e0c4e5a6a68e' AND "ChannelMember"."userId" = '5a2d0705-e400-4db9-bbc0-871c46a08f61' LIMIT 1;
Executing (default): UPDATE "channel_members" SET "isMuted"=$1 WHERE "id" = $2
(pass) Channel Endpoints > 
POST /api/channels/:id/mute 
> should unmute when 
toggled again
Executing (default): SELECT "id", "name", "email", "password", "avatar", "bio", "lastSeen", "profileVisibility", "readReceipts", "typingIndicators", "notificationSettings", "resetToken", "resetTokenExpiry", "isOnline", "lastActive", "createdAt", "updatedAt" FROM "users" AS "User" WHERE "User"."id" = '5a2d0705-e400-4db9-bbc0-871c46a08f61';
Executing (default): SELECT "id", "channelId", "userId", "role", "isArchived", "isStarred", "isMuted", "lastReadAt", "joinedAt" FROM "channel_members" AS "ChannelMember" WHERE "ChannelMember"."channelId" = '0285d2c4-6816-4907-98c3-e0c4e5a6a68e' AND "ChannelMember"."userId" = '5a2d0705-e400-4db9-bbc0-871c46a08f61' LIMIT 1;
Executing (default): UPDATE "channel_members" SET "lastReadAt"=$1 WHERE "id" = $2
DNSException: getaddrinfo 
ENOTFOUND
 syscall: "getaddrinfo",
   errno: 4,
 command: "CONN",
    code: "EDNS"


(pass) Channel Endpoints > 
POST /api/channels/:id/read 
> should mark channel as 
read [16.00ms]
Executing (default): SELECT "id", "name", "email", "password", "avatar", "bio", "lastSeen", "profileVisibility", "readReceipts", "typingIndicators", "notificationSettings", "resetToken", "resetTokenExpiry", "isOnline", "lastActive", "createdAt", "updatedAt" FROM "users" AS "User" WHERE "User"."id" = '5a2d0705-e400-4db9-bbc0-871c46a08f61';
Executing (default): SELECT "id", "name", "email", "password", "avatar", "bio", "lastSeen", "profileVisibility", "readReceipts", "typingIndicators", "notificationSettings", "resetToken", "resetTokenExpiry", "isOnline", "lastActive", "createdAt", "updatedAt" FROM "users" AS "User" WHERE "User"."id" = 'bc7689ee-c0e7-4e01-bcb3-e2ede08c65ad';
Executing (default): SELECT "Channel"."id", "Channel"."name", "Channel"."description", "Channel"."avatar", "Channel"."isGroup", "Channel"."createdBy", "Channel"."createdAt", "Channel"."updatedAt", "members"."id" AS "members.id" FROM "channels" AS "Channel" LEFT OUTER JOIN ( "channel_members" AS "members->ChannelMember" INNER JOIN "users" AS "members" ON "members"."id" = "members->ChannelMember"."userId") ON "Channel"."id" = "members->ChannelMember"."channelId" WHERE "Channel"."isGroup" = false;
Executing (default): INSERT INTO "channels" ("id","name","isGroup","createdBy","createdAt","updatedAt") VALUES ($1,$2,$3,$4,$5,$6) RETURNING "id","name","description","avatar","isGroup","createdBy","createdAt","updatedAt";
Executing (default): INSERT INTO "channel_members" ("id","channelId","userId","role","isArchived","isStarred","isMuted","lastReadAt","joinedAt") VALUES ($1,$2,$3,$4,$5,$6,$7,$8,$9) RETURNING "id","channelId","userId","role","isArchived","isStarred","isMuted","lastReadAt","joinedAt";
Executing (default): INSERT INTO "channel_members" ("id","channelId","userId","role","isArchived","isStarred","isMuted","lastReadAt","joinedAt") VALUES ($1,$2,$3,$4,$5,$6,$7,$8,$9) RETURNING "id","channelId","userId","role","isArchived","isStarred","isMuted","lastReadAt","joinedAt";
Executing (default): SELECT "Channel"."id", "Channel"."name", "Channel"."description", "Channel"."avatar", "Channel"."isGroup", "Channel"."createdBy", "Channel"."createdAt", "Channel"."updatedAt", "members"."id" AS "members.id", "members"."name" AS "members.name", "members"."avatar" AS "members.avatar", "members"."isOnline" AS "members.isOnline", "members"."lastActive" AS "members.lastActive", "members->ChannelMember"."id" AS "members.ChannelMember.id", "members->ChannelMember"."role" AS "members.ChannelMember.role" FROM "channels" AS "Channel" LEFT OUTER JOIN ( "channel_members" AS "members->ChannelMember" INNER JOIN "users" AS "members" ON "members"."id" = "members->ChannelMember"."userId") ON "Channel"."id" = "members->ChannelMember"."channelId" WHERE "Channel"."id" = 'ffd1cc49-cb0a-45ea-b2df-6beb56948161';
Executing (default): SELECT "id", "channelId", "userId", "role", "isArchived", "isStarred", "isMuted", "lastReadAt", "joinedAt" FROM "channel_members" AS "ChannelMember" WHERE "ChannelMember"."channelId" = 'ffd1cc49-cb0a-45ea-b2df-6beb56948161' AND "ChannelMember"."userId" = '5a2d0705-e400-4db9-bbc0-871c46a08f61' LIMIT 1;
Executing (default): SELECT count(*) AS "count" FROM "messages" AS "Message" WHERE "Message"."channelId" = 'ffd1cc49-cb0a-45ea-b2df-6beb56948161' AND "Message"."isDeleted" = false AND "Message"."senderId" != '5a2d0705-e400-4db9-bbc0-871c46a08f61';
(pass) Channel Endpoints > 
GET /api/channels/personal/:
recipientId > should create 
and return personal chat 
[47.00ms]
Executing (default): SELECT "id", "name", "email", "password", "avatar", "bio", "lastSeen", "profileVisibility", "readReceipts", "typingIndicators", "notificationSettings", "resetToken", "resetTokenExpiry", "isOnline", "lastActive", "createdAt", "updatedAt" FROM "users" AS "User" WHERE "User"."id" = '5a2d0705-e400-4db9-bbc0-871c46a08f61';
Executing (default): SELECT "id", "name", "email", "password", "avatar", "bio", "lastSeen", "profileVisibility", "readReceipts", "typingIndicators", "notificationSettings", "resetToken", "resetTokenExpiry", "isOnline", "lastActive", "createdAt", "updatedAt" FROM "users" AS "User" WHERE "User"."id" = 'bc7689ee-c0e7-4e01-bcb3-e2ede08c65ad';
Executing (default): SELECT "Channel"."id", "Channel"."name", "Channel"."description", "Channel"."avatar", "Channel"."isGroup", "Channel"."createdBy", "Channel"."createdAt", "Channel"."updatedAt", "members"."id" AS "members.id" FROM "channels" AS "Channel" LEFT OUTER JOIN ( "channel_members" AS "members->ChannelMember" INNER JOIN "users" AS "members" ON "members"."id" = "members->ChannelMember"."userId") ON "Channel"."id" = "members->ChannelMember"."channelId" WHERE "Channel"."isGroup" = false;
Executing (default): SELECT "Channel"."id", "Channel"."name", "Channel"."description", "Channel"."avatar", "Channel"."isGroup", "Channel"."createdBy", "Channel"."createdAt", "Channel"."updatedAt", "members"."id" AS "members.id", "members"."name" AS "members.name", "members"."avatar" AS "members.avatar", "members"."isOnline" AS "members.isOnline", "members"."lastActive" AS "members.lastActive", "members->ChannelMember"."id" AS "members.ChannelMember.id", "members->ChannelMember"."role" AS "members.ChannelMember.role" FROM "channels" AS "Channel" LEFT OUTER JOIN ( "channel_members" AS "members->ChannelMember" INNER JOIN "users" AS "members" ON "members"."id" = "members->ChannelMember"."userId") ON "Channel"."id" = "members->ChannelMember"."channelId" WHERE "Channel"."id" = 'ffd1cc49-cb0a-45ea-b2df-6beb56948161';
Executing (default): SELECT "id", "channelId", "userId", "role", "isArchived", "isStarred", "isMuted", "lastReadAt", "joinedAt" FROM "channel_members" AS "ChannelMember" WHERE "ChannelMember"."channelId" = 'ffd1cc49-cb0a-45ea-b2df-6beb56948161' AND "ChannelMember"."userId" = '5a2d0705-e400-4db9-bbc0-871c46a08f61' LIMIT 1;
Executing (default): SELECT count(*) AS "count" FROM "messages" AS "Message" WHERE "Message"."channelId" = 'ffd1cc49-cb0a-45ea-b2df-6beb56948161' AND "Message"."isDeleted" = false AND "Message"."senderId" != '5a2d0705-e400-4db9-bbc0-871c46a08f61';
Executing (default): SELECT "id", "name", "email", "password", "avatar", "bio", "lastSeen", "profileVisibility", "readReceipts", "typingIndicators", "notificationSettings", "resetToken", "resetTokenExpiry", "isOnline", "lastActive", "createdAt", "updatedAt" FROM "users" AS "User" WHERE "User"."id" = '5a2d0705-e400-4db9-bbc0-871c46a08f61';
Executing (default): SELECT "id", "name", "email", "password", "avatar", "bio", "lastSeen", "profileVisibility", "readReceipts", "typingIndicators", "notificationSettings", "resetToken", "resetTokenExpiry", "isOnline", "lastActive", "createdAt", "updatedAt" FROM "users" AS "User" WHERE "User"."id" = 'bc7689ee-c0e7-4e01-bcb3-e2ede08c65ad';
Executing (default): SELECT "Channel"."id", "Channel"."name", "Channel"."description", "Channel"."avatar", "Channel"."isGroup", "Channel"."createdBy", "Channel"."createdAt", "Channel"."updatedAt", "members"."id" AS "members.id" FROM "channels" AS "Channel" LEFT OUTER JOIN ( "channel_members" AS "members->ChannelMember" INNER JOIN "users" AS "members" ON "members"."id" = "members->ChannelMember"."userId") ON "Channel"."id" = "members->ChannelMember"."channelId" WHERE "Channel"."isGroup" = false;
Executing (default): SELECT "Channel"."id", "Channel"."name", "Channel"."description", "Channel"."avatar", "Channel"."isGroup", "Channel"."createdBy", "Channel"."createdAt", "Channel"."updatedAt", "members"."id" AS "members.id", "members"."name" AS "members.name", "members"."avatar" AS "members.avatar", "members"."isOnline" AS "members.isOnline", "members"."lastActive" AS "members.lastActive", "members->ChannelMember"."id" AS "members.ChannelMember.id", "members->ChannelMember"."role" AS "members.ChannelMember.role" FROM "channels" AS "Channel" LEFT OUTER JOIN ( "channel_members" AS "members->ChannelMember" INNER JOIN "users" AS "members" ON "members"."id" = "members->ChannelMember"."userId") ON "Channel"."id" = "members->ChannelMember"."channelId" WHERE "Channel"."id" = 'ffd1cc49-cb0a-45ea-b2df-6beb56948161';
Executing (default): SELECT "id", "channelId", "userId", "role", "isArchived", "isStarred", "isMuted", "lastReadAt", "joinedAt" FROM "channel_members" AS "ChannelMember" WHERE "ChannelMember"."channelId" = 'ffd1cc49-cb0a-45ea-b2df-6beb56948161' AND "ChannelMember"."userId" = '5a2d0705-e400-4db9-bbc0-871c46a08f61' LIMIT 1;
Executing (default): SELECT count(*) AS "count" FROM "messages" AS "Message" WHERE "Message"."channelId" = 'ffd1cc49-cb0a-45ea-b2df-6beb56948161' AND "Message"."isDeleted" = false AND "Message"."senderId" != '5a2d0705-e400-4db9-bbc0-871c46a08f61';
(pass) Channel Endpoints > 
GET /api/channels/personal/:
recipientId > should return 
existing personal chat on 
second call [47.00ms]
Executing (default): SELECT "id", "name", "email", "password", "avatar", "bio", "lastSeen", "profileVisibility", "readReceipts", "typingIndicators", "notificationSettings", "resetToken", "resetTokenExpiry", "isOnline", "lastActive", "createdAt", "updatedAt" FROM "users" AS "User" WHERE "User"."id" = '5a2d0705-e400-4db9-bbc0-871c46a08f61';
(pass) Channel Endpoints > 
GET /api/channels/personal/:
recipientId > should reject 
creating personal chat with 
self
Executing (default): SELECT "id", "name", "email", "password", "avatar", "bio", "lastSeen", "profileVisibility", "readReceipts", "typingIndicators", "notificationSettings", "resetToken", "resetTokenExpiry", "isOnline", "lastActive", "createdAt", "updatedAt" FROM "users" AS "User" WHERE "User"."id" = '5a2d0705-e400-4db9-bbc0-871c46a08f61';
Executing (default): SELECT "id", "name", "email", "password", "avatar", "bio", "lastSeen", "profileVisibility", "readReceipts", "typingIndicators", "notificationSettings", "resetToken", "resetTokenExpiry", "isOnline", "lastActive", "createdAt", "updatedAt" FROM "users" AS "User" WHERE "User"."id" = '00000000-0000-0000-0000-000000000000';
(pass) Channel Endpoints > 
GET /api/channels/personal/:
recipientId > should reject 
for non-existent user 
[15.00ms]
Executing (default): SELECT "id", "name", "email", "password", "avatar", "bio", "lastSeen", "profileVisibility", "readReceipts", "typingIndicators", "notificationSettings", "resetToken", "resetTokenExpiry", "isOnline", "lastActive", "createdAt", "updatedAt" FROM "users" AS "User" WHERE "User"."id" = '5a2d0705-e400-4db9-bbc0-871c46a08f61';
Executing (default): SELECT "id", "name", "email", "password", "avatar", "bio", "lastSeen", "profileVisibility", "readReceipts", "typingIndicators", "notificationSettings", "resetToken", "resetTokenExpiry", "isOnline", "lastActive", "createdAt", "updatedAt" FROM "users" AS "User" WHERE "User"."id" = 'bc7689ee-c0e7-4e01-bcb3-e2ede08c65ad';
Executing (default): SELECT "Channel"."id", "Channel"."name", "Channel"."description", "Channel"."avatar", "Channel"."isGroup", "Channel"."createdBy", "Channel"."createdAt", "Channel"."updatedAt", "members"."id" AS "members.id" FROM "channels" AS "Channel" LEFT OUTER JOIN ( "channel_members" AS "members->ChannelMember" INNER JOIN "users" AS "members" ON "members"."id" = "members->ChannelMember"."userId") ON "Channel"."id" = "members->ChannelMember"."channelId" WHERE "Channel"."isGroup" = false;
Executing (default): SELECT "Channel"."id", "Channel"."name", "Channel"."description", "Channel"."avatar", "Channel"."isGroup", "Channel"."createdBy", "Channel"."createdAt", "Channel"."updatedAt", "members"."id" AS "members.id", "members"."name" AS "members.name", "members"."avatar" AS "members.avatar", "members"."isOnline" AS "members.isOnline", "members"."lastActive" AS "members.lastActive", "members->ChannelMember"."id" AS "members.ChannelMember.id", "members->ChannelMember"."role" AS "members.ChannelMember.role" FROM "channels" AS "Channel" LEFT OUTER JOIN ( "channel_members" AS "members->ChannelMember" INNER JOIN "users" AS "members" ON "members"."id" = "members->ChannelMember"."userId") ON "Channel"."id" = "members->ChannelMember"."channelId" WHERE "Channel"."id" = 'ffd1cc49-cb0a-45ea-b2df-6beb56948161';
Executing (default): SELECT "id", "channelId", "userId", "role", "isArchived", "isStarred", "isMuted", "lastReadAt", "joinedAt" FROM "channel_members" AS "ChannelMember" WHERE "ChannelMember"."channelId" = 'ffd1cc49-cb0a-45ea-b2df-6beb56948161' AND "ChannelMember"."userId" = '5a2d0705-e400-4db9-bbc0-871c46a08f61' LIMIT 1;
Executing (default): SELECT count(*) AS "count" FROM "messages" AS "Message" WHERE "Message"."channelId" = 'ffd1cc49-cb0a-45ea-b2df-6beb56948161' AND "Message"."isDeleted" = false AND "Message"."senderId" != '5a2d0705-e400-4db9-bbc0-871c46a08f61';
Executing (default): SELECT "id", "name", "email", "password", "avatar", "bio", "lastSeen", "profileVisibility", "readReceipts", "typingIndicators", "notificationSettings", "resetToken", "resetTokenExpiry", "isOnline", "lastActive", "createdAt", "updatedAt" FROM "users" AS "User" WHERE "User"."id" = '5a2d0705-e400-4db9-bbc0-871c46a08f61';
Executing (default): SELECT "Channel"."id", "Channel"."name", "Channel"."description", "Channel"."avatar", "Channel"."isGroup", "Channel"."createdBy", "Channel"."createdAt", "Channel"."updatedAt", "members"."id" AS "members.id" FROM "channels" AS "Channel" LEFT OUTER JOIN ( "channel_members" AS "members->ChannelMember" INNER JOIN "users" AS "members" ON "members"."id" = "members->ChannelMember"."userId") ON "Channel"."id" = "members->ChannelMember"."channelId" WHERE "Channel"."isGroup" = false;
Executing (default): SELECT count("Message"."id") AS "count" FROM "messages" AS "Message" LEFT OUTER JOIN "users" AS "sender" ON "Message"."senderId" = "sender"."id" WHERE "Message"."channelId" = 'ffd1cc49-cb0a-45ea-b2df-6beb56948161' AND "Message"."isDeleted" = false;
Executing (default): SELECT "Message"."id", "Message"."channelId", "Message"."senderId", "Message"."text", "Message"."attachments", "Message"."audio", "Message"."poll", "Message"."isEdited", "Message"."isDeleted", "Message"."createdAt", "Message"."updatedAt", "sender"."id" AS "sender.id", "sender"."name" AS "sender.name", "sender"."avatar" AS "sender.avatar" FROM "messages" AS "Message" LEFT OUTER JOIN "users" AS "sender" ON "Message"."senderId" = "sender"."id" WHERE "Message"."channelId" = 'ffd1cc49-cb0a-45ea-b2df-6beb56948161' AND "Message"."isDeleted" = false ORDER BY "Message"."createdAt" DESC LIMIT 50 OFFSET 0;
(pass) Channel Endpoints > 
GET /api/channels/personal/:
recipientId/messages > 
should return personal chat 
messages [47.00ms]
Executing (default): SELECT "id", "name", "email", "password", "avatar", "bio", "lastSeen", "profileVisibility", "readReceipts", "typingIndicators", "notificationSettings", "resetToken", "resetTokenExpiry", "isOnline", "lastActive", "createdAt", "updatedAt" FROM "users" AS "User" WHERE "User"."email" = 'newuser-nochat-1769777526097@example.com';
Executing (default): INSERT INTO "users" ("id","name","email","password","lastSeen","profileVisibility","readReceipts","typingIndicators","notificationSettings","isOnline","lastActive","createdAt","updatedAt") VALUES ($1,$2,$3,$4,$5,$6,$7,$8,$9,$10,$11,$12,$13) RETURNING "id","name","email","password","avatar","bio","lastSeen","profileVisibility","readReceipts","typingIndicators","notificationSettings","resetToken","resetTokenExpiry","isOnline","lastActive","createdAt","updatedAt";
Executing (default): SELECT "id", "name", "email", "password", "avatar", "bio", "lastSeen", "profileVisibility", "readReceipts", "typingIndicators", "notificationSettings", "resetToken", "resetTokenExpiry", "isOnline", "lastActive", "createdAt", "updatedAt" FROM "users" AS "User" WHERE "User"."id" = '5a2d0705-e400-4db9-bbc0-871c46a08f61';
Executing (default): SELECT "Channel"."id", "Channel"."name", "Channel"."description", "Channel"."avatar", "Channel"."isGroup", "Channel"."createdBy", "Channel"."createdAt", "Channel"."updatedAt", "members"."id" AS "members.id" FROM "channels" AS "Channel" LEFT OUTER JOIN ( "channel_members" AS "members->ChannelMember" INNER JOIN "users" AS "members" ON "members"."id" = "members->ChannelMember"."userId") ON "Channel"."id" = "members->ChannelMember"."channelId" WHERE "Channel"."isGroup" = false;
(pass) Channel Endpoints > 
GET /api/channels/personal/:
recipientId/messages > 
should return 404 for 
non-existent personal chat 
[203.00ms]
Executing (default): SELECT "id", "name", "email", "password", "avatar", "bio", "lastSeen", "profileVisibility", "readReceipts", "typingIndicators", "notificationSettings", "resetToken", "resetTokenExpiry", "isOnline", "lastActive", "createdAt", "updatedAt" FROM "users" AS "User" WHERE "User"."id" = '5a2d0705-e400-4db9-bbc0-871c46a08f61';
Executing (default): SELECT "ChannelMember"."id", "ChannelMember"."channelId", "ChannelMember"."userId", "ChannelMember"."role", "ChannelMember"."isArchived", "ChannelMember"."isStarred", "ChannelMember"."isMuted", "ChannelMember"."lastReadAt", "ChannelMember"."joinedAt", "channel"."id" AS "channel.id", "channel"."name" AS "channel.name", "channel"."description" AS "channel.description", "channel"."avatar" AS "channel.avatar", "channel"."isGroup" AS "channel.isGroup", "channel"."createdBy" AS "channel.createdBy", "channel"."createdAt" AS "channel.createdAt", "channel"."updatedAt" AS "channel.updatedAt", "channel->members"."id" AS "channel.members.id", "channel->members"."name" AS "channel.members.name", "channel->members"."avatar" AS "channel.members.avatar", "channel->members"."isOnline" AS "channel.members.isOnline", "channel->members->ChannelMember"."id" AS "channel.members.ChannelMember.id", "channel->members->ChannelMember"."role" AS "channel.members.ChannelMember.role" FROM "channel_members" AS "ChannelMember" LEFT OUTER JOIN "channels" AS "channel" ON "ChannelMember"."channelId" = "channel"."id" LEFT OUTER JOIN ( "channel_members" AS "channel->members->ChannelMember" INNER JOIN "users" AS "channel->members" ON "channel->members"."id" = "channel->members->ChannelMember"."userId") ON "channel"."id" = "channel->members->ChannelMember"."channelId" WHERE "ChannelMember"."userId" = '5a2d0705-e400-4db9-bbc0-871c46a08f61';
Executing (default): SELECT count(*) AS "count" FROM "messages" AS "Message" WHERE "Message"."channelId" = '0285d2c4-6816-4907-98c3-e0c4e5a6a68e' AND "Message"."isDeleted" = false AND "Message"."senderId" != '5a2d0705-e400-4db9-bbc0-871c46a08f61' AND "Message"."createdAt" > '2026-01-30 12:52:05.938 +00:00';
Executing (default): SELECT count(*) AS "count" FROM "messages" AS "Message" WHERE "Message"."channelId" = 'ffd1cc49-cb0a-45ea-b2df-6beb56948161' AND "Message"."isDeleted" = false AND "Message"."senderId" != '5a2d0705-e400-4db9-bbc0-871c46a08f61';
(pass) Channel Endpoints > 
GET /api/channels - with 
channel settings > should 
return channels with 
isArchived, isStarred, 
isMuted, unreadCount 
[47.00ms]
Executing (default): SELECT "id", "name", "email", "password", "avatar", "bio", "lastSeen", "profileVisibility", "readReceipts", "typingIndicators", "notificationSettings", "resetToken", "resetTokenExpiry", "isOnline", "lastActive", "createdAt", "updatedAt" FROM "users" AS "User" WHERE "User"."id" = '5a2d0705-e400-4db9-bbc0-871c46a08f61';
Executing (default): SELECT "id", "name", "email", "password", "avatar", "bio", "lastSeen", "profileVisibility", "readReceipts", "typingIndicators", "notificationSettings", "resetToken", "resetTokenExpiry", "isOnline", "lastActive", "createdAt", "updatedAt" FROM "users" AS "User" WHERE "User"."id" = 'bc7689ee-c0e7-4e01-bcb3-e2ede08c65ad';
Executing (default): SELECT "Channel"."id", "Channel"."name", "Channel"."description", "Channel"."avatar", "Channel"."isGroup", "Channel"."createdBy", "Channel"."createdAt", "Channel"."updatedAt", "members"."id" AS "members.id" FROM "channels" AS "Channel" LEFT OUTER JOIN ( "channel_members" AS "members->ChannelMember" INNER JOIN "users" AS "members" ON "members"."id" = "members->ChannelMember"."userId") ON "Channel"."id" = "members->ChannelMember"."channelId" WHERE "Channel"."isGroup" = false;
Executing (default): INSERT INTO "messages" ("id","channelId","senderId","text","attachments","isEdited","isDeleted","createdAt","updatedAt") VALUES ($1,$2,$3,$4,$5,$6,$7,$8,$9) RETURNING "id","channelId","senderId","text","attachments","audio","poll","isEdited","isDeleted","createdAt","updatedAt";
Executing (default): SELECT "Message"."id", "Message"."channelId", "Message"."senderId", "Message"."text", "Message"."attachments", "Message"."audio", "Message"."poll", "Message"."isEdited", "Message"."isDeleted", "Message"."createdAt", "Message"."updatedAt", "sender"."id" AS "sender.id", "sender"."name" AS "sender.name", "sender"."avatar" AS "sender.avatar" FROM "messages" AS "Message" LEFT OUTER JOIN "users" AS "sender" ON "Message"."senderId" = "sender"."id" WHERE "Message"."id" = '9bbfb7d1-9ee6-414c-8df2-ef22f6e60f4f';
DNSException: getaddrinfo 
ENOTFOUND
 syscall: "getaddrinfo",
   errno: 4,
 command: "CONN",
    code: "EDNS"


Executing (default): UPDATE "channel_members" SET "lastReadAt"=$1 WHERE "channelId" = $2 AND "userId" = $3
(pass) Channel Endpoints > 
POST /api/channels/personal/
:recipientId/messages > 
should send a direct 
message and create chat if 
needed [31.00ms]
Executing (default): SELECT "id", "name", "email", "password", "avatar", "bio", "lastSeen", "profileVisibility", "readReceipts", "typingIndicators", "notificationSettings", "resetToken", "resetTokenExpiry", "isOnline", "lastActive", "createdAt", "updatedAt" FROM "users" AS "User" WHERE "User"."id" = '5a2d0705-e400-4db9-bbc0-871c46a08f61';
(pass) Channel Endpoints > 
POST /api/channels/personal/
:recipientId/messages > 
should reject sending DM to 
self [16.00ms]
Executing (default): SELECT "id", "name", "email", "password", "avatar", "bio", "lastSeen", "profileVisibility", "readReceipts", "typingIndicators", "notificationSettings", "resetToken", "resetTokenExpiry", "isOnline", "lastActive", "createdAt", "updatedAt" FROM "users" AS "User" WHERE "User"."id" = '5a2d0705-e400-4db9-bbc0-871c46a08f61';
(pass) Channel Endpoints > 
POST /api/channels/personal/
:recipientId/messages > 
should reject empty message 
text
Executing (default): SELECT "id", "name", "email", "password", "avatar", "bio", "lastSeen", "profileVisibility", "readReceipts", "typingIndicators", "notificationSettings", "resetToken", "resetTokenExpiry", "isOnline", "lastActive", "createdAt", "updatedAt" FROM "users" AS "User" WHERE "User"."id" = '5a2d0705-e400-4db9-bbc0-871c46a08f61';
Executing (default): SELECT "id", "name", "email", "password", "avatar", "bio", "lastSeen", "profileVisibility", "readReceipts", "typingIndicators", "notificationSettings", "resetToken", "resetTokenExpiry", "isOnline", "lastActive", "createdAt", "updatedAt" FROM "users" AS "User" WHERE "User"."id" = '00000000-0000-0000-0000-000000000000';
(pass) Channel Endpoints > 
POST /api/channels/personal/
:recipientId/messages > 
should reject for 
non-existent recipient
Executing (default): SELECT "id", "name", "email", "password", "avatar", "bio", "lastSeen", "profileVisibility", "readReceipts", "typingIndicators", "notificationSettings", "resetToken", "resetTokenExpiry", "isOnline", "lastActive", "createdAt", "updatedAt" FROM "users" AS "User" WHERE "User"."id" = '5a2d0705-e400-4db9-bbc0-871c46a08f61';
Executing (default): SELECT "id", "name", "email", "password", "avatar", "bio", "lastSeen", "profileVisibility", "readReceipts", "typingIndicators", "notificationSettings", "resetToken", "resetTokenExpiry", "isOnline", "lastActive", "createdAt", "updatedAt" FROM "users" AS "User" WHERE "User"."id" = 'bc7689ee-c0e7-4e01-bcb3-e2ede08c65ad';
Executing (default): SELECT "Channel"."id", "Channel"."name", "Channel"."description", "Channel"."avatar", "Channel"."isGroup", "Channel"."createdBy", "Channel"."createdAt", "Channel"."updatedAt", "members"."id" AS "members.id" FROM "channels" AS "Channel" LEFT OUTER JOIN ( "channel_members" AS "members->ChannelMember" INNER JOIN "users" AS "members" ON "members"."id" = "members->ChannelMember"."userId") ON "Channel"."id" = "members->ChannelMember"."channelId" WHERE "Channel"."isGroup" = false;
Executing (default): INSERT INTO "messages" ("id","channelId","senderId","text","attachments","isEdited","isDeleted","createdAt","updatedAt") VALUES ($1,$2,$3,$4,$5,$6,$7,$8,$9) RETURNING "id","channelId","senderId","text","attachments","audio","poll","isEdited","isDeleted","createdAt","updatedAt";
Executing (default): SELECT "Message"."id", "Message"."channelId", "Message"."senderId", "Message"."text", "Message"."attachments", "Message"."audio", "Message"."poll", "Message"."isEdited", "Message"."isDeleted", "Message"."createdAt", "Message"."updatedAt", "sender"."id" AS "sender.id", "sender"."name" AS "sender.name", "sender"."avatar" AS "sender.avatar" FROM "messages" AS "Message" LEFT OUTER JOIN "users" AS "sender" ON "Message"."senderId" = "sender"."id" WHERE "Message"."id" = '894a524f-7904-4281-809a-36eb6fc26b45';
Executing (default): UPDATE "channel_members" SET "lastReadAt"=$1 WHERE "channelId" = $2 AND "userId" = $3
Executing (default): SELECT "id", "name", "email", "password", "avatar", "bio", "lastSeen", "profileVisibility", "readReceipts", "typingIndicators", "notificationSettings", "resetToken", "resetTokenExpiry", "isOnline", "lastActive", "createdAt", "updatedAt" FROM "users" AS "User" WHERE "User"."id" = 'bc7689ee-c0e7-4e01-bcb3-e2ede08c65ad';
Executing (default): SELECT "Channel"."id", "Channel"."name", "Channel"."description", "Channel"."avatar", "Channel"."isGroup", "Channel"."createdBy", "Channel"."createdAt", "Channel"."updatedAt", "members"."id" AS "members.id" FROM "channels" AS "Channel" LEFT OUTER JOIN ( "channel_members" AS "members->ChannelMember" INNER JOIN "users" AS "members" ON "members"."id" = "members->ChannelMember"."userId") ON "Channel"."id" = "members->ChannelMember"."channelId" WHERE "Channel"."isGroup" = false;
Executing (default): SELECT count("Message"."id") AS "count" FROM "messages" AS "Message" LEFT OUTER JOIN "users" AS "sender" ON "Message"."senderId" = "sender"."id" WHERE "Message"."channelId" = 'ffd1cc49-cb0a-45ea-b2df-6beb56948161' AND "Message"."isDeleted" = false;
Executing (default): SELECT "Message"."id", "Message"."channelId", "Message"."senderId", "Message"."text", "Message"."attachments", "Message"."audio", "Message"."poll", "Message"."isEdited", "Message"."isDeleted", "Message"."createdAt", "Message"."updatedAt", "sender"."id" AS "sender.id", "sender"."name" AS "sender.name", "sender"."avatar" AS "sender.avatar" FROM "messages" AS "Message" LEFT OUTER JOIN "users" AS "sender" ON "Message"."senderId" = "sender"."id" WHERE "Message"."channelId" = 'ffd1cc49-cb0a-45ea-b2df-6beb56948161' AND "Message"."isDeleted" = false ORDER BY "Message"."createdAt" DESC LIMIT 50 OFFSET 0;
(pass) Channel Endpoints > 
POST /api/channels/personal/
:recipientId/messages > 
should allow recipient to 
see the DM [47.00ms]
Γ£à Test server stopped

tests\messages.test.ts:
Γ£à Loaded environment variables from .env
Executing (default): SELECT 1+1 AS result
Γ£à PostgreSQL connected successfully
Executing (default): SELECT table_name FROM information_schema.tables WHERE table_schema = 'public' AND table_name = 'users'
Executing (default): SELECT t.typname enum_name, array_agg(e.enumlabel ORDER BY enumsortorder) enum_value FROM pg_type t JOIN pg_enum e ON t.oid = e.enumtypid JOIN pg_catalog.pg_namespace n ON n.oid = t.typnamespace WHERE n.nspname = 'public' AND t.typname='enum_users_lastSeen' GROUP BY 1
Executing (default): SELECT t.typname enum_name, array_agg(e.enumlabel ORDER BY enumsortorder) enum_value FROM pg_type t JOIN pg_enum e ON t.oid = e.enumtypid JOIN pg_catalog.pg_namespace n ON n.oid = t.typnamespace WHERE n.nspname = 'public' AND t.typname='enum_users_profileVisibility' GROUP BY 1
Executing (default): SELECT pk.constraint_type as "Constraint",c.column_name as "Field", c.column_default as "Default",c.is_nullable as "Null", (CASE WHEN c.udt_name = 'hstore' THEN c.udt_name ELSE c.data_type END) || (CASE WHEN c.character_maximum_length IS NOT NULL THEN '(' || c.character_maximum_length || ')' ELSE '' END) as "Type", (SELECT array_agg(e.enumlabel) FROM pg_catalog.pg_type t JOIN pg_catalog.pg_enum e ON t.oid=e.enumtypid WHERE t.typname=c.udt_name) AS "special", (SELECT pgd.description FROM pg_catalog.pg_statio_all_tables AS st INNER JOIN pg_catalog.pg_description pgd on (pgd.objoid=st.relid) WHERE c.ordinal_position=pgd.objsubid AND c.table_name=st.relname) AS "Comment" FROM information_schema.columns c LEFT JOIN (SELECT tc.table_schema, tc.table_name, cu.column_name, tc.constraint_type FROM information_schema.TABLE_CONSTRAINTS tc JOIN information_schema.KEY_COLUMN_USAGE  cu ON tc.table_schema=cu.table_schema and tc.table_name=cu.table_name and tc.constraint_name=cu.constraint_name and tc.constraint_type='PRIMARY KEY') pk ON pk.table_schema=c.table_schema AND pk.table_name=c.table_name AND pk.column_name=c.column_name WHERE c.table_name = 'users' AND c.table_schema = 'public'
Executing (default): SELECT DISTINCT tc.constraint_name as constraint_name, tc.constraint_schema as constraint_schema, tc.constraint_catalog as constraint_catalog, tc.table_name as table_name,tc.table_schema as table_schema,tc.table_catalog as table_catalog,tc.initially_deferred as initially_deferred,tc.is_deferrable as is_deferrable,kcu.column_name as column_name,ccu.table_schema  AS referenced_table_schema,ccu.table_catalog  AS referenced_table_catalog,ccu.table_name  AS referenced_table_name,ccu.column_name AS referenced_column_name FROM information_schema.table_constraints AS tc JOIN information_schema.key_column_usage AS kcu ON tc.constraint_name = kcu.constraint_name JOIN information_schema.constraint_column_usage AS ccu ON ccu.constraint_name = tc.constraint_name WHERE constraint_type = 'FOREIGN KEY' AND tc.table_name = 'users' AND tc.table_catalog = 'rad5_communication'
Executing (default): ALTER TABLE "users" ALTER COLUMN "name" SET NOT NULL;ALTER TABLE "users" ALTER COLUMN "name" DROP DEFAULT;ALTER TABLE "users" ALTER COLUMN "name" TYPE VARCHAR(100);
Executing (default): ALTER TABLE "users" ALTER COLUMN "email" SET NOT NULL;ALTER TABLE "users" ALTER COLUMN "email" DROP DEFAULT;ALTER TABLE "users"  ADD UNIQUE ("email");ALTER TABLE "users" ALTER COLUMN "email" TYPE VARCHAR(255)  ;
Executing (default): ALTER TABLE "users" ALTER COLUMN "password" SET NOT NULL;ALTER TABLE "users" ALTER COLUMN "password" DROP DEFAULT;ALTER TABLE "users" ALTER COLUMN "password" TYPE VARCHAR(255);
Executing (default): ALTER TABLE "users" ALTER COLUMN "avatar" DROP NOT NULL;ALTER TABLE "users" ALTER COLUMN "avatar" DROP DEFAULT;ALTER TABLE "users" ALTER COLUMN "avatar" TYPE VARCHAR(500);
Executing (default): ALTER TABLE "users" ALTER COLUMN "bio" DROP NOT NULL;ALTER TABLE "users" ALTER COLUMN "bio" DROP DEFAULT;ALTER TABLE "users" ALTER COLUMN "bio" TYPE VARCHAR(500);
Executing (default): ALTER TABLE "users" ALTER COLUMN "lastSeen" DROP NOT NULL;ALTER TABLE "users" ALTER COLUMN "lastSeen" SET DEFAULT 'everyone';DO 'BEGIN CREATE TYPE "public"."enum_users_lastSeen" AS ENUM(''everyone'', ''contacts'', ''nobody''); EXCEPTION WHEN duplicate_object THEN null; END';ALTER TABLE "users" ALTER COLUMN "lastSeen" TYPE "public"."enum_users_lastSeen" USING ("lastSeen"::"public"."enum_users_lastSeen");
Executing (default): ALTER TABLE "users" ALTER COLUMN "profileVisibility" DROP NOT NULL;ALTER TABLE "users" ALTER COLUMN "profileVisibility" SET DEFAULT 'everyone';DO 'BEGIN CREATE TYPE "public"."enum_users_profileVisibility" AS ENUM(''everyone'', ''contacts'', ''nobody''); EXCEPTION WHEN duplicate_object THEN null; END';ALTER TABLE "users" ALTER COLUMN "profileVisibility" TYPE "public"."enum_users_profileVisibility" USING ("profileVisibility"::"public"."enum_users_profileVisibility");
Executing (default): ALTER TABLE "users" ALTER COLUMN "readReceipts" DROP NOT NULL;ALTER TABLE "users" ALTER COLUMN "readReceipts" SET DEFAULT true;ALTER TABLE "users" ALTER COLUMN "readReceipts" TYPE BOOLEAN;
Executing (default): ALTER TABLE "users" ALTER COLUMN "typingIndicators" DROP NOT NULL;ALTER TABLE "users" ALTER COLUMN "typingIndicators" SET DEFAULT true;ALTER TABLE "users" ALTER COLUMN "typingIndicators" TYPE BOOLEAN;
Executing (default): ALTER TABLE "users" ALTER COLUMN "notificationSettings" DROP NOT NULL;ALTER TABLE "users" ALTER COLUMN "notificationSettings" SET DEFAULT '{"messages":true,"groups":true,"sounds":true}';ALTER TABLE "users" ALTER COLUMN "notificationSettings" TYPE JSON;
Executing (default): ALTER TABLE "users" ALTER COLUMN "resetToken" DROP NOT NULL;ALTER TABLE "users" ALTER COLUMN "resetToken" DROP DEFAULT;ALTER TABLE "users" ALTER COLUMN "resetToken" TYPE VARCHAR(255);
Executing (default): ALTER TABLE "users" ALTER COLUMN "resetTokenExpiry" DROP NOT NULL;ALTER TABLE "users" ALTER COLUMN "resetTokenExpiry" DROP DEFAULT;ALTER TABLE "users" ALTER COLUMN "resetTokenExpiry" TYPE TIMESTAMP WITH TIME ZONE;
Executing (default): ALTER TABLE "users" ALTER COLUMN "isOnline" DROP NOT NULL;ALTER TABLE "users" ALTER COLUMN "isOnline" SET DEFAULT false;ALTER TABLE "users" ALTER COLUMN "isOnline" TYPE BOOLEAN;
Executing (default): ALTER TABLE "users" ALTER COLUMN "lastActive" DROP NOT NULL;ALTER TABLE "users" ALTER COLUMN "lastActive" DROP DEFAULT;ALTER TABLE "users" ALTER COLUMN "lastActive" TYPE TIMESTAMP WITH TIME ZONE;
Executing (default): ALTER TABLE "users" ALTER COLUMN "createdAt" SET NOT NULL;ALTER TABLE "users" ALTER COLUMN "createdAt" DROP DEFAULT;ALTER TABLE "users" ALTER COLUMN "createdAt" TYPE TIMESTAMP WITH TIME ZONE;
Executing (default): ALTER TABLE "users" ALTER COLUMN "updatedAt" SET NOT NULL;ALTER TABLE "users" ALTER COLUMN "updatedAt" DROP DEFAULT;ALTER TABLE "users" ALTER COLUMN "updatedAt" TYPE TIMESTAMP WITH TIME ZONE;
Executing (default): SELECT i.relname AS name, ix.indisprimary AS primary, ix.indisunique AS unique, ix.indkey AS indkey, array_agg(a.attnum) as column_indexes, array_agg(a.attname) AS column_names, pg_get_indexdef(ix.indexrelid) AS definition FROM pg_class t, pg_class i, pg_index ix, pg_attribute a WHERE t.oid = ix.indrelid AND i.oid = ix.indexrelid AND a.attrelid = t.oid AND t.relkind = 'r' and t.relname = 'users' GROUP BY i.relname, ix.indexrelid, ix.indisprimary, ix.indisunique, ix.indkey ORDER BY i.relname;
Executing (default): SELECT table_name FROM information_schema.tables WHERE table_schema = 'public' AND table_name = 'channels'
Executing (default): SELECT pk.constraint_type as "Constraint",c.column_name as "Field", c.column_default as "Default",c.is_nullable as "Null", (CASE WHEN c.udt_name = 'hstore' THEN c.udt_name ELSE c.data_type END) || (CASE WHEN c.character_maximum_length IS NOT NULL THEN '(' || c.character_maximum_length || ')' ELSE '' END) as "Type", (SELECT array_agg(e.enumlabel) FROM pg_catalog.pg_type t JOIN pg_catalog.pg_enum e ON t.oid=e.enumtypid WHERE t.typname=c.udt_name) AS "special", (SELECT pgd.description FROM pg_catalog.pg_statio_all_tables AS st INNER JOIN pg_catalog.pg_description pgd on (pgd.objoid=st.relid) WHERE c.ordinal_position=pgd.objsubid AND c.table_name=st.relname) AS "Comment" FROM information_schema.columns c LEFT JOIN (SELECT tc.table_schema, tc.table_name, cu.column_name, tc.constraint_type FROM information_schema.TABLE_CONSTRAINTS tc JOIN information_schema.KEY_COLUMN_USAGE  cu ON tc.table_schema=cu.table_schema and tc.table_name=cu.table_name and tc.constraint_name=cu.constraint_name and tc.constraint_type='PRIMARY KEY') pk ON pk.table_schema=c.table_schema AND pk.table_name=c.table_name AND pk.column_name=c.column_name WHERE c.table_name = 'channels' AND c.table_schema = 'public'
Executing (default): SELECT DISTINCT tc.constraint_name as constraint_name, tc.constraint_schema as constraint_schema, tc.constraint_catalog as constraint_catalog, tc.table_name as table_name,tc.table_schema as table_schema,tc.table_catalog as table_catalog,tc.initially_deferred as initially_deferred,tc.is_deferrable as is_deferrable,kcu.column_name as column_name,ccu.table_schema  AS referenced_table_schema,ccu.table_catalog  AS referenced_table_catalog,ccu.table_name  AS referenced_table_name,ccu.column_name AS referenced_column_name FROM information_schema.table_constraints AS tc JOIN information_schema.key_column_usage AS kcu ON tc.constraint_name = kcu.constraint_name JOIN information_schema.constraint_column_usage AS ccu ON ccu.constraint_name = tc.constraint_name WHERE constraint_type = 'FOREIGN KEY' AND tc.table_name = 'channels' AND tc.table_catalog = 'rad5_communication'
Executing (default): ALTER TABLE "channels" ALTER COLUMN "name" SET NOT NULL;ALTER TABLE "channels" ALTER COLUMN "name" DROP DEFAULT;ALTER TABLE "channels" ALTER COLUMN "name" TYPE VARCHAR(100);
Executing (default): ALTER TABLE "channels" ALTER COLUMN "description" DROP NOT NULL;ALTER TABLE "channels" ALTER COLUMN "description" DROP DEFAULT;ALTER TABLE "channels" ALTER COLUMN "description" TYPE VARCHAR(500);
Executing (default): ALTER TABLE "channels" ALTER COLUMN "avatar" DROP NOT NULL;ALTER TABLE "channels" ALTER COLUMN "avatar" DROP DEFAULT;ALTER TABLE "channels" ALTER COLUMN "avatar" TYPE VARCHAR(500);
Executing (default): ALTER TABLE "channels" ALTER COLUMN "isGroup" DROP NOT NULL;ALTER TABLE "channels" ALTER COLUMN "isGroup" SET DEFAULT false;ALTER TABLE "channels" ALTER COLUMN "isGroup" TYPE BOOLEAN;
Executing (default): ALTER TABLE "channels" DROP CONSTRAINT "channels_createdBy_fkey"
Executing (default): ALTER TABLE "channels" ALTER COLUMN "createdBy" SET NOT NULL;ALTER TABLE "channels"  ADD FOREIGN KEY ("createdBy") REFERENCES "users" ("id") ON DELETE NO ACTION ON UPDATE CASCADE;
Executing (default): ALTER TABLE "channels" ALTER COLUMN "createdAt" SET NOT NULL;ALTER TABLE "channels" ALTER COLUMN "createdAt" DROP DEFAULT;ALTER TABLE "channels" ALTER COLUMN "createdAt" TYPE TIMESTAMP WITH TIME ZONE;
Executing (default): ALTER TABLE "channels" ALTER COLUMN "updatedAt" SET NOT NULL;ALTER TABLE "channels" ALTER COLUMN "updatedAt" DROP DEFAULT;ALTER TABLE "channels" ALTER COLUMN "updatedAt" TYPE TIMESTAMP WITH TIME ZONE;
Executing (default): SELECT i.relname AS name, ix.indisprimary AS primary, ix.indisunique AS unique, ix.indkey AS indkey, array_agg(a.attnum) as column_indexes, array_agg(a.attname) AS column_names, pg_get_indexdef(ix.indexrelid) AS definition FROM pg_class t, pg_class i, pg_index ix, pg_attribute a WHERE t.oid = ix.indrelid AND i.oid = ix.indexrelid AND a.attrelid = t.oid AND t.relkind = 'r' and t.relname = 'channels' GROUP BY i.relname, ix.indexrelid, ix.indisprimary, ix.indisunique, ix.indkey ORDER BY i.relname;
Executing (default): SELECT table_name FROM information_schema.tables WHERE table_schema = 'public' AND table_name = 'channel_members'
Executing (default): SELECT t.typname enum_name, array_agg(e.enumlabel ORDER BY enumsortorder) enum_value FROM pg_type t JOIN pg_enum e ON t.oid = e.enumtypid JOIN pg_catalog.pg_namespace n ON n.oid = t.typnamespace WHERE n.nspname = 'public' AND t.typname='enum_channel_members_role' GROUP BY 1
Executing (default): SELECT pk.constraint_type as "Constraint",c.column_name as "Field", c.column_default as "Default",c.is_nullable as "Null", (CASE WHEN c.udt_name = 'hstore' THEN c.udt_name ELSE c.data_type END) || (CASE WHEN c.character_maximum_length IS NOT NULL THEN '(' || c.character_maximum_length || ')' ELSE '' END) as "Type", (SELECT array_agg(e.enumlabel) FROM pg_catalog.pg_type t JOIN pg_catalog.pg_enum e ON t.oid=e.enumtypid WHERE t.typname=c.udt_name) AS "special", (SELECT pgd.description FROM pg_catalog.pg_statio_all_tables AS st INNER JOIN pg_catalog.pg_description pgd on (pgd.objoid=st.relid) WHERE c.ordinal_position=pgd.objsubid AND c.table_name=st.relname) AS "Comment" FROM information_schema.columns c LEFT JOIN (SELECT tc.table_schema, tc.table_name, cu.column_name, tc.constraint_type FROM information_schema.TABLE_CONSTRAINTS tc JOIN information_schema.KEY_COLUMN_USAGE  cu ON tc.table_schema=cu.table_schema and tc.table_name=cu.table_name and tc.constraint_name=cu.constraint_name and tc.constraint_type='PRIMARY KEY') pk ON pk.table_schema=c.table_schema AND pk.table_name=c.table_name AND pk.column_name=c.column_name WHERE c.table_name = 'channel_members' AND c.table_schema = 'public'
Executing (default): SELECT DISTINCT tc.constraint_name as constraint_name, tc.constraint_schema as constraint_schema, tc.constraint_catalog as constraint_catalog, tc.table_name as table_name,tc.table_schema as table_schema,tc.table_catalog as table_catalog,tc.initially_deferred as initially_deferred,tc.is_deferrable as is_deferrable,kcu.column_name as column_name,ccu.table_schema  AS referenced_table_schema,ccu.table_catalog  AS referenced_table_catalog,ccu.table_name  AS referenced_table_name,ccu.column_name AS referenced_column_name FROM information_schema.table_constraints AS tc JOIN information_schema.key_column_usage AS kcu ON tc.constraint_name = kcu.constraint_name JOIN information_schema.constraint_column_usage AS ccu ON ccu.constraint_name = tc.constraint_name WHERE constraint_type = 'FOREIGN KEY' AND tc.table_name = 'channel_members' AND tc.table_catalog = 'rad5_communication'
Executing (default): ALTER TABLE "channel_members" DROP CONSTRAINT "channel_members_channelId_fkey"
Executing (default): ALTER TABLE "channel_members" ALTER COLUMN "channelId" SET NOT NULL;ALTER TABLE "channel_members"  ADD FOREIGN KEY ("channelId") REFERENCES "channels" ("id") ON DELETE CASCADE ON UPDATE CASCADE;
Executing (default): ALTER TABLE "channel_members" DROP CONSTRAINT "channel_members_userId_fkey"
Executing (default): ALTER TABLE "channel_members" ALTER COLUMN "userId" SET NOT NULL;ALTER TABLE "channel_members"  ADD FOREIGN KEY ("userId") REFERENCES "users" ("id") ON DELETE CASCADE ON UPDATE CASCADE;
Executing (default): ALTER TABLE "channel_members" ALTER COLUMN "role" DROP NOT NULL;ALTER TABLE "channel_members" ALTER COLUMN "role" SET DEFAULT 'member';DO 'BEGIN CREATE TYPE "public"."enum_channel_members_role" AS ENUM(''admin'', ''member''); EXCEPTION WHEN duplicate_object THEN null; END';ALTER TABLE "channel_members" ALTER COLUMN "role" TYPE "public"."enum_channel_members_role" USING ("role"::"public"."enum_channel_members_role");
Executing (default): ALTER TABLE "channel_members" ALTER COLUMN "joinedAt" DROP NOT NULL;ALTER TABLE "channel_members" ALTER COLUMN "joinedAt" DROP DEFAULT;ALTER TABLE "channel_members" ALTER COLUMN "joinedAt" TYPE TIMESTAMP WITH TIME ZONE;
Executing (default): ALTER TABLE "channel_members" ALTER COLUMN "isArchived" DROP NOT NULL;ALTER TABLE "channel_members" ALTER COLUMN "isArchived" SET DEFAULT false;ALTER TABLE "channel_members" ALTER COLUMN "isArchived" TYPE BOOLEAN;
Executing (default): ALTER TABLE "channel_members" ALTER COLUMN "isStarred" DROP NOT NULL;ALTER TABLE "channel_members" ALTER COLUMN "isStarred" SET DEFAULT false;ALTER TABLE "channel_members" ALTER COLUMN "isStarred" TYPE BOOLEAN;
Executing (default): ALTER TABLE "channel_members" ALTER COLUMN "isMuted" DROP NOT NULL;ALTER TABLE "channel_members" ALTER COLUMN "isMuted" SET DEFAULT false;ALTER TABLE "channel_members" ALTER COLUMN "isMuted" TYPE BOOLEAN;
Executing (default): ALTER TABLE "channel_members" ALTER COLUMN "lastReadAt" DROP NOT NULL;ALTER TABLE "channel_members" ALTER COLUMN "lastReadAt" SET DEFAULT NULL;ALTER TABLE "channel_members" ALTER COLUMN "lastReadAt" TYPE TIMESTAMP WITH TIME ZONE;
Executing (default): SELECT i.relname AS name, ix.indisprimary AS primary, ix.indisunique AS unique, ix.indkey AS indkey, array_agg(a.attnum) as column_indexes, array_agg(a.attname) AS column_names, pg_get_indexdef(ix.indexrelid) AS definition FROM pg_class t, pg_class i, pg_index ix, pg_attribute a WHERE t.oid = ix.indrelid AND i.oid = ix.indexrelid AND a.attrelid = t.oid AND t.relkind = 'r' and t.relname = 'channel_members' GROUP BY i.relname, ix.indexrelid, ix.indisprimary, ix.indisunique, ix.indkey ORDER BY i.relname;
Executing (default): SELECT table_name FROM information_schema.tables WHERE table_schema = 'public' AND table_name = 'messages'
Executing (default): SELECT pk.constraint_type as "Constraint",c.column_name as "Field", c.column_default as "Default",c.is_nullable as "Null", (CASE WHEN c.udt_name = 'hstore' THEN c.udt_name ELSE c.data_type END) || (CASE WHEN c.character_maximum_length IS NOT NULL THEN '(' || c.character_maximum_length || ')' ELSE '' END) as "Type", (SELECT array_agg(e.enumlabel) FROM pg_catalog.pg_type t JOIN pg_catalog.pg_enum e ON t.oid=e.enumtypid WHERE t.typname=c.udt_name) AS "special", (SELECT pgd.description FROM pg_catalog.pg_statio_all_tables AS st INNER JOIN pg_catalog.pg_description pgd on (pgd.objoid=st.relid) WHERE c.ordinal_position=pgd.objsubid AND c.table_name=st.relname) AS "Comment" FROM information_schema.columns c LEFT JOIN (SELECT tc.table_schema, tc.table_name, cu.column_name, tc.constraint_type FROM information_schema.TABLE_CONSTRAINTS tc JOIN information_schema.KEY_COLUMN_USAGE  cu ON tc.table_schema=cu.table_schema and tc.table_name=cu.table_name and tc.constraint_name=cu.constraint_name and tc.constraint_type='PRIMARY KEY') pk ON pk.table_schema=c.table_schema AND pk.table_name=c.table_name AND pk.column_name=c.column_name WHERE c.table_name = 'messages' AND c.table_schema = 'public'
Executing (default): SELECT DISTINCT tc.constraint_name as constraint_name, tc.constraint_schema as constraint_schema, tc.constraint_catalog as constraint_catalog, tc.table_name as table_name,tc.table_schema as table_schema,tc.table_catalog as table_catalog,tc.initially_deferred as initially_deferred,tc.is_deferrable as is_deferrable,kcu.column_name as column_name,ccu.table_schema  AS referenced_table_schema,ccu.table_catalog  AS referenced_table_catalog,ccu.table_name  AS referenced_table_name,ccu.column_name AS referenced_column_name FROM information_schema.table_constraints AS tc JOIN information_schema.key_column_usage AS kcu ON tc.constraint_name = kcu.constraint_name JOIN information_schema.constraint_column_usage AS ccu ON ccu.constraint_name = tc.constraint_name WHERE constraint_type = 'FOREIGN KEY' AND tc.table_name = 'messages' AND tc.table_catalog = 'rad5_communication'
Executing (default): ALTER TABLE "messages" DROP CONSTRAINT "messages_channelId_fkey"
Executing (default): ALTER TABLE "messages" ALTER COLUMN "channelId" SET NOT NULL;ALTER TABLE "messages"  ADD FOREIGN KEY ("channelId") REFERENCES "channels" ("id") ON DELETE NO ACTION ON UPDATE CASCADE;
Executing (default): ALTER TABLE "messages" DROP CONSTRAINT "messages_senderId_fkey"
Executing (default): ALTER TABLE "messages" ALTER COLUMN "senderId" SET NOT NULL;ALTER TABLE "messages"  ADD FOREIGN KEY ("senderId") REFERENCES "users" ("id") ON DELETE NO ACTION ON UPDATE CASCADE;
Executing (default): ALTER TABLE "messages" ALTER COLUMN "text" DROP NOT NULL;ALTER TABLE "messages" ALTER COLUMN "text" DROP DEFAULT;ALTER TABLE "messages" ALTER COLUMN "text" TYPE TEXT;
Executing (default): ALTER TABLE "messages" ALTER COLUMN "attachments" DROP NOT NULL;ALTER TABLE "messages" ALTER COLUMN "attachments" SET DEFAULT '[]';ALTER TABLE "messages" ALTER COLUMN "attachments" TYPE JSON;
Executing (default): ALTER TABLE "messages" ALTER COLUMN "audio" DROP NOT NULL;ALTER TABLE "messages" ALTER COLUMN "audio" DROP DEFAULT;ALTER TABLE "messages" ALTER COLUMN "audio" TYPE JSON;
Executing (default): ALTER TABLE "messages" ALTER COLUMN "poll" DROP NOT NULL;ALTER TABLE "messages" ALTER COLUMN "poll" DROP DEFAULT;ALTER TABLE "messages" ALTER COLUMN "poll" TYPE JSON;
Executing (default): ALTER TABLE "messages" ALTER COLUMN "isEdited" DROP NOT NULL;ALTER TABLE "messages" ALTER COLUMN "isEdited" SET DEFAULT false;ALTER TABLE "messages" ALTER COLUMN "isEdited" TYPE BOOLEAN;
Executing (default): ALTER TABLE "messages" ALTER COLUMN "isDeleted" DROP NOT NULL;ALTER TABLE "messages" ALTER COLUMN "isDeleted" SET DEFAULT false;ALTER TABLE "messages" ALTER COLUMN "isDeleted" TYPE BOOLEAN;
Executing (default): ALTER TABLE "messages" ALTER COLUMN "createdAt" SET NOT NULL;ALTER TABLE "messages" ALTER COLUMN "createdAt" DROP DEFAULT;ALTER TABLE "messages" ALTER COLUMN "createdAt" TYPE TIMESTAMP WITH TIME ZONE;
Executing (default): ALTER TABLE "messages" ALTER COLUMN "updatedAt" SET NOT NULL;ALTER TABLE "messages" ALTER COLUMN "updatedAt" DROP DEFAULT;ALTER TABLE "messages" ALTER COLUMN "updatedAt" TYPE TIMESTAMP WITH TIME ZONE;
Executing (default): SELECT i.relname AS name, ix.indisprimary AS primary, ix.indisunique AS unique, ix.indkey AS indkey, array_agg(a.attnum) as column_indexes, array_agg(a.attname) AS column_names, pg_get_indexdef(ix.indexrelid) AS definition FROM pg_class t, pg_class i, pg_index ix, pg_attribute a WHERE t.oid = ix.indrelid AND i.oid = ix.indexrelid AND a.attrelid = t.oid AND t.relkind = 'r' and t.relname = 'messages' GROUP BY i.relname, ix.indexrelid, ix.indisprimary, ix.indisunique, ix.indkey ORDER BY i.relname;
Executing (default): SELECT table_name FROM information_schema.tables WHERE table_schema = 'public' AND table_name = 'reactions'
Executing (default): SELECT pk.constraint_type as "Constraint",c.column_name as "Field", c.column_default as "Default",c.is_nullable as "Null", (CASE WHEN c.udt_name = 'hstore' THEN c.udt_name ELSE c.data_type END) || (CASE WHEN c.character_maximum_length IS NOT NULL THEN '(' || c.character_maximum_length || ')' ELSE '' END) as "Type", (SELECT array_agg(e.enumlabel) FROM pg_catalog.pg_type t JOIN pg_catalog.pg_enum e ON t.oid=e.enumtypid WHERE t.typname=c.udt_name) AS "special", (SELECT pgd.description FROM pg_catalog.pg_statio_all_tables AS st INNER JOIN pg_catalog.pg_description pgd on (pgd.objoid=st.relid) WHERE c.ordinal_position=pgd.objsubid AND c.table_name=st.relname) AS "Comment" FROM information_schema.columns c LEFT JOIN (SELECT tc.table_schema, tc.table_name, cu.column_name, tc.constraint_type FROM information_schema.TABLE_CONSTRAINTS tc JOIN information_schema.KEY_COLUMN_USAGE  cu ON tc.table_schema=cu.table_schema and tc.table_name=cu.table_name and tc.constraint_name=cu.constraint_name and tc.constraint_type='PRIMARY KEY') pk ON pk.table_schema=c.table_schema AND pk.table_name=c.table_name AND pk.column_name=c.column_name WHERE c.table_name = 'reactions' AND c.table_schema = 'public'
Executing (default): SELECT DISTINCT tc.constraint_name as constraint_name, tc.constraint_schema as constraint_schema, tc.constraint_catalog as constraint_catalog, tc.table_name as table_name,tc.table_schema as table_schema,tc.table_catalog as table_catalog,tc.initially_deferred as initially_deferred,tc.is_deferrable as is_deferrable,kcu.column_name as column_name,ccu.table_schema  AS referenced_table_schema,ccu.table_catalog  AS referenced_table_catalog,ccu.table_name  AS referenced_table_name,ccu.column_name AS referenced_column_name FROM information_schema.table_constraints AS tc JOIN information_schema.key_column_usage AS kcu ON tc.constraint_name = kcu.constraint_name JOIN information_schema.constraint_column_usage AS ccu ON ccu.constraint_name = tc.constraint_name WHERE constraint_type = 'FOREIGN KEY' AND tc.table_name = 'reactions' AND tc.table_catalog = 'rad5_communication'
Executing (default): ALTER TABLE "reactions" DROP CONSTRAINT "reactions_messageId_fkey"
Executing (default): ALTER TABLE "reactions" ALTER COLUMN "messageId" SET NOT NULL;ALTER TABLE "reactions"  ADD FOREIGN KEY ("messageId") REFERENCES "messages" ("id") ON DELETE NO ACTION ON UPDATE CASCADE;
Executing (default): ALTER TABLE "reactions" DROP CONSTRAINT "reactions_userId_fkey"
Executing (default): ALTER TABLE "reactions" ALTER COLUMN "userId" SET NOT NULL;ALTER TABLE "reactions"  ADD FOREIGN KEY ("userId") REFERENCES "users" ("id") ON DELETE NO ACTION ON UPDATE CASCADE;
Executing (default): ALTER TABLE "reactions" ALTER COLUMN "emoji" SET NOT NULL;ALTER TABLE "reactions" ALTER COLUMN "emoji" DROP DEFAULT;ALTER TABLE "reactions" ALTER COLUMN "emoji" TYPE VARCHAR(50);
Executing (default): ALTER TABLE "reactions" ALTER COLUMN "createdAt" SET NOT NULL;ALTER TABLE "reactions" ALTER COLUMN "createdAt" DROP DEFAULT;ALTER TABLE "reactions" ALTER COLUMN "createdAt" TYPE TIMESTAMP WITH TIME ZONE;
Executing (default): SELECT i.relname AS name, ix.indisprimary AS primary, ix.indisunique AS unique, ix.indkey AS indkey, array_agg(a.attnum) as column_indexes, array_agg(a.attname) AS column_names, pg_get_indexdef(ix.indexrelid) AS definition FROM pg_class t, pg_class i, pg_index ix, pg_attribute a WHERE t.oid = ix.indrelid AND i.oid = ix.indexrelid AND a.attrelid = t.oid AND t.relkind = 'r' and t.relname = 'reactions' GROUP BY i.relname, ix.indexrelid, ix.indisprimary, ix.indisunique, ix.indkey ORDER BY i.relname;
Γ£à Database synchronized
≡ƒÜÇ Server running on port 3333
≡ƒôí WebSocket available at ws://localhost:3333/ws
≡ƒôï API available at http://localhost:3333/api
Γ£à Test server started on port 3333
Executing (default): SELECT "id", "name", "email", "password", "avatar", "bio", "lastSeen", "profileVisibility", "readReceipts", "typingIndicators", "notificationSettings", "resetToken", "resetTokenExpiry", "isOnline", "lastActive", "createdAt", "updatedAt" FROM "users" AS "User" WHERE "User"."email" = 'messagetest-1769777527613@example.com';
Executing (default): INSERT INTO "users" ("id","name","email","password","lastSeen","profileVisibility","readReceipts","typingIndicators","notificationSettings","isOnline","lastActive","createdAt","updatedAt") VALUES ($1,$2,$3,$4,$5,$6,$7,$8,$9,$10,$11,$12,$13) RETURNING "id","name","email","password","avatar","bio","lastSeen","profileVisibility","readReceipts","typingIndicators","notificationSettings","resetToken","resetTokenExpiry","isOnline","lastActive","createdAt","updatedAt";
Executing (default): SELECT "id", "name", "email", "password", "avatar", "bio", "lastSeen", "profileVisibility", "readReceipts", "typingIndicators", "notificationSettings", "resetToken", "resetTokenExpiry", "isOnline", "lastActive", "createdAt", "updatedAt" FROM "users" AS "User" WHERE "User"."id" = '7dfbba74-31dd-41a6-8472-69c77c0c7448';
Executing (default): INSERT INTO "channels" ("id","name","isGroup","createdBy","createdAt","updatedAt") VALUES ($1,$2,$3,$4,$5,$6) RETURNING "id","name","description","avatar","isGroup","createdBy","createdAt","updatedAt";
Executing (default): INSERT INTO "channel_members" ("id","channelId","userId","role","isArchived","isStarred","isMuted","lastReadAt","joinedAt") VALUES ($1,$2,$3,$4,$5,$6,$7,$8,$9) RETURNING "id","channelId","userId","role","isArchived","isStarred","isMuted","lastReadAt","joinedAt";
Executing (default): SELECT "Channel"."id", "Channel"."name", "Channel"."description", "Channel"."avatar", "Channel"."isGroup", "Channel"."createdBy", "Channel"."createdAt", "Channel"."updatedAt", "members"."id" AS "members.id", "members"."name" AS "members.name", "members"."avatar" AS "members.avatar", "members->ChannelMember"."id" AS "members.ChannelMember.id", "members->ChannelMember"."role" AS "members.ChannelMember.role" FROM "channels" AS "Channel" LEFT OUTER JOIN ( "channel_members" AS "members->ChannelMember" INNER JOIN "users" AS "members" ON "members"."id" = "members->ChannelMember"."userId") ON "Channel"."id" = "members->ChannelMember"."channelId" WHERE "Channel"."id" = 'b87ea16b-0eed-4e8f-a67a-b3a15a589f49';
Executing (default): SELECT "id", "name", "email", "password", "avatar", "bio", "lastSeen", "profileVisibility", "readReceipts", "typingIndicators", "notificationSettings", "resetToken", "resetTokenExpiry", "isOnline", "lastActive", "createdAt", "updatedAt" FROM "users" AS "User" WHERE "User"."id" = '7dfbba74-31dd-41a6-8472-69c77c0c7448';
Executing (default): SELECT "id", "name", "email", "password", "avatar", "bio", "lastSeen", "profileVisibility", "readReceipts", "typingIndicators", "notificationSettings", "resetToken", "resetTokenExpiry", "isOnline", "lastActive", "createdAt", "updatedAt" FROM "users" AS "User" WHERE "User"."id" = '7dfbba74-31dd-41a6-8472-69c77c0c7448';
Executing (default): SELECT "id", "channelId", "userId", "role", "isArchived", "isStarred", "isMuted", "lastReadAt", "joinedAt" FROM "channel_members" AS "ChannelMember" WHERE "ChannelMember"."channelId" = 'b87ea16b-0eed-4e8f-a67a-b3a15a589f49' AND "ChannelMember"."userId" = '7dfbba74-31dd-41a6-8472-69c77c0c7448' LIMIT 1;
Executing (default): INSERT INTO "messages" ("id","channelId","senderId","text","attachments","isEdited","isDeleted","createdAt","updatedAt") VALUES ($1,$2,$3,$4,$5,$6,$7,$8,$9) RETURNING "id","channelId","senderId","text","attachments","audio","poll","isEdited","isDeleted","createdAt","updatedAt";
Executing (default): SELECT "Message"."id", "Message"."channelId", "Message"."senderId", "Message"."text", "Message"."attachments", "Message"."audio", "Message"."poll", "Message"."isEdited", "Message"."isDeleted", "Message"."createdAt", "Message"."updatedAt", "sender"."id" AS "sender.id", "sender"."name" AS "sender.name", "sender"."avatar" AS "sender.avatar" FROM "messages" AS "Message" LEFT OUTER JOIN "users" AS "sender" ON "Message"."senderId" = "sender"."id" WHERE "Message"."id" = '6c3c2782-5726-4281-8ecf-9e8d395978ab';
(pass) Message Endpoints > 
POST /api/channels/:channelI
d/messages > should send a 
text message [31.00ms]
Executing (default): SELECT "id", "name", "email", "password", "avatar", "bio", "lastSeen", "profileVisibility", "readReceipts", "typingIndicators", "notificationSettings", "resetToken", "resetTokenExpiry", "isOnline", "lastActive", "createdAt", "updatedAt" FROM "users" AS "User" WHERE "User"."id" = '7dfbba74-31dd-41a6-8472-69c77c0c7448';
Executing (default): SELECT "id", "name", "email", "password", "avatar", "bio", "lastSeen", "profileVisibility", "readReceipts", "typingIndicators", "notificationSettings", "resetToken", "resetTokenExpiry", "isOnline", "lastActive", "createdAt", "updatedAt" FROM "users" AS "User" WHERE "User"."id" = '7dfbba74-31dd-41a6-8472-69c77c0c7448';
Executing (default): SELECT "id", "channelId", "userId", "role", "isArchived", "isStarred", "isMuted", "lastReadAt", "joinedAt" FROM "channel_members" AS "ChannelMember" WHERE "ChannelMember"."channelId" = 'b87ea16b-0eed-4e8f-a67a-b3a15a589f49' AND "ChannelMember"."userId" = '7dfbba74-31dd-41a6-8472-69c77c0c7448' LIMIT 1;
(pass) Message Endpoints > 
POST /api/channels/:channelI
d/messages > should reject 
empty message
Executing (default): SELECT "id", "name", "email", "password", "avatar", "bio", "lastSeen", "profileVisibility", "readReceipts", "typingIndicators", "notificationSettings", "resetToken", "resetTokenExpiry", "isOnline", "lastActive", "createdAt", "updatedAt" FROM "users" AS "User" WHERE "User"."id" = '7dfbba74-31dd-41a6-8472-69c77c0c7448';
Executing (default): SELECT "id", "name", "email", "password", "avatar", "bio", "lastSeen", "profileVisibility", "readReceipts", "typingIndicators", "notificationSettings", "resetToken", "resetTokenExpiry", "isOnline", "lastActive", "createdAt", "updatedAt" FROM "users" AS "User" WHERE "User"."id" = '7dfbba74-31dd-41a6-8472-69c77c0c7448';
Executing (default): SELECT "id", "channelId", "userId", "role", "isArchived", "isStarred", "isMuted", "lastReadAt", "joinedAt" FROM "channel_members" AS "ChannelMember" WHERE "ChannelMember"."channelId" = 'b87ea16b-0eed-4e8f-a67a-b3a15a589f49' AND "ChannelMember"."userId" = '7dfbba74-31dd-41a6-8472-69c77c0c7448' LIMIT 1;
Executing (default): SELECT count("Message"."id") AS "count" FROM "messages" AS "Message" LEFT OUTER JOIN "users" AS "sender" ON "Message"."senderId" = "sender"."id" LEFT OUTER JOIN "reactions" AS "reactions" ON "Message"."id" = "reactions"."messageId" LEFT OUTER JOIN "users" AS "reactions->user" ON "reactions"."userId" = "reactions->user"."id" WHERE "Message"."channelId" = 'b87ea16b-0eed-4e8f-a67a-b3a15a589f49' AND "Message"."isDeleted" = false;
Executing (default): SELECT "Message".*, "sender"."id" AS "sender.id", "sender"."name" AS "sender.name", "sender"."avatar" AS "sender.avatar", "reactions"."id" AS "reactions.id", "reactions"."messageId" AS "reactions.messageId", "reactions"."userId" AS "reactions.userId", "reactions"."emoji" AS "reactions.emoji", "reactions"."createdAt" AS "reactions.createdAt", "reactions->user"."id" AS "reactions.user.id", "reactions->user"."name" AS "reactions.user.name" FROM (SELECT "Message"."id", "Message"."channelId", "Message"."senderId", "Message"."text", "Message"."attachments", "Message"."audio", "Message"."poll", "Message"."isEdited", "Message"."isDeleted", "Message"."createdAt", "Message"."updatedAt" FROM "messages" AS "Message" WHERE "Message"."channelId" = 'b87ea16b-0eed-4e8f-a67a-b3a15a589f49' AND "Message"."isDeleted" = false ORDER BY "Message"."createdAt" DESC LIMIT 50 OFFSET 0) AS "Message" LEFT OUTER JOIN "users" AS "sender" ON "Message"."senderId" = "sender"."id" LEFT OUTER JOIN "reactions" AS "reactions" ON "Message"."id" = "reactions"."messageId" LEFT OUTER JOIN "users" AS "reactions->user" ON "reactions"."userId" = "reactions->user"."id" ORDER BY "Message"."createdAt" DESC;
(pass) Message Endpoints > 
GET /api/channels/:channelId
/messages > should get 
channel messages [31.00ms]
Executing (default): SELECT "id", "name", "email", "password", "avatar", "bio", "lastSeen", "profileVisibility", "readReceipts", "typingIndicators", "notificationSettings", "resetToken", "resetTokenExpiry", "isOnline", "lastActive", "createdAt", "updatedAt" FROM "users" AS "User" WHERE "User"."id" = '7dfbba74-31dd-41a6-8472-69c77c0c7448';
Executing (default): SELECT "id", "channelId", "senderId", "text", "attachments", "audio", "poll", "isEdited", "isDeleted", "createdAt", "updatedAt" FROM "messages" AS "Message" WHERE "Message"."id" = '6c3c2782-5726-4281-8ecf-9e8d395978ab';
Executing (default): UPDATE "messages" SET "text"=$1,"isEdited"=$2,"updatedAt"=$3 WHERE "id" = $4
(pass) Message Endpoints > 
PUT /api/messages/:id > 
should edit message within 
20 min window
Executing (default): SELECT "id", "name", "email", "password", "avatar", "bio", "lastSeen", "profileVisibility", "readReceipts", "typingIndicators", "notificationSettings", "resetToken", "resetTokenExpiry", "isOnline", "lastActive", "createdAt", "updatedAt" FROM "users" AS "User" WHERE "User"."id" = '7dfbba74-31dd-41a6-8472-69c77c0c7448';
Executing (default): SELECT "id", "channelId", "senderId", "text", "attachments", "audio", "poll", "isEdited", "isDeleted", "createdAt", "updatedAt" FROM "messages" AS "Message" WHERE "Message"."id" = '6c3c2782-5726-4281-8ecf-9e8d395978ab';
Executing (default): SELECT "id", "channelId", "userId", "role", "isArchived", "isStarred", "isMuted", "lastReadAt", "joinedAt" FROM "channel_members" AS "ChannelMember" WHERE "ChannelMember"."channelId" = 'b87ea16b-0eed-4e8f-a67a-b3a15a589f49' AND "ChannelMember"."userId" = '7dfbba74-31dd-41a6-8472-69c77c0c7448' LIMIT 1;
Executing (default): SELECT "id", "messageId", "userId", "emoji", "createdAt" FROM "reactions" AS "Reaction" WHERE "Reaction"."messageId" = '6c3c2782-5726-4281-8ecf-9e8d395978ab' AND "Reaction"."userId" = '7dfbba74-31dd-41a6-8472-69c77c0c7448' AND "Reaction"."emoji" = '≡ƒæì' LIMIT 1;
Executing (default): INSERT INTO "reactions" ("id","messageId","userId","emoji","createdAt") VALUES ($1,$2,$3,$4,$5) RETURNING "id","messageId","userId","emoji","createdAt";
(pass) Message Endpoints > 
POST 
/api/messages/:id/reactions 
> should add reaction to 
message [16.00ms]
Executing (default): SELECT "id", "name", "email", "password", "avatar", "bio", "lastSeen", "profileVisibility", "readReceipts", "typingIndicators", "notificationSettings", "resetToken", "resetTokenExpiry", "isOnline", "lastActive", "createdAt", "updatedAt" FROM "users" AS "User" WHERE "User"."id" = '7dfbba74-31dd-41a6-8472-69c77c0c7448';
Executing (default): SELECT "id", "channelId", "senderId", "text", "attachments", "audio", "poll", "isEdited", "isDeleted", "createdAt", "updatedAt" FROM "messages" AS "Message" WHERE "Message"."id" = '6c3c2782-5726-4281-8ecf-9e8d395978ab';
Executing (default): SELECT "id", "channelId", "userId", "role", "isArchived", "isStarred", "isMuted", "lastReadAt", "joinedAt" FROM "channel_members" AS "ChannelMember" WHERE "ChannelMember"."channelId" = 'b87ea16b-0eed-4e8f-a67a-b3a15a589f49' AND "ChannelMember"."userId" = '7dfbba74-31dd-41a6-8472-69c77c0c7448' LIMIT 1;
Executing (default): SELECT "id", "messageId", "userId", "emoji", "createdAt" FROM "reactions" AS "Reaction" WHERE "Reaction"."messageId" = '6c3c2782-5726-4281-8ecf-9e8d395978ab' AND "Reaction"."userId" = '7dfbba74-31dd-41a6-8472-69c77c0c7448' AND "Reaction"."emoji" = '≡ƒæì' LIMIT 1;
Executing (default): DELETE FROM "reactions" WHERE "id" = '87c1263f-6d58-4be1-b23f-880f06ca215d'
(pass) Message Endpoints > 
POST 
/api/messages/:id/reactions 
> should toggle (remove) 
reaction [31.00ms]
Executing (default): SELECT "id", "name", "email", "password", "avatar", "bio", "lastSeen", "profileVisibility", "readReceipts", "typingIndicators", "notificationSettings", "resetToken", "resetTokenExpiry", "isOnline", "lastActive", "createdAt", "updatedAt" FROM "users" AS "User" WHERE "User"."id" = '7dfbba74-31dd-41a6-8472-69c77c0c7448';
Executing (default): SELECT "id", "name", "email", "password", "avatar", "bio", "lastSeen", "profileVisibility", "readReceipts", "typingIndicators", "notificationSettings", "resetToken", "resetTokenExpiry", "isOnline", "lastActive", "createdAt", "updatedAt" FROM "users" AS "User" WHERE "User"."id" = '7dfbba74-31dd-41a6-8472-69c77c0c7448';
Executing (default): SELECT "id", "channelId", "userId", "role", "isArchived", "isStarred", "isMuted", "lastReadAt", "joinedAt" FROM "channel_members" AS "ChannelMember" WHERE "ChannelMember"."channelId" = 'b87ea16b-0eed-4e8f-a67a-b3a15a589f49' AND "ChannelMember"."userId" = '7dfbba74-31dd-41a6-8472-69c77c0c7448' LIMIT 1;
Executing (default): INSERT INTO "messages" ("id","channelId","senderId","text","attachments","isEdited","isDeleted","createdAt","updatedAt") VALUES ($1,$2,$3,$4,$5,$6,$7,$8,$9) RETURNING "id","channelId","senderId","text","attachments","audio","poll","isEdited","isDeleted","createdAt","updatedAt";
Executing (default): SELECT "Message"."id", "Message"."channelId", "Message"."senderId", "Message"."text", "Message"."attachments", "Message"."audio", "Message"."poll", "Message"."isEdited", "Message"."isDeleted", "Message"."createdAt", "Message"."updatedAt", "sender"."id" AS "sender.id", "sender"."name" AS "sender.name", "sender"."avatar" AS "sender.avatar" FROM "messages" AS "Message" LEFT OUTER JOIN "users" AS "sender" ON "Message"."senderId" = "sender"."id" WHERE "Message"."id" = 'e0bdac07-2ae7-4812-aeb1-4cbfac317589';
Executing (default): SELECT "id", "name", "email", "password", "avatar", "bio", "lastSeen", "profileVisibility", "readReceipts", "typingIndicators", "notificationSettings", "resetToken", "resetTokenExpiry", "isOnline", "lastActive", "createdAt", "updatedAt" FROM "users" AS "User" WHERE "User"."id" = '7dfbba74-31dd-41a6-8472-69c77c0c7448';
Executing (default): SELECT "id", "channelId", "senderId", "text", "attachments", "audio", "poll", "isEdited", "isDeleted", "createdAt", "updatedAt" FROM "messages" AS "Message" WHERE "Message"."id" = 'e0bdac07-2ae7-4812-aeb1-4cbfac317589';
Executing (default): UPDATE "messages" SET "isDeleted"=$1,"text"=$2,"updatedAt"=$3 WHERE "id" = $4
(pass) Message Endpoints > 
DELETE /api/messages/:id > 
should delete message 
within 20 min window 
[31.00ms]
Γ£à Test server stopped

tests\users.test.ts:
Γ£à Loaded environment variables from .env
Executing (default): SELECT 1+1 AS result
Γ£à PostgreSQL connected successfully
Executing (default): SELECT table_name FROM information_schema.tables WHERE table_schema = 'public' AND table_name = 'users'
Executing (default): SELECT t.typname enum_name, array_agg(e.enumlabel ORDER BY enumsortorder) enum_value FROM pg_type t JOIN pg_enum e ON t.oid = e.enumtypid JOIN pg_catalog.pg_namespace n ON n.oid = t.typnamespace WHERE n.nspname = 'public' AND t.typname='enum_users_lastSeen' GROUP BY 1
Executing (default): SELECT t.typname enum_name, array_agg(e.enumlabel ORDER BY enumsortorder) enum_value FROM pg_type t JOIN pg_enum e ON t.oid = e.enumtypid JOIN pg_catalog.pg_namespace n ON n.oid = t.typnamespace WHERE n.nspname = 'public' AND t.typname='enum_users_profileVisibility' GROUP BY 1
Executing (default): SELECT pk.constraint_type as "Constraint",c.column_name as "Field", c.column_default as "Default",c.is_nullable as "Null", (CASE WHEN c.udt_name = 'hstore' THEN c.udt_name ELSE c.data_type END) || (CASE WHEN c.character_maximum_length IS NOT NULL THEN '(' || c.character_maximum_length || ')' ELSE '' END) as "Type", (SELECT array_agg(e.enumlabel) FROM pg_catalog.pg_type t JOIN pg_catalog.pg_enum e ON t.oid=e.enumtypid WHERE t.typname=c.udt_name) AS "special", (SELECT pgd.description FROM pg_catalog.pg_statio_all_tables AS st INNER JOIN pg_catalog.pg_description pgd on (pgd.objoid=st.relid) WHERE c.ordinal_position=pgd.objsubid AND c.table_name=st.relname) AS "Comment" FROM information_schema.columns c LEFT JOIN (SELECT tc.table_schema, tc.table_name, cu.column_name, tc.constraint_type FROM information_schema.TABLE_CONSTRAINTS tc JOIN information_schema.KEY_COLUMN_USAGE  cu ON tc.table_schema=cu.table_schema and tc.table_name=cu.table_name and tc.constraint_name=cu.constraint_name and tc.constraint_type='PRIMARY KEY') pk ON pk.table_schema=c.table_schema AND pk.table_name=c.table_name AND pk.column_name=c.column_name WHERE c.table_name = 'users' AND c.table_schema = 'public'
Executing (default): SELECT DISTINCT tc.constraint_name as constraint_name, tc.constraint_schema as constraint_schema, tc.constraint_catalog as constraint_catalog, tc.table_name as table_name,tc.table_schema as table_schema,tc.table_catalog as table_catalog,tc.initially_deferred as initially_deferred,tc.is_deferrable as is_deferrable,kcu.column_name as column_name,ccu.table_schema  AS referenced_table_schema,ccu.table_catalog  AS referenced_table_catalog,ccu.table_name  AS referenced_table_name,ccu.column_name AS referenced_column_name FROM information_schema.table_constraints AS tc JOIN information_schema.key_column_usage AS kcu ON tc.constraint_name = kcu.constraint_name JOIN information_schema.constraint_column_usage AS ccu ON ccu.constraint_name = tc.constraint_name WHERE constraint_type = 'FOREIGN KEY' AND tc.table_name = 'users' AND tc.table_catalog = 'rad5_communication'
Executing (default): ALTER TABLE "users" ALTER COLUMN "name" SET NOT NULL;ALTER TABLE "users" ALTER COLUMN "name" DROP DEFAULT;ALTER TABLE "users" ALTER COLUMN "name" TYPE VARCHAR(100);
Executing (default): ALTER TABLE "users" ALTER COLUMN "email" SET NOT NULL;ALTER TABLE "users" ALTER COLUMN "email" DROP DEFAULT;ALTER TABLE "users"  ADD UNIQUE ("email");ALTER TABLE "users" ALTER COLUMN "email" TYPE VARCHAR(255)  ;
Executing (default): ALTER TABLE "users" ALTER COLUMN "password" SET NOT NULL;ALTER TABLE "users" ALTER COLUMN "password" DROP DEFAULT;ALTER TABLE "users" ALTER COLUMN "password" TYPE VARCHAR(255);
Executing (default): ALTER TABLE "users" ALTER COLUMN "avatar" DROP NOT NULL;ALTER TABLE "users" ALTER COLUMN "avatar" DROP DEFAULT;ALTER TABLE "users" ALTER COLUMN "avatar" TYPE VARCHAR(500);
Executing (default): ALTER TABLE "users" ALTER COLUMN "bio" DROP NOT NULL;ALTER TABLE "users" ALTER COLUMN "bio" DROP DEFAULT;ALTER TABLE "users" ALTER COLUMN "bio" TYPE VARCHAR(500);
Executing (default): ALTER TABLE "users" ALTER COLUMN "lastSeen" DROP NOT NULL;ALTER TABLE "users" ALTER COLUMN "lastSeen" SET DEFAULT 'everyone';DO 'BEGIN CREATE TYPE "public"."enum_users_lastSeen" AS ENUM(''everyone'', ''contacts'', ''nobody''); EXCEPTION WHEN duplicate_object THEN null; END';ALTER TABLE "users" ALTER COLUMN "lastSeen" TYPE "public"."enum_users_lastSeen" USING ("lastSeen"::"public"."enum_users_lastSeen");
Executing (default): ALTER TABLE "users" ALTER COLUMN "profileVisibility" DROP NOT NULL;ALTER TABLE "users" ALTER COLUMN "profileVisibility" SET DEFAULT 'everyone';DO 'BEGIN CREATE TYPE "public"."enum_users_profileVisibility" AS ENUM(''everyone'', ''contacts'', ''nobody''); EXCEPTION WHEN duplicate_object THEN null; END';ALTER TABLE "users" ALTER COLUMN "profileVisibility" TYPE "public"."enum_users_profileVisibility" USING ("profileVisibility"::"public"."enum_users_profileVisibility");
Executing (default): ALTER TABLE "users" ALTER COLUMN "readReceipts" DROP NOT NULL;ALTER TABLE "users" ALTER COLUMN "readReceipts" SET DEFAULT true;ALTER TABLE "users" ALTER COLUMN "readReceipts" TYPE BOOLEAN;
Executing (default): ALTER TABLE "users" ALTER COLUMN "typingIndicators" DROP NOT NULL;ALTER TABLE "users" ALTER COLUMN "typingIndicators" SET DEFAULT true;ALTER TABLE "users" ALTER COLUMN "typingIndicators" TYPE BOOLEAN;
Executing (default): ALTER TABLE "users" ALTER COLUMN "notificationSettings" DROP NOT NULL;ALTER TABLE "users" ALTER COLUMN "notificationSettings" SET DEFAULT '{"messages":true,"groups":true,"sounds":true}';ALTER TABLE "users" ALTER COLUMN "notificationSettings" TYPE JSON;
Executing (default): ALTER TABLE "users" ALTER COLUMN "resetToken" DROP NOT NULL;ALTER TABLE "users" ALTER COLUMN "resetToken" DROP DEFAULT;ALTER TABLE "users" ALTER COLUMN "resetToken" TYPE VARCHAR(255);
Executing (default): ALTER TABLE "users" ALTER COLUMN "resetTokenExpiry" DROP NOT NULL;ALTER TABLE "users" ALTER COLUMN "resetTokenExpiry" DROP DEFAULT;ALTER TABLE "users" ALTER COLUMN "resetTokenExpiry" TYPE TIMESTAMP WITH TIME ZONE;
Executing (default): ALTER TABLE "users" ALTER COLUMN "isOnline" DROP NOT NULL;ALTER TABLE "users" ALTER COLUMN "isOnline" SET DEFAULT false;ALTER TABLE "users" ALTER COLUMN "isOnline" TYPE BOOLEAN;
Executing (default): ALTER TABLE "users" ALTER COLUMN "lastActive" DROP NOT NULL;ALTER TABLE "users" ALTER COLUMN "lastActive" DROP DEFAULT;ALTER TABLE "users" ALTER COLUMN "lastActive" TYPE TIMESTAMP WITH TIME ZONE;
Executing (default): ALTER TABLE "users" ALTER COLUMN "createdAt" SET NOT NULL;ALTER TABLE "users" ALTER COLUMN "createdAt" DROP DEFAULT;ALTER TABLE "users" ALTER COLUMN "createdAt" TYPE TIMESTAMP WITH TIME ZONE;
Executing (default): ALTER TABLE "users" ALTER COLUMN "updatedAt" SET NOT NULL;ALTER TABLE "users" ALTER COLUMN "updatedAt" DROP DEFAULT;ALTER TABLE "users" ALTER COLUMN "updatedAt" TYPE TIMESTAMP WITH TIME ZONE;
Executing (default): SELECT i.relname AS name, ix.indisprimary AS primary, ix.indisunique AS unique, ix.indkey AS indkey, array_agg(a.attnum) as column_indexes, array_agg(a.attname) AS column_names, pg_get_indexdef(ix.indexrelid) AS definition FROM pg_class t, pg_class i, pg_index ix, pg_attribute a WHERE t.oid = ix.indrelid AND i.oid = ix.indexrelid AND a.attrelid = t.oid AND t.relkind = 'r' and t.relname = 'users' GROUP BY i.relname, ix.indexrelid, ix.indisprimary, ix.indisunique, ix.indkey ORDER BY i.relname;
Executing (default): SELECT table_name FROM information_schema.tables WHERE table_schema = 'public' AND table_name = 'channels'
Executing (default): SELECT pk.constraint_type as "Constraint",c.column_name as "Field", c.column_default as "Default",c.is_nullable as "Null", (CASE WHEN c.udt_name = 'hstore' THEN c.udt_name ELSE c.data_type END) || (CASE WHEN c.character_maximum_length IS NOT NULL THEN '(' || c.character_maximum_length || ')' ELSE '' END) as "Type", (SELECT array_agg(e.enumlabel) FROM pg_catalog.pg_type t JOIN pg_catalog.pg_enum e ON t.oid=e.enumtypid WHERE t.typname=c.udt_name) AS "special", (SELECT pgd.description FROM pg_catalog.pg_statio_all_tables AS st INNER JOIN pg_catalog.pg_description pgd on (pgd.objoid=st.relid) WHERE c.ordinal_position=pgd.objsubid AND c.table_name=st.relname) AS "Comment" FROM information_schema.columns c LEFT JOIN (SELECT tc.table_schema, tc.table_name, cu.column_name, tc.constraint_type FROM information_schema.TABLE_CONSTRAINTS tc JOIN information_schema.KEY_COLUMN_USAGE  cu ON tc.table_schema=cu.table_schema and tc.table_name=cu.table_name and tc.constraint_name=cu.constraint_name and tc.constraint_type='PRIMARY KEY') pk ON pk.table_schema=c.table_schema AND pk.table_name=c.table_name AND pk.column_name=c.column_name WHERE c.table_name = 'channels' AND c.table_schema = 'public'
Executing (default): SELECT DISTINCT tc.constraint_name as constraint_name, tc.constraint_schema as constraint_schema, tc.constraint_catalog as constraint_catalog, tc.table_name as table_name,tc.table_schema as table_schema,tc.table_catalog as table_catalog,tc.initially_deferred as initially_deferred,tc.is_deferrable as is_deferrable,kcu.column_name as column_name,ccu.table_schema  AS referenced_table_schema,ccu.table_catalog  AS referenced_table_catalog,ccu.table_name  AS referenced_table_name,ccu.column_name AS referenced_column_name FROM information_schema.table_constraints AS tc JOIN information_schema.key_column_usage AS kcu ON tc.constraint_name = kcu.constraint_name JOIN information_schema.constraint_column_usage AS ccu ON ccu.constraint_name = tc.constraint_name WHERE constraint_type = 'FOREIGN KEY' AND tc.table_name = 'channels' AND tc.table_catalog = 'rad5_communication'
DNSException: getaddrinfo 
ENOTFOUND
 syscall: "getaddrinfo",
   errno: 4,
 command: "CONN",
    code: "EDNS"


Executing (default): ALTER TABLE "channels" ALTER COLUMN "name" SET NOT NULL;ALTER TABLE "channels" ALTER COLUMN "name" DROP DEFAULT;ALTER TABLE "channels" ALTER COLUMN "name" TYPE VARCHAR(100);
Executing (default): ALTER TABLE "channels" ALTER COLUMN "description" DROP NOT NULL;ALTER TABLE "channels" ALTER COLUMN "description" DROP DEFAULT;ALTER TABLE "channels" ALTER COLUMN "description" TYPE VARCHAR(500);
Executing (default): ALTER TABLE "channels" ALTER COLUMN "avatar" DROP NOT NULL;ALTER TABLE "channels" ALTER COLUMN "avatar" DROP DEFAULT;ALTER TABLE "channels" ALTER COLUMN "avatar" TYPE VARCHAR(500);
Executing (default): ALTER TABLE "channels" ALTER COLUMN "isGroup" DROP NOT NULL;ALTER TABLE "channels" ALTER COLUMN "isGroup" SET DEFAULT false;ALTER TABLE "channels" ALTER COLUMN "isGroup" TYPE BOOLEAN;
Executing (default): ALTER TABLE "channels" DROP CONSTRAINT "channels_createdBy_fkey"
Executing (default): ALTER TABLE "channels" ALTER COLUMN "createdBy" SET NOT NULL;ALTER TABLE "channels"  ADD FOREIGN KEY ("createdBy") REFERENCES "users" ("id") ON DELETE NO ACTION ON UPDATE CASCADE;
Executing (default): ALTER TABLE "channels" ALTER COLUMN "createdAt" SET NOT NULL;ALTER TABLE "channels" ALTER COLUMN "createdAt" DROP DEFAULT;ALTER TABLE "channels" ALTER COLUMN "createdAt" TYPE TIMESTAMP WITH TIME ZONE;
Executing (default): ALTER TABLE "channels" ALTER COLUMN "updatedAt" SET NOT NULL;ALTER TABLE "channels" ALTER COLUMN "updatedAt" DROP DEFAULT;ALTER TABLE "channels" ALTER COLUMN "updatedAt" TYPE TIMESTAMP WITH TIME ZONE;
Executing (default): SELECT i.relname AS name, ix.indisprimary AS primary, ix.indisunique AS unique, ix.indkey AS indkey, array_agg(a.attnum) as column_indexes, array_agg(a.attname) AS column_names, pg_get_indexdef(ix.indexrelid) AS definition FROM pg_class t, pg_class i, pg_index ix, pg_attribute a WHERE t.oid = ix.indrelid AND i.oid = ix.indexrelid AND a.attrelid = t.oid AND t.relkind = 'r' and t.relname = 'channels' GROUP BY i.relname, ix.indexrelid, ix.indisprimary, ix.indisunique, ix.indkey ORDER BY i.relname;
Executing (default): SELECT table_name FROM information_schema.tables WHERE table_schema = 'public' AND table_name = 'channel_members'
Executing (default): SELECT t.typname enum_name, array_agg(e.enumlabel ORDER BY enumsortorder) enum_value FROM pg_type t JOIN pg_enum e ON t.oid = e.enumtypid JOIN pg_catalog.pg_namespace n ON n.oid = t.typnamespace WHERE n.nspname = 'public' AND t.typname='enum_channel_members_role' GROUP BY 1
Executing (default): SELECT pk.constraint_type as "Constraint",c.column_name as "Field", c.column_default as "Default",c.is_nullable as "Null", (CASE WHEN c.udt_name = 'hstore' THEN c.udt_name ELSE c.data_type END) || (CASE WHEN c.character_maximum_length IS NOT NULL THEN '(' || c.character_maximum_length || ')' ELSE '' END) as "Type", (SELECT array_agg(e.enumlabel) FROM pg_catalog.pg_type t JOIN pg_catalog.pg_enum e ON t.oid=e.enumtypid WHERE t.typname=c.udt_name) AS "special", (SELECT pgd.description FROM pg_catalog.pg_statio_all_tables AS st INNER JOIN pg_catalog.pg_description pgd on (pgd.objoid=st.relid) WHERE c.ordinal_position=pgd.objsubid AND c.table_name=st.relname) AS "Comment" FROM information_schema.columns c LEFT JOIN (SELECT tc.table_schema, tc.table_name, cu.column_name, tc.constraint_type FROM information_schema.TABLE_CONSTRAINTS tc JOIN information_schema.KEY_COLUMN_USAGE  cu ON tc.table_schema=cu.table_schema and tc.table_name=cu.table_name and tc.constraint_name=cu.constraint_name and tc.constraint_type='PRIMARY KEY') pk ON pk.table_schema=c.table_schema AND pk.table_name=c.table_name AND pk.column_name=c.column_name WHERE c.table_name = 'channel_members' AND c.table_schema = 'public'
Executing (default): SELECT DISTINCT tc.constraint_name as constraint_name, tc.constraint_schema as constraint_schema, tc.constraint_catalog as constraint_catalog, tc.table_name as table_name,tc.table_schema as table_schema,tc.table_catalog as table_catalog,tc.initially_deferred as initially_deferred,tc.is_deferrable as is_deferrable,kcu.column_name as column_name,ccu.table_schema  AS referenced_table_schema,ccu.table_catalog  AS referenced_table_catalog,ccu.table_name  AS referenced_table_name,ccu.column_name AS referenced_column_name FROM information_schema.table_constraints AS tc JOIN information_schema.key_column_usage AS kcu ON tc.constraint_name = kcu.constraint_name JOIN information_schema.constraint_column_usage AS ccu ON ccu.constraint_name = tc.constraint_name WHERE constraint_type = 'FOREIGN KEY' AND tc.table_name = 'channel_members' AND tc.table_catalog = 'rad5_communication'
Executing (default): ALTER TABLE "channel_members" DROP CONSTRAINT "channel_members_channelId_fkey"
Executing (default): ALTER TABLE "channel_members" ALTER COLUMN "channelId" SET NOT NULL;ALTER TABLE "channel_members"  ADD FOREIGN KEY ("channelId") REFERENCES "channels" ("id") ON DELETE CASCADE ON UPDATE CASCADE;
Executing (default): ALTER TABLE "channel_members" DROP CONSTRAINT "channel_members_userId_fkey"
Executing (default): ALTER TABLE "channel_members" ALTER COLUMN "userId" SET NOT NULL;ALTER TABLE "channel_members"  ADD FOREIGN KEY ("userId") REFERENCES "users" ("id") ON DELETE CASCADE ON UPDATE CASCADE;
Executing (default): ALTER TABLE "channel_members" ALTER COLUMN "role" DROP NOT NULL;ALTER TABLE "channel_members" ALTER COLUMN "role" SET DEFAULT 'member';DO 'BEGIN CREATE TYPE "public"."enum_channel_members_role" AS ENUM(''admin'', ''member''); EXCEPTION WHEN duplicate_object THEN null; END';ALTER TABLE "channel_members" ALTER COLUMN "role" TYPE "public"."enum_channel_members_role" USING ("role"::"public"."enum_channel_members_role");
Executing (default): ALTER TABLE "channel_members" ALTER COLUMN "joinedAt" DROP NOT NULL;ALTER TABLE "channel_members" ALTER COLUMN "joinedAt" DROP DEFAULT;ALTER TABLE "channel_members" ALTER COLUMN "joinedAt" TYPE TIMESTAMP WITH TIME ZONE;
Executing (default): ALTER TABLE "channel_members" ALTER COLUMN "isArchived" DROP NOT NULL;ALTER TABLE "channel_members" ALTER COLUMN "isArchived" SET DEFAULT false;ALTER TABLE "channel_members" ALTER COLUMN "isArchived" TYPE BOOLEAN;
Executing (default): ALTER TABLE "channel_members" ALTER COLUMN "isStarred" DROP NOT NULL;ALTER TABLE "channel_members" ALTER COLUMN "isStarred" SET DEFAULT false;ALTER TABLE "channel_members" ALTER COLUMN "isStarred" TYPE BOOLEAN;
Executing (default): ALTER TABLE "channel_members" ALTER COLUMN "isMuted" DROP NOT NULL;ALTER TABLE "channel_members" ALTER COLUMN "isMuted" SET DEFAULT false;ALTER TABLE "channel_members" ALTER COLUMN "isMuted" TYPE BOOLEAN;
Executing (default): ALTER TABLE "channel_members" ALTER COLUMN "lastReadAt" DROP NOT NULL;ALTER TABLE "channel_members" ALTER COLUMN "lastReadAt" SET DEFAULT NULL;ALTER TABLE "channel_members" ALTER COLUMN "lastReadAt" TYPE TIMESTAMP WITH TIME ZONE;
Executing (default): SELECT i.relname AS name, ix.indisprimary AS primary, ix.indisunique AS unique, ix.indkey AS indkey, array_agg(a.attnum) as column_indexes, array_agg(a.attname) AS column_names, pg_get_indexdef(ix.indexrelid) AS definition FROM pg_class t, pg_class i, pg_index ix, pg_attribute a WHERE t.oid = ix.indrelid AND i.oid = ix.indexrelid AND a.attrelid = t.oid AND t.relkind = 'r' and t.relname = 'channel_members' GROUP BY i.relname, ix.indexrelid, ix.indisprimary, ix.indisunique, ix.indkey ORDER BY i.relname;
Executing (default): SELECT table_name FROM information_schema.tables WHERE table_schema = 'public' AND table_name = 'messages'
Executing (default): SELECT pk.constraint_type as "Constraint",c.column_name as "Field", c.column_default as "Default",c.is_nullable as "Null", (CASE WHEN c.udt_name = 'hstore' THEN c.udt_name ELSE c.data_type END) || (CASE WHEN c.character_maximum_length IS NOT NULL THEN '(' || c.character_maximum_length || ')' ELSE '' END) as "Type", (SELECT array_agg(e.enumlabel) FROM pg_catalog.pg_type t JOIN pg_catalog.pg_enum e ON t.oid=e.enumtypid WHERE t.typname=c.udt_name) AS "special", (SELECT pgd.description FROM pg_catalog.pg_statio_all_tables AS st INNER JOIN pg_catalog.pg_description pgd on (pgd.objoid=st.relid) WHERE c.ordinal_position=pgd.objsubid AND c.table_name=st.relname) AS "Comment" FROM information_schema.columns c LEFT JOIN (SELECT tc.table_schema, tc.table_name, cu.column_name, tc.constraint_type FROM information_schema.TABLE_CONSTRAINTS tc JOIN information_schema.KEY_COLUMN_USAGE  cu ON tc.table_schema=cu.table_schema and tc.table_name=cu.table_name and tc.constraint_name=cu.constraint_name and tc.constraint_type='PRIMARY KEY') pk ON pk.table_schema=c.table_schema AND pk.table_name=c.table_name AND pk.column_name=c.column_name WHERE c.table_name = 'messages' AND c.table_schema = 'public'
Executing (default): SELECT DISTINCT tc.constraint_name as constraint_name, tc.constraint_schema as constraint_schema, tc.constraint_catalog as constraint_catalog, tc.table_name as table_name,tc.table_schema as table_schema,tc.table_catalog as table_catalog,tc.initially_deferred as initially_deferred,tc.is_deferrable as is_deferrable,kcu.column_name as column_name,ccu.table_schema  AS referenced_table_schema,ccu.table_catalog  AS referenced_table_catalog,ccu.table_name  AS referenced_table_name,ccu.column_name AS referenced_column_name FROM information_schema.table_constraints AS tc JOIN information_schema.key_column_usage AS kcu ON tc.constraint_name = kcu.constraint_name JOIN information_schema.constraint_column_usage AS ccu ON ccu.constraint_name = tc.constraint_name WHERE constraint_type = 'FOREIGN KEY' AND tc.table_name = 'messages' AND tc.table_catalog = 'rad5_communication'
Executing (default): ALTER TABLE "messages" DROP CONSTRAINT "messages_channelId_fkey"
Executing (default): ALTER TABLE "messages" ALTER COLUMN "channelId" SET NOT NULL;ALTER TABLE "messages"  ADD FOREIGN KEY ("channelId") REFERENCES "channels" ("id") ON DELETE NO ACTION ON UPDATE CASCADE;
Executing (default): ALTER TABLE "messages" DROP CONSTRAINT "messages_senderId_fkey"
Executing (default): ALTER TABLE "messages" ALTER COLUMN "senderId" SET NOT NULL;ALTER TABLE "messages"  ADD FOREIGN KEY ("senderId") REFERENCES "users" ("id") ON DELETE NO ACTION ON UPDATE CASCADE;
Executing (default): ALTER TABLE "messages" ALTER COLUMN "text" DROP NOT NULL;ALTER TABLE "messages" ALTER COLUMN "text" DROP DEFAULT;ALTER TABLE "messages" ALTER COLUMN "text" TYPE TEXT;
Executing (default): ALTER TABLE "messages" ALTER COLUMN "attachments" DROP NOT NULL;ALTER TABLE "messages" ALTER COLUMN "attachments" SET DEFAULT '[]';ALTER TABLE "messages" ALTER COLUMN "attachments" TYPE JSON;
Executing (default): ALTER TABLE "messages" ALTER COLUMN "audio" DROP NOT NULL;ALTER TABLE "messages" ALTER COLUMN "audio" DROP DEFAULT;ALTER TABLE "messages" ALTER COLUMN "audio" TYPE JSON;
Executing (default): ALTER TABLE "messages" ALTER COLUMN "poll" DROP NOT NULL;ALTER TABLE "messages" ALTER COLUMN "poll" DROP DEFAULT;ALTER TABLE "messages" ALTER COLUMN "poll" TYPE JSON;
Executing (default): ALTER TABLE "messages" ALTER COLUMN "isEdited" DROP NOT NULL;ALTER TABLE "messages" ALTER COLUMN "isEdited" SET DEFAULT false;ALTER TABLE "messages" ALTER COLUMN "isEdited" TYPE BOOLEAN;
Executing (default): ALTER TABLE "messages" ALTER COLUMN "isDeleted" DROP NOT NULL;ALTER TABLE "messages" ALTER COLUMN "isDeleted" SET DEFAULT false;ALTER TABLE "messages" ALTER COLUMN "isDeleted" TYPE BOOLEAN;
Executing (default): ALTER TABLE "messages" ALTER COLUMN "createdAt" SET NOT NULL;ALTER TABLE "messages" ALTER COLUMN "createdAt" DROP DEFAULT;ALTER TABLE "messages" ALTER COLUMN "createdAt" TYPE TIMESTAMP WITH TIME ZONE;
Executing (default): ALTER TABLE "messages" ALTER COLUMN "updatedAt" SET NOT NULL;ALTER TABLE "messages" ALTER COLUMN "updatedAt" DROP DEFAULT;ALTER TABLE "messages" ALTER COLUMN "updatedAt" TYPE TIMESTAMP WITH TIME ZONE;
Executing (default): SELECT i.relname AS name, ix.indisprimary AS primary, ix.indisunique AS unique, ix.indkey AS indkey, array_agg(a.attnum) as column_indexes, array_agg(a.attname) AS column_names, pg_get_indexdef(ix.indexrelid) AS definition FROM pg_class t, pg_class i, pg_index ix, pg_attribute a WHERE t.oid = ix.indrelid AND i.oid = ix.indexrelid AND a.attrelid = t.oid AND t.relkind = 'r' and t.relname = 'messages' GROUP BY i.relname, ix.indexrelid, ix.indisprimary, ix.indisunique, ix.indkey ORDER BY i.relname;
Executing (default): SELECT table_name FROM information_schema.tables WHERE table_schema = 'public' AND table_name = 'reactions'
Executing (default): SELECT pk.constraint_type as "Constraint",c.column_name as "Field", c.column_default as "Default",c.is_nullable as "Null", (CASE WHEN c.udt_name = 'hstore' THEN c.udt_name ELSE c.data_type END) || (CASE WHEN c.character_maximum_length IS NOT NULL THEN '(' || c.character_maximum_length || ')' ELSE '' END) as "Type", (SELECT array_agg(e.enumlabel) FROM pg_catalog.pg_type t JOIN pg_catalog.pg_enum e ON t.oid=e.enumtypid WHERE t.typname=c.udt_name) AS "special", (SELECT pgd.description FROM pg_catalog.pg_statio_all_tables AS st INNER JOIN pg_catalog.pg_description pgd on (pgd.objoid=st.relid) WHERE c.ordinal_position=pgd.objsubid AND c.table_name=st.relname) AS "Comment" FROM information_schema.columns c LEFT JOIN (SELECT tc.table_schema, tc.table_name, cu.column_name, tc.constraint_type FROM information_schema.TABLE_CONSTRAINTS tc JOIN information_schema.KEY_COLUMN_USAGE  cu ON tc.table_schema=cu.table_schema and tc.table_name=cu.table_name and tc.constraint_name=cu.constraint_name and tc.constraint_type='PRIMARY KEY') pk ON pk.table_schema=c.table_schema AND pk.table_name=c.table_name AND pk.column_name=c.column_name WHERE c.table_name = 'reactions' AND c.table_schema = 'public'
Executing (default): SELECT DISTINCT tc.constraint_name as constraint_name, tc.constraint_schema as constraint_schema, tc.constraint_catalog as constraint_catalog, tc.table_name as table_name,tc.table_schema as table_schema,tc.table_catalog as table_catalog,tc.initially_deferred as initially_deferred,tc.is_deferrable as is_deferrable,kcu.column_name as column_name,ccu.table_schema  AS referenced_table_schema,ccu.table_catalog  AS referenced_table_catalog,ccu.table_name  AS referenced_table_name,ccu.column_name AS referenced_column_name FROM information_schema.table_constraints AS tc JOIN information_schema.key_column_usage AS kcu ON tc.constraint_name = kcu.constraint_name JOIN information_schema.constraint_column_usage AS ccu ON ccu.constraint_name = tc.constraint_name WHERE constraint_type = 'FOREIGN KEY' AND tc.table_name = 'reactions' AND tc.table_catalog = 'rad5_communication'
Executing (default): ALTER TABLE "reactions" DROP CONSTRAINT "reactions_messageId_fkey"
Executing (default): ALTER TABLE "reactions" ALTER COLUMN "messageId" SET NOT NULL;ALTER TABLE "reactions"  ADD FOREIGN KEY ("messageId") REFERENCES "messages" ("id") ON DELETE NO ACTION ON UPDATE CASCADE;
Executing (default): ALTER TABLE "reactions" DROP CONSTRAINT "reactions_userId_fkey"
Executing (default): ALTER TABLE "reactions" ALTER COLUMN "userId" SET NOT NULL;ALTER TABLE "reactions"  ADD FOREIGN KEY ("userId") REFERENCES "users" ("id") ON DELETE NO ACTION ON UPDATE CASCADE;
Executing (default): ALTER TABLE "reactions" ALTER COLUMN "emoji" SET NOT NULL;ALTER TABLE "reactions" ALTER COLUMN "emoji" DROP DEFAULT;ALTER TABLE "reactions" ALTER COLUMN "emoji" TYPE VARCHAR(50);
Executing (default): ALTER TABLE "reactions" ALTER COLUMN "createdAt" SET NOT NULL;ALTER TABLE "reactions" ALTER COLUMN "createdAt" DROP DEFAULT;ALTER TABLE "reactions" ALTER COLUMN "createdAt" TYPE TIMESTAMP WITH TIME ZONE;
Executing (default): SELECT i.relname AS name, ix.indisprimary AS primary, ix.indisunique AS unique, ix.indkey AS indkey, array_agg(a.attnum) as column_indexes, array_agg(a.attname) AS column_names, pg_get_indexdef(ix.indexrelid) AS definition FROM pg_class t, pg_class i, pg_index ix, pg_attribute a WHERE t.oid = ix.indrelid AND i.oid = ix.indexrelid AND a.attrelid = t.oid AND t.relkind = 'r' and t.relname = 'reactions' GROUP BY i.relname, ix.indexrelid, ix.indisprimary, ix.indisunique, ix.indkey ORDER BY i.relname;
Γ£à Database synchronized
≡ƒÜÇ Server running on port 3333
≡ƒôí WebSocket available at ws://localhost:3333/ws
≡ƒôï API available at http://localhost:3333/api
Γ£à Test server started on port 3333
Executing (default): SELECT "id", "name", "email", "password", "avatar", "bio", "lastSeen", "profileVisibility", "readReceipts", "typingIndicators", "notificationSettings", "resetToken", "resetTokenExpiry", "isOnline", "lastActive", "createdAt", "updatedAt" FROM "users" AS "User" WHERE "User"."email" = 'usertest-1769777529051@example.com';
Executing (default): INSERT INTO "users" ("id","name","email","password","lastSeen","profileVisibility","readReceipts","typingIndicators","notificationSettings","isOnline","lastActive","createdAt","updatedAt") VALUES ($1,$2,$3,$4,$5,$6,$7,$8,$9,$10,$11,$12,$13) RETURNING "id","name","email","password","avatar","bio","lastSeen","profileVisibility","readReceipts","typingIndicators","notificationSettings","resetToken","resetTokenExpiry","isOnline","lastActive","createdAt","updatedAt";
Executing (default): SELECT "id", "name", "email", "password", "avatar", "bio", "lastSeen", "profileVisibility", "readReceipts", "typingIndicators", "notificationSettings", "resetToken", "resetTokenExpiry", "isOnline", "lastActive", "createdAt", "updatedAt" FROM "users" AS "User" WHERE "User"."id" = 'faf64699-af88-4931-981a-da620b422910';
Executing (default): SELECT count(*) AS "count" FROM "users" AS "User";
Executing (default): SELECT "id", "name", "email", "avatar", "bio", "lastSeen", "profileVisibility", "isOnline", "lastActive" FROM "users" AS "User" ORDER BY "User"."name" ASC LIMIT 20 OFFSET 0;
(pass) User Endpoints > GET 
/api/users > should return 
users list [47.00ms]
(pass) User Endpoints > GET 
/api/users > should reject 
unauthenticated request
Executing (default): SELECT "id", "name", "email", "password", "avatar", "bio", "lastSeen", "profileVisibility", "readReceipts", "typingIndicators", "notificationSettings", "resetToken", "resetTokenExpiry", "isOnline", "lastActive", "createdAt", "updatedAt" FROM "users" AS "User" WHERE "User"."id" = 'faf64699-af88-4931-981a-da620b422910';
Executing (default): SELECT "id", "name", "email", "password", "avatar", "bio", "lastSeen", "profileVisibility", "readReceipts", "typingIndicators", "notificationSettings", "resetToken", "resetTokenExpiry", "isOnline", "lastActive", "createdAt", "updatedAt" FROM "users" AS "User" WHERE "User"."id" = 'faf64699-af88-4931-981a-da620b422910';
Executing (default): SELECT "channelId", "lastReadAt" FROM "channel_members" AS "ChannelMember" WHERE "ChannelMember"."userId" = 'faf64699-af88-4931-981a-da620b422910';
(pass) User Endpoints > GET 
/api/users/me > should 
return current user
Executing (default): SELECT "id", "name", "email", "password", "avatar", "bio", "lastSeen", "profileVisibility", "readReceipts", "typingIndicators", "notificationSettings", "resetToken", "resetTokenExpiry", "isOnline", "lastActive", "createdAt", "updatedAt" FROM "users" AS "User" WHERE "User"."id" = 'faf64699-af88-4931-981a-da620b422910';
Executing (default): SELECT "id", "name", "email", "avatar", "bio", "lastSeen", "profileVisibility", "readReceipts", "typingIndicators", "notificationSettings", "isOnline", "lastActive" FROM "users" AS "User" WHERE "User"."id" = 'faf64699-af88-4931-981a-da620b422910';
(pass) User Endpoints > GET 
/api/users/:id > should 
return user by ID [16.00ms]
Executing (default): SELECT "id", "name", "email", "password", "avatar", "bio", "lastSeen", "profileVisibility", "readReceipts", "typingIndicators", "notificationSettings", "resetToken", "resetTokenExpiry", "isOnline", "lastActive", "createdAt", "updatedAt" FROM "users" AS "User" WHERE "User"."id" = 'faf64699-af88-4931-981a-da620b422910';
Executing (default): SELECT "id", "name", "email", "avatar", "bio", "lastSeen", "profileVisibility", "readReceipts", "typingIndicators", "notificationSettings", "isOnline", "lastActive" FROM "users" AS "User" WHERE "User"."id" = '00000000-0000-0000-0000-000000000000';
(pass) User Endpoints > GET 
/api/users/:id > should 
return 404 for non-existent 
user [15.00ms]
Executing (default): SELECT "id", "name", "email", "password", "avatar", "bio", "lastSeen", "profileVisibility", "readReceipts", "typingIndicators", "notificationSettings", "resetToken", "resetTokenExpiry", "isOnline", "lastActive", "createdAt", "updatedAt" FROM "users" AS "User" WHERE "User"."id" = 'faf64699-af88-4931-981a-da620b422910';
Executing (default): SELECT "id", "name", "email", "password", "avatar", "bio", "lastSeen", "profileVisibility", "readReceipts", "typingIndicators", "notificationSettings", "resetToken", "resetTokenExpiry", "isOnline", "lastActive", "createdAt", "updatedAt" FROM "users" AS "User" WHERE "User"."id" = 'faf64699-af88-4931-981a-da620b422910';
Executing (default): UPDATE "users" SET "name"=$1,"bio"=$2,"updatedAt"=$3 WHERE "id" = $4
(pass) User Endpoints > PUT 
/api/users/profile > should 
update user profile 
[16.00ms]
Executing (default): SELECT "id", "name", "email", "password", "avatar", "bio", "lastSeen", "profileVisibility", "readReceipts", "typingIndicators", "notificationSettings", "resetToken", "resetTokenExpiry", "isOnline", "lastActive", "createdAt", "updatedAt" FROM "users" AS "User" WHERE "User"."id" = 'faf64699-af88-4931-981a-da620b422910';
Executing (default): SELECT "id", "name", "email", "password", "avatar", "bio", "lastSeen", "profileVisibility", "readReceipts", "typingIndicators", "notificationSettings", "resetToken", "resetTokenExpiry", "isOnline", "lastActive", "createdAt", "updatedAt" FROM "users" AS "User" WHERE "User"."id" = 'faf64699-af88-4931-981a-da620b422910';
Executing (default): UPDATE "users" SET "lastSeen"=$1,"profileVisibility"=$2,"readReceipts"=$3,"typingIndicators"=$4,"updatedAt"=$5 WHERE "id" = $6
(pass) User Endpoints > PUT 
/api/users/privacy > should 
update privacy settings 
[31.00ms]
Executing (default): SELECT "id", "name", "email", "password", "avatar", "bio", "lastSeen", "profileVisibility", "readReceipts", "typingIndicators", "notificationSettings", "resetToken", "resetTokenExpiry", "isOnline", "lastActive", "createdAt", "updatedAt" FROM "users" AS "User" WHERE "User"."id" = 'faf64699-af88-4931-981a-da620b422910';
Executing (default): SELECT "id", "name", "email", "password", "avatar", "bio", "lastSeen", "profileVisibility", "readReceipts", "typingIndicators", "notificationSettings", "resetToken", "resetTokenExpiry", "isOnline", "lastActive", "createdAt", "updatedAt" FROM "users" AS "User" WHERE "User"."id" = 'faf64699-af88-4931-981a-da620b422910';
DNSException: getaddrinfo 
ENOTFOUND
 syscall: "getaddrinfo",
   errno: 4,
 command: "CONN",
    code: "EDNS"


Executing (default): UPDATE "users" SET "notificationSettings"=$1,"updatedAt"=$2 WHERE "id" = $3
(pass) User Endpoints > PUT 
/api/users/notifications > 
should update notification 
settings [16.00ms]
Γ£à Test server stopped

 49 pass
 0 fail
 1 error
 124 expect() calls
Ran 49 tests across 4 
files. [10.32s]
