bun test v1.3.4 (5eb2145b)
bun : 
At line:1 char:1
+ bun test tests/auth.test.ts tests/channels.test.ts > test_output.txt  ...
+ ~~~~~~~~~~~~~~~~~~~~~~~~~~~~~~~~~~~~~~~~~~~~~~~~~~~~~~~~~~~~~~~~~~~~~
    + CategoryInfo          : NotSpecified: (:String) [], RemoteException
    + FullyQualifiedErrorId : NativeCommandError
 
tests\auth.test.ts:
Γ£à Loaded environment variables from .env
[dotenv@17.2.3] injecting env (0) from .env -- tip: ΓÜÖ∩╕Å  enable debug logging with { debug: true }
[dotenv@17.2.3] injecting env (0) from .env -- tip: ≡ƒæÑ sync secrets across teammates & machines: https://dotenvx.com/ops
[dotenv@17.2.3] injecting env (0) from .env -- tip: ≡ƒöÉ prevent building .env in docker: https://dotenvx.com/prebuild
[dotenv@17.2.3] injecting env (0) from .env -- tip: ΓÜÖ∩╕Å  override existing env vars with { override: true }
(fail) (unnamed) [7937.00ms]
  ^ a beforeEach/afterEach hook timed out for this test.
Γ£à Test server stopped

tests\channels.test.ts:
Γ£à Loaded environment variables from .env
Executing (default): SELECT 1+1 AS result
Executing (default): SELECT 1+1 AS result
Γ£à PostgreSQL connected successfully
Executing (default): SELECT 1+1 AS result
Γ£à PostgreSQL connected successfully
Executing (default): SELECT table_name FROM information_schema.tables WHERE table_schema = 'public' AND table_name = 'users'
Executing (default): SELECT table_name FROM information_schema.tables WHERE table_schema = 'public' AND table_name = 'users'
Γ£à PostgreSQL connected successfully
Executing (default): SELECT table_name FROM information_schema.tables WHERE table_schema = 'public' AND table_name = 'users'
Executing (default): SELECT t.typname enum_name, array_agg(e.enumlabel ORDER BY enumsortorder) enum_value FROM pg_type t JOIN pg_enum e ON t.oid = e.enumtypid JOIN pg_catalog.pg_namespace n ON n.oid = t.typnamespace WHERE n.nspname = 'public' AND t.typname='enum_users_lastSeen' GROUP BY 1
Executing (default): SELECT t.typname enum_name, array_agg(e.enumlabel ORDER BY enumsortorder) enum_value FROM pg_type t JOIN pg_enum e ON t.oid = e.enumtypid JOIN pg_catalog.pg_namespace n ON n.oid = t.typnamespace WHERE n.nspname = 'public' AND t.typname='enum_users_profileVisibility' GROUP BY 1
Executing (default): SELECT t.typname enum_name, array_agg(e.enumlabel ORDER BY enumsortorder) enum_value FROM pg_type t JOIN pg_enum e ON t.oid = e.enumtypid JOIN pg_catalog.pg_namespace n ON n.oid = t.typnamespace WHERE n.nspname = 'public' AND t.typname='enum_users_lastSeen' GROUP BY 1
Executing (default): SELECT t.typname enum_name, array_agg(e.enumlabel ORDER BY enumsortorder) enum_value FROM pg_type t JOIN pg_enum e ON t.oid = e.enumtypid JOIN pg_catalog.pg_namespace n ON n.oid = t.typnamespace WHERE n.nspname = 'public' AND t.typname='enum_users_profileVisibility' GROUP BY 1
Executing (default): SELECT t.typname enum_name, array_agg(e.enumlabel ORDER BY enumsortorder) enum_value FROM pg_type t JOIN pg_enum e ON t.oid = e.enumtypid JOIN pg_catalog.pg_namespace n ON n.oid = t.typnamespace WHERE n.nspname = 'public' AND t.typname='enum_users_lastSeen' GROUP BY 1
Executing (default): SELECT t.typname enum_name, array_agg(e.enumlabel ORDER BY enumsortorder) enum_value FROM pg_type t JOIN pg_enum e ON t.oid = e.enumtypid JOIN pg_catalog.pg_namespace n ON n.oid = t.typnamespace WHERE n.nspname = 'public' AND t.typname='enum_users_profileVisibility' GROUP BY 1
Executing (default): SELECT pk.constraint_type as "Constraint",c.column_name as "Field", c.column_default as "Default",c.is_nullable as "Null", (CASE WHEN c.udt_name = 'hstore' THEN c.udt_name ELSE c.data_type END) || (CASE WHEN c.character_maximum_length IS NOT NULL THEN '(' || c.character_maximum_length || ')' ELSE '' END) as "Type", (SELECT array_agg(e.enumlabel) FROM pg_catalog.pg_type t JOIN pg_catalog.pg_enum e ON t.oid=e.enumtypid WHERE t.typname=c.udt_name) AS "special", (SELECT pgd.description FROM pg_catalog.pg_statio_all_tables AS st INNER JOIN pg_catalog.pg_description pgd on (pgd.objoid=st.relid) WHERE c.ordinal_position=pgd.objsubid AND c.table_name=st.relname) AS "Comment" FROM information_schema.columns c LEFT JOIN (SELECT tc.table_schema, tc.table_name, cu.column_name, tc.constraint_type FROM information_schema.TABLE_CONSTRAINTS tc JOIN information_schema.KEY_COLUMN_USAGE  cu ON tc.table_schema=cu.table_schema and tc.table_name=cu.table_name and tc.constraint_name=cu.constraint_name and tc.constraint_type='PRIMARY KEY') pk ON pk.table_schema=c.table_schema AND pk.table_name=c.table_name AND pk.column_name=c.column_name WHERE c.table_name = 'users' AND c.table_schema = 'public'
Executing (default): SELECT DISTINCT tc.constraint_name as constraint_name, tc.constraint_schema as constraint_schema, tc.constraint_catalog as constraint_catalog, tc.table_name as table_name,tc.table_schema as table_schema,tc.table_catalog as table_catalog,tc.initially_deferred as initially_deferred,tc.is_deferrable as is_deferrable,kcu.column_name as column_name,ccu.table_schema  AS referenced_table_schema,ccu.table_catalog  AS referenced_table_catalog,ccu.table_name  AS referenced_table_name,ccu.column_name AS referenced_column_name FROM information_schema.table_constraints AS tc JOIN information_schema.key_column_usage AS kcu ON tc.constraint_name = kcu.constraint_name JOIN information_schema.constraint_column_usage AS ccu ON ccu.constraint_name = tc.constraint_name WHERE constraint_type = 'FOREIGN KEY' AND tc.table_name = 'users' AND tc.table_catalog = 'rad5_communication'
Executing (default): SELECT pk.constraint_type as "Constraint",c.column_name as "Field", c.column_default as "Default",c.is_nullable as "Null", (CASE WHEN c.udt_name = 'hstore' THEN c.udt_name ELSE c.data_type END) || (CASE WHEN c.character_maximum_length IS NOT NULL THEN '(' || c.character_maximum_length || ')' ELSE '' END) as "Type", (SELECT array_agg(e.enumlabel) FROM pg_catalog.pg_type t JOIN pg_catalog.pg_enum e ON t.oid=e.enumtypid WHERE t.typname=c.udt_name) AS "special", (SELECT pgd.description FROM pg_catalog.pg_statio_all_tables AS st INNER JOIN pg_catalog.pg_description pgd on (pgd.objoid=st.relid) WHERE c.ordinal_position=pgd.objsubid AND c.table_name=st.relname) AS "Comment" FROM information_schema.columns c LEFT JOIN (SELECT tc.table_schema, tc.table_name, cu.column_name, tc.constraint_type FROM information_schema.TABLE_CONSTRAINTS tc JOIN information_schema.KEY_COLUMN_USAGE  cu ON tc.table_schema=cu.table_schema and tc.table_name=cu.table_name and tc.constraint_name=cu.constraint_name and tc.constraint_type='PRIMARY KEY') pk ON pk.table_schema=c.table_schema AND pk.table_name=c.table_name AND pk.column_name=c.column_name WHERE c.table_name = 'users' AND c.table_schema = 'public'
Executing (default): SELECT DISTINCT tc.constraint_name as constraint_name, tc.constraint_schema as constraint_schema, tc.constraint_catalog as constraint_catalog, tc.table_name as table_name,tc.table_schema as table_schema,tc.table_catalog as table_catalog,tc.initially_deferred as initially_deferred,tc.is_deferrable as is_deferrable,kcu.column_name as column_name,ccu.table_schema  AS referenced_table_schema,ccu.table_catalog  AS referenced_table_catalog,ccu.table_name  AS referenced_table_name,ccu.column_name AS referenced_column_name FROM information_schema.table_constraints AS tc JOIN information_schema.key_column_usage AS kcu ON tc.constraint_name = kcu.constraint_name JOIN information_schema.constraint_column_usage AS ccu ON ccu.constraint_name = tc.constraint_name WHERE constraint_type = 'FOREIGN KEY' AND tc.table_name = 'users' AND tc.table_catalog = 'rad5_communication'
Executing (default): SELECT pk.constraint_type as "Constraint",c.column_name as "Field", c.column_default as "Default",c.is_nullable as "Null", (CASE WHEN c.udt_name = 'hstore' THEN c.udt_name ELSE c.data_type END) || (CASE WHEN c.character_maximum_length IS NOT NULL THEN '(' || c.character_maximum_length || ')' ELSE '' END) as "Type", (SELECT array_agg(e.enumlabel) FROM pg_catalog.pg_type t JOIN pg_catalog.pg_enum e ON t.oid=e.enumtypid WHERE t.typname=c.udt_name) AS "special", (SELECT pgd.description FROM pg_catalog.pg_statio_all_tables AS st INNER JOIN pg_catalog.pg_description pgd on (pgd.objoid=st.relid) WHERE c.ordinal_position=pgd.objsubid AND c.table_name=st.relname) AS "Comment" FROM information_schema.columns c LEFT JOIN (SELECT tc.table_schema, tc.table_name, cu.column_name, tc.constraint_type FROM information_schema.TABLE_CONSTRAINTS tc JOIN information_schema.KEY_COLUMN_USAGE  cu ON tc.table_schema=cu.table_schema and tc.table_name=cu.table_name and tc.constraint_name=cu.constraint_name and tc.constraint_type='PRIMARY KEY') pk ON pk.table_schema=c.table_schema AND pk.table_name=c.table_name AND pk.column_name=c.column_name WHERE c.table_name = 'users' AND c.table_schema = 'public'
Executing (default): SELECT DISTINCT tc.constraint_name as constraint_name, tc.constraint_schema as constraint_schema, tc.constraint_catalog as constraint_catalog, tc.table_name as table_name,tc.table_schema as table_schema,tc.table_catalog as table_catalog,tc.initially_deferred as initially_deferred,tc.is_deferrable as is_deferrable,kcu.column_name as column_name,ccu.table_schema  AS referenced_table_schema,ccu.table_catalog  AS referenced_table_catalog,ccu.table_name  AS referenced_table_name,ccu.column_name AS referenced_column_name FROM information_schema.table_constraints AS tc JOIN information_schema.key_column_usage AS kcu ON tc.constraint_name = kcu.constraint_name JOIN information_schema.constraint_column_usage AS ccu ON ccu.constraint_name = tc.constraint_name WHERE constraint_type = 'FOREIGN KEY' AND tc.table_name = 'users' AND tc.table_catalog = 'rad5_communication'
Executing (default): ALTER TABLE "users" ALTER COLUMN "name" SET NOT NULL;ALTER TABLE "users" ALTER COLUMN "name" DROP DEFAULT;ALTER TABLE "users" ALTER COLUMN "name" TYPE VARCHAR(100);
Executing (default): ALTER TABLE "users" ALTER COLUMN "email" SET NOT NULL;ALTER TABLE "users" ALTER COLUMN "email" DROP DEFAULT;ALTER TABLE "users"  ADD UNIQUE ("email");ALTER TABLE "users" ALTER COLUMN "email" TYPE VARCHAR(255)  ;
Executing (default): ALTER TABLE "users" ALTER COLUMN "name" SET NOT NULL;ALTER TABLE "users" ALTER COLUMN "name" DROP DEFAULT;ALTER TABLE "users" ALTER COLUMN "name" TYPE VARCHAR(100);
Executing (default): ALTER TABLE "users" ALTER COLUMN "password" SET NOT NULL;ALTER TABLE "users" ALTER COLUMN "password" DROP DEFAULT;ALTER TABLE "users" ALTER COLUMN "password" TYPE VARCHAR(255);
Executing (default): ALTER TABLE "users" ALTER COLUMN "email" SET NOT NULL;ALTER TABLE "users" ALTER COLUMN "email" DROP DEFAULT;ALTER TABLE "users"  ADD UNIQUE ("email");ALTER TABLE "users" ALTER COLUMN "email" TYPE VARCHAR(255)  ;
Executing (default): ALTER TABLE "users" ALTER COLUMN "avatar" DROP NOT NULL;ALTER TABLE "users" ALTER COLUMN "avatar" DROP DEFAULT;ALTER TABLE "users" ALTER COLUMN "avatar" TYPE VARCHAR(500);
Executing (default): ALTER TABLE "users" ALTER COLUMN "password" SET NOT NULL;ALTER TABLE "users" ALTER COLUMN "password" DROP DEFAULT;ALTER TABLE "users" ALTER COLUMN "password" TYPE VARCHAR(255);
Executing (default): ALTER TABLE "users" ALTER COLUMN "bio" DROP NOT NULL;ALTER TABLE "users" ALTER COLUMN "bio" DROP DEFAULT;ALTER TABLE "users" ALTER COLUMN "bio" TYPE VARCHAR(500);
Executing (default): ALTER TABLE "users" ALTER COLUMN "avatar" DROP NOT NULL;ALTER TABLE "users" ALTER COLUMN "avatar" DROP DEFAULT;ALTER TABLE "users" ALTER COLUMN "avatar" TYPE VARCHAR(500);
Executing (default): ALTER TABLE "users" ALTER COLUMN "lastSeen" DROP NOT NULL;ALTER TABLE "users" ALTER COLUMN "lastSeen" SET DEFAULT 'everyone';DO 'BEGIN CREATE TYPE "public"."enum_users_lastSeen" AS ENUM(''everyone'', ''contacts'', ''nobody''); EXCEPTION WHEN duplicate_object THEN null; END';ALTER TABLE "users" ALTER COLUMN "lastSeen" TYPE "public"."enum_users_lastSeen" USING ("lastSeen"::"public"."enum_users_lastSeen");
Executing (default): ALTER TABLE "users" ALTER COLUMN "bio" DROP NOT NULL;ALTER TABLE "users" ALTER COLUMN "bio" DROP DEFAULT;ALTER TABLE "users" ALTER COLUMN "bio" TYPE VARCHAR(500);
Executing (default): ALTER TABLE "users" ALTER COLUMN "name" SET NOT NULL;ALTER TABLE "users" ALTER COLUMN "name" DROP DEFAULT;ALTER TABLE "users" ALTER COLUMN "name" TYPE VARCHAR(100);
Executing (default): ALTER TABLE "users" ALTER COLUMN "profileVisibility" DROP NOT NULL;ALTER TABLE "users" ALTER COLUMN "profileVisibility" SET DEFAULT 'everyone';DO 'BEGIN CREATE TYPE "public"."enum_users_profileVisibility" AS ENUM(''everyone'', ''contacts'', ''nobody''); EXCEPTION WHEN duplicate_object THEN null; END';ALTER TABLE "users" ALTER COLUMN "profileVisibility" TYPE "public"."enum_users_profileVisibility" USING ("profileVisibility"::"public"."enum_users_profileVisibility");
Executing (default): ALTER TABLE "users" ALTER COLUMN "lastSeen" DROP NOT NULL;ALTER TABLE "users" ALTER COLUMN "lastSeen" SET DEFAULT 'everyone';DO 'BEGIN CREATE TYPE "public"."enum_users_lastSeen" AS ENUM(''everyone'', ''contacts'', ''nobody''); EXCEPTION WHEN duplicate_object THEN null; END';ALTER TABLE "users" ALTER COLUMN "lastSeen" TYPE "public"."enum_users_lastSeen" USING ("lastSeen"::"public"."enum_users_lastSeen");
Executing (default): ALTER TABLE "users" ALTER COLUMN "email" SET NOT NULL;ALTER TABLE "users" ALTER COLUMN "email" DROP DEFAULT;ALTER TABLE "users"  ADD UNIQUE ("email");ALTER TABLE "users" ALTER COLUMN "email" TYPE VARCHAR(255)  ;
Executing (default): ALTER TABLE "users" ALTER COLUMN "readReceipts" DROP NOT NULL;ALTER TABLE "users" ALTER COLUMN "readReceipts" SET DEFAULT true;ALTER TABLE "users" ALTER COLUMN "readReceipts" TYPE BOOLEAN;
Executing (default): ALTER TABLE "users" ALTER COLUMN "profileVisibility" DROP NOT NULL;ALTER TABLE "users" ALTER COLUMN "profileVisibility" SET DEFAULT 'everyone';DO 'BEGIN CREATE TYPE "public"."enum_users_profileVisibility" AS ENUM(''everyone'', ''contacts'', ''nobody''); EXCEPTION WHEN duplicate_object THEN null; END';ALTER TABLE "users" ALTER COLUMN "profileVisibility" TYPE "public"."enum_users_profileVisibility" USING ("profileVisibility"::"public"."enum_users_profileVisibility");
Executing (default): ALTER TABLE "users" ALTER COLUMN "password" SET NOT NULL;ALTER TABLE "users" ALTER COLUMN "password" DROP DEFAULT;ALTER TABLE "users" ALTER COLUMN "password" TYPE VARCHAR(255);
Executing (default): ALTER TABLE "users" ALTER COLUMN "typingIndicators" DROP NOT NULL;ALTER TABLE "users" ALTER COLUMN "typingIndicators" SET DEFAULT true;ALTER TABLE "users" ALTER COLUMN "typingIndicators" TYPE BOOLEAN;
Executing (default): ALTER TABLE "users" ALTER COLUMN "readReceipts" DROP NOT NULL;ALTER TABLE "users" ALTER COLUMN "readReceipts" SET DEFAULT true;ALTER TABLE "users" ALTER COLUMN "readReceipts" TYPE BOOLEAN;
Executing (default): ALTER TABLE "users" ALTER COLUMN "avatar" DROP NOT NULL;ALTER TABLE "users" ALTER COLUMN "avatar" DROP DEFAULT;ALTER TABLE "users" ALTER COLUMN "avatar" TYPE VARCHAR(500);
Executing (default): ALTER TABLE "users" ALTER COLUMN "notificationSettings" DROP NOT NULL;ALTER TABLE "users" ALTER COLUMN "notificationSettings" SET DEFAULT '{"messages":true,"groups":true,"sounds":true}';ALTER TABLE "users" ALTER COLUMN "notificationSettings" TYPE JSON;
Executing (default): ALTER TABLE "users" ALTER COLUMN "typingIndicators" DROP NOT NULL;ALTER TABLE "users" ALTER COLUMN "typingIndicators" SET DEFAULT true;ALTER TABLE "users" ALTER COLUMN "typingIndicators" TYPE BOOLEAN;
Executing (default): ALTER TABLE "users" ALTER COLUMN "bio" DROP NOT NULL;ALTER TABLE "users" ALTER COLUMN "bio" DROP DEFAULT;ALTER TABLE "users" ALTER COLUMN "bio" TYPE VARCHAR(500);
Executing (default): ALTER TABLE "users" ALTER COLUMN "resetToken" DROP NOT NULL;ALTER TABLE "users" ALTER COLUMN "resetToken" DROP DEFAULT;ALTER TABLE "users" ALTER COLUMN "resetToken" TYPE VARCHAR(255);
Executing (default): ALTER TABLE "users" ALTER COLUMN "notificationSettings" DROP NOT NULL;ALTER TABLE "users" ALTER COLUMN "notificationSettings" SET DEFAULT '{"messages":true,"groups":true,"sounds":true}';ALTER TABLE "users" ALTER COLUMN "notificationSettings" TYPE JSON;
Executing (default): ALTER TABLE "users" ALTER COLUMN "lastSeen" DROP NOT NULL;ALTER TABLE "users" ALTER COLUMN "lastSeen" SET DEFAULT 'everyone';DO 'BEGIN CREATE TYPE "public"."enum_users_lastSeen" AS ENUM(''everyone'', ''contacts'', ''nobody''); EXCEPTION WHEN duplicate_object THEN null; END';ALTER TABLE "users" ALTER COLUMN "lastSeen" TYPE "public"."enum_users_lastSeen" USING ("lastSeen"::"public"."enum_users_lastSeen");
Executing (default): ALTER TABLE "users" ALTER COLUMN "resetTokenExpiry" DROP NOT NULL;ALTER TABLE "users" ALTER COLUMN "resetTokenExpiry" DROP DEFAULT;ALTER TABLE "users" ALTER COLUMN "resetTokenExpiry" TYPE TIMESTAMP WITH TIME ZONE;
Executing (default): ALTER TABLE "users" ALTER COLUMN "resetToken" DROP NOT NULL;ALTER TABLE "users" ALTER COLUMN "resetToken" DROP DEFAULT;ALTER TABLE "users" ALTER COLUMN "resetToken" TYPE VARCHAR(255);
Executing (default): ALTER TABLE "users" ALTER COLUMN "profileVisibility" DROP NOT NULL;ALTER TABLE "users" ALTER COLUMN "profileVisibility" SET DEFAULT 'everyone';DO 'BEGIN CREATE TYPE "public"."enum_users_profileVisibility" AS ENUM(''everyone'', ''contacts'', ''nobody''); EXCEPTION WHEN duplicate_object THEN null; END';ALTER TABLE "users" ALTER COLUMN "profileVisibility" TYPE "public"."enum_users_profileVisibility" USING ("profileVisibility"::"public"."enum_users_profileVisibility");
Executing (default): ALTER TABLE "users" ALTER COLUMN "isOnline" DROP NOT NULL;ALTER TABLE "users" ALTER COLUMN "isOnline" SET DEFAULT false;ALTER TABLE "users" ALTER COLUMN "isOnline" TYPE BOOLEAN;
Executing (default): ALTER TABLE "users" ALTER COLUMN "resetTokenExpiry" DROP NOT NULL;ALTER TABLE "users" ALTER COLUMN "resetTokenExpiry" DROP DEFAULT;ALTER TABLE "users" ALTER COLUMN "resetTokenExpiry" TYPE TIMESTAMP WITH TIME ZONE;
Executing (default): ALTER TABLE "users" ALTER COLUMN "readReceipts" DROP NOT NULL;ALTER TABLE "users" ALTER COLUMN "readReceipts" SET DEFAULT true;ALTER TABLE "users" ALTER COLUMN "readReceipts" TYPE BOOLEAN;
Executing (default): ALTER TABLE "users" ALTER COLUMN "lastActive" DROP NOT NULL;ALTER TABLE "users" ALTER COLUMN "lastActive" DROP DEFAULT;ALTER TABLE "users" ALTER COLUMN "lastActive" TYPE TIMESTAMP WITH TIME ZONE;
Executing (default): ALTER TABLE "users" ALTER COLUMN "isOnline" DROP NOT NULL;ALTER TABLE "users" ALTER COLUMN "isOnline" SET DEFAULT false;ALTER TABLE "users" ALTER COLUMN "isOnline" TYPE BOOLEAN;
Executing (default): ALTER TABLE "users" ALTER COLUMN "typingIndicators" DROP NOT NULL;ALTER TABLE "users" ALTER COLUMN "typingIndicators" SET DEFAULT true;ALTER TABLE "users" ALTER COLUMN "typingIndicators" TYPE BOOLEAN;
Executing (default): ALTER TABLE "users" ALTER COLUMN "createdAt" SET NOT NULL;ALTER TABLE "users" ALTER COLUMN "createdAt" DROP DEFAULT;ALTER TABLE "users" ALTER COLUMN "createdAt" TYPE TIMESTAMP WITH TIME ZONE;
Executing (default): ALTER TABLE "users" ALTER COLUMN "lastActive" DROP NOT NULL;ALTER TABLE "users" ALTER COLUMN "lastActive" DROP DEFAULT;ALTER TABLE "users" ALTER COLUMN "lastActive" TYPE TIMESTAMP WITH TIME ZONE;
Executing (default): ALTER TABLE "users" ALTER COLUMN "notificationSettings" DROP NOT NULL;ALTER TABLE "users" ALTER COLUMN "notificationSettings" SET DEFAULT '{"messages":true,"groups":true,"sounds":true}';ALTER TABLE "users" ALTER COLUMN "notificationSettings" TYPE JSON;
Executing (default): ALTER TABLE "users" ALTER COLUMN "updatedAt" SET NOT NULL;ALTER TABLE "users" ALTER COLUMN "updatedAt" DROP DEFAULT;ALTER TABLE "users" ALTER COLUMN "updatedAt" TYPE TIMESTAMP WITH TIME ZONE;
Executing (default): ALTER TABLE "users" ALTER COLUMN "createdAt" SET NOT NULL;ALTER TABLE "users" ALTER COLUMN "createdAt" DROP DEFAULT;ALTER TABLE "users" ALTER COLUMN "createdAt" TYPE TIMESTAMP WITH TIME ZONE;
Executing (default): ALTER TABLE "users" ALTER COLUMN "resetToken" DROP NOT NULL;ALTER TABLE "users" ALTER COLUMN "resetToken" DROP DEFAULT;ALTER TABLE "users" ALTER COLUMN "resetToken" TYPE VARCHAR(255);
Executing (default): SELECT i.relname AS name, ix.indisprimary AS primary, ix.indisunique AS unique, ix.indkey AS indkey, array_agg(a.attnum) as column_indexes, array_agg(a.attname) AS column_names, pg_get_indexdef(ix.indexrelid) AS definition FROM pg_class t, pg_class i, pg_index ix, pg_attribute a WHERE t.oid = ix.indrelid AND i.oid = ix.indexrelid AND a.attrelid = t.oid AND t.relkind = 'r' and t.relname = 'users' GROUP BY i.relname, ix.indexrelid, ix.indisprimary, ix.indisunique, ix.indkey ORDER BY i.relname;
Executing (default): ALTER TABLE "users" ALTER COLUMN "updatedAt" SET NOT NULL;ALTER TABLE "users" ALTER COLUMN "updatedAt" DROP DEFAULT;ALTER TABLE "users" ALTER COLUMN "updatedAt" TYPE TIMESTAMP WITH TIME ZONE;
Executing (default): ALTER TABLE "users" ALTER COLUMN "resetTokenExpiry" DROP NOT NULL;ALTER TABLE "users" ALTER COLUMN "resetTokenExpiry" DROP DEFAULT;ALTER TABLE "users" ALTER COLUMN "resetTokenExpiry" TYPE TIMESTAMP WITH TIME ZONE;
Executing (default): SELECT i.relname AS name, ix.indisprimary AS primary, ix.indisunique AS unique, ix.indkey AS indkey, array_agg(a.attnum) as column_indexes, array_agg(a.attname) AS column_names, pg_get_indexdef(ix.indexrelid) AS definition FROM pg_class t, pg_class i, pg_index ix, pg_attribute a WHERE t.oid = ix.indrelid AND i.oid = ix.indexrelid AND a.attrelid = t.oid AND t.relkind = 'r' and t.relname = 'users' GROUP BY i.relname, ix.indexrelid, ix.indisprimary, ix.indisunique, ix.indkey ORDER BY i.relname;
Executing (default): ALTER TABLE "users" ALTER COLUMN "isOnline" DROP NOT NULL;ALTER TABLE "users" ALTER COLUMN "isOnline" SET DEFAULT false;ALTER TABLE "users" ALTER COLUMN "isOnline" TYPE BOOLEAN;
Executing (default): ALTER TABLE "users" ALTER COLUMN "lastActive" DROP NOT NULL;ALTER TABLE "users" ALTER COLUMN "lastActive" DROP DEFAULT;ALTER TABLE "users" ALTER COLUMN "lastActive" TYPE TIMESTAMP WITH TIME ZONE;
Executing (default): ALTER TABLE "users" ALTER COLUMN "createdAt" SET NOT NULL;ALTER TABLE "users" ALTER COLUMN "createdAt" DROP DEFAULT;ALTER TABLE "users" ALTER COLUMN "createdAt" TYPE TIMESTAMP WITH TIME ZONE;
Executing (default): ALTER TABLE "users" ALTER COLUMN "updatedAt" SET NOT NULL;ALTER TABLE "users" ALTER COLUMN "updatedAt" DROP DEFAULT;ALTER TABLE "users" ALTER COLUMN "updatedAt" TYPE TIMESTAMP WITH TIME ZONE;
Executing (default): SELECT i.relname AS name, ix.indisprimary AS primary, ix.indisunique AS unique, ix.indkey AS indkey, array_agg(a.attnum) as column_indexes, array_agg(a.attname) AS column_names, pg_get_indexdef(ix.indexrelid) AS definition FROM pg_class t, pg_class i, pg_index ix, pg_attribute a WHERE t.oid = ix.indrelid AND i.oid = ix.indexrelid AND a.attrelid = t.oid AND t.relkind = 'r' and t.relname = 'users' GROUP BY i.relname, ix.indexrelid, ix.indisprimary, ix.indisunique, ix.indkey ORDER BY i.relname;
Executing (default): SELECT table_name FROM information_schema.tables WHERE table_schema = 'public' AND table_name = 'channels'
Executing (default): SELECT table_name FROM information_schema.tables WHERE table_schema = 'public' AND table_name = 'channels'
Executing (default): SELECT table_name FROM information_schema.tables WHERE table_schema = 'public' AND table_name = 'channels'
Executing (default): SELECT pk.constraint_type as "Constraint",c.column_name as "Field", c.column_default as "Default",c.is_nullable as "Null", (CASE WHEN c.udt_name = 'hstore' THEN c.udt_name ELSE c.data_type END) || (CASE WHEN c.character_maximum_length IS NOT NULL THEN '(' || c.character_maximum_length || ')' ELSE '' END) as "Type", (SELECT array_agg(e.enumlabel) FROM pg_catalog.pg_type t JOIN pg_catalog.pg_enum e ON t.oid=e.enumtypid WHERE t.typname=c.udt_name) AS "special", (SELECT pgd.description FROM pg_catalog.pg_statio_all_tables AS st INNER JOIN pg_catalog.pg_description pgd on (pgd.objoid=st.relid) WHERE c.ordinal_position=pgd.objsubid AND c.table_name=st.relname) AS "Comment" FROM information_schema.columns c LEFT JOIN (SELECT tc.table_schema, tc.table_name, cu.column_name, tc.constraint_type FROM information_schema.TABLE_CONSTRAINTS tc JOIN information_schema.KEY_COLUMN_USAGE  cu ON tc.table_schema=cu.table_schema and tc.table_name=cu.table_name and tc.constraint_name=cu.constraint_name and tc.constraint_type='PRIMARY KEY') pk ON pk.table_schema=c.table_schema AND pk.table_name=c.table_name AND pk.column_name=c.column_name WHERE c.table_name = 'channels' AND c.table_schema = 'public'
Executing (default): SELECT DISTINCT tc.constraint_name as constraint_name, tc.constraint_schema as constraint_schema, tc.constraint_catalog as constraint_catalog, tc.table_name as table_name,tc.table_schema as table_schema,tc.table_catalog as table_catalog,tc.initially_deferred as initially_deferred,tc.is_deferrable as is_deferrable,kcu.column_name as column_name,ccu.table_schema  AS referenced_table_schema,ccu.table_catalog  AS referenced_table_catalog,ccu.table_name  AS referenced_table_name,ccu.column_name AS referenced_column_name FROM information_schema.table_constraints AS tc JOIN information_schema.key_column_usage AS kcu ON tc.constraint_name = kcu.constraint_name JOIN information_schema.constraint_column_usage AS ccu ON ccu.constraint_name = tc.constraint_name WHERE constraint_type = 'FOREIGN KEY' AND tc.table_name = 'channels' AND tc.table_catalog = 'rad5_communication'
Executing (default): SELECT pk.constraint_type as "Constraint",c.column_name as "Field", c.column_default as "Default",c.is_nullable as "Null", (CASE WHEN c.udt_name = 'hstore' THEN c.udt_name ELSE c.data_type END) || (CASE WHEN c.character_maximum_length IS NOT NULL THEN '(' || c.character_maximum_length || ')' ELSE '' END) as "Type", (SELECT array_agg(e.enumlabel) FROM pg_catalog.pg_type t JOIN pg_catalog.pg_enum e ON t.oid=e.enumtypid WHERE t.typname=c.udt_name) AS "special", (SELECT pgd.description FROM pg_catalog.pg_statio_all_tables AS st INNER JOIN pg_catalog.pg_description pgd on (pgd.objoid=st.relid) WHERE c.ordinal_position=pgd.objsubid AND c.table_name=st.relname) AS "Comment" FROM information_schema.columns c LEFT JOIN (SELECT tc.table_schema, tc.table_name, cu.column_name, tc.constraint_type FROM information_schema.TABLE_CONSTRAINTS tc JOIN information_schema.KEY_COLUMN_USAGE  cu ON tc.table_schema=cu.table_schema and tc.table_name=cu.table_name and tc.constraint_name=cu.constraint_name and tc.constraint_type='PRIMARY KEY') pk ON pk.table_schema=c.table_schema AND pk.table_name=c.table_name AND pk.column_name=c.column_name WHERE c.table_name = 'channels' AND c.table_schema = 'public'
Executing (default): SELECT DISTINCT tc.constraint_name as constraint_name, tc.constraint_schema as constraint_schema, tc.constraint_catalog as constraint_catalog, tc.table_name as table_name,tc.table_schema as table_schema,tc.table_catalog as table_catalog,tc.initially_deferred as initially_deferred,tc.is_deferrable as is_deferrable,kcu.column_name as column_name,ccu.table_schema  AS referenced_table_schema,ccu.table_catalog  AS referenced_table_catalog,ccu.table_name  AS referenced_table_name,ccu.column_name AS referenced_column_name FROM information_schema.table_constraints AS tc JOIN information_schema.key_column_usage AS kcu ON tc.constraint_name = kcu.constraint_name JOIN information_schema.constraint_column_usage AS ccu ON ccu.constraint_name = tc.constraint_name WHERE constraint_type = 'FOREIGN KEY' AND tc.table_name = 'channels' AND tc.table_catalog = 'rad5_communication'
Executing (default): SELECT pk.constraint_type as "Constraint",c.column_name as "Field", c.column_default as "Default",c.is_nullable as "Null", (CASE WHEN c.udt_name = 'hstore' THEN c.udt_name ELSE c.data_type END) || (CASE WHEN c.character_maximum_length IS NOT NULL THEN '(' || c.character_maximum_length || ')' ELSE '' END) as "Type", (SELECT array_agg(e.enumlabel) FROM pg_catalog.pg_type t JOIN pg_catalog.pg_enum e ON t.oid=e.enumtypid WHERE t.typname=c.udt_name) AS "special", (SELECT pgd.description FROM pg_catalog.pg_statio_all_tables AS st INNER JOIN pg_catalog.pg_description pgd on (pgd.objoid=st.relid) WHERE c.ordinal_position=pgd.objsubid AND c.table_name=st.relname) AS "Comment" FROM information_schema.columns c LEFT JOIN (SELECT tc.table_schema, tc.table_name, cu.column_name, tc.constraint_type FROM information_schema.TABLE_CONSTRAINTS tc JOIN information_schema.KEY_COLUMN_USAGE  cu ON tc.table_schema=cu.table_schema and tc.table_name=cu.table_name and tc.constraint_name=cu.constraint_name and tc.constraint_type='PRIMARY KEY') pk ON pk.table_schema=c.table_schema AND pk.table_name=c.table_name AND pk.column_name=c.column_name WHERE c.table_name = 'channels' AND c.table_schema = 'public'
Executing (default): SELECT DISTINCT tc.constraint_name as constraint_name, tc.constraint_schema as constraint_schema, tc.constraint_catalog as constraint_catalog, tc.table_name as table_name,tc.table_schema as table_schema,tc.table_catalog as table_catalog,tc.initially_deferred as initially_deferred,tc.is_deferrable as is_deferrable,kcu.column_name as column_name,ccu.table_schema  AS referenced_table_schema,ccu.table_catalog  AS referenced_table_catalog,ccu.table_name  AS referenced_table_name,ccu.column_name AS referenced_column_name FROM information_schema.table_constraints AS tc JOIN information_schema.key_column_usage AS kcu ON tc.constraint_name = kcu.constraint_name JOIN information_schema.constraint_column_usage AS ccu ON ccu.constraint_name = tc.constraint_name WHERE constraint_type = 'FOREIGN KEY' AND tc.table_name = 'channels' AND tc.table_catalog = 'rad5_communication'
Executing (default): ALTER TABLE "channels" ALTER COLUMN "name" SET NOT NULL;ALTER TABLE "channels" ALTER COLUMN "name" DROP DEFAULT;ALTER TABLE "channels" ALTER COLUMN "name" TYPE VARCHAR(100);
Executing (default): ALTER TABLE "channels" ALTER COLUMN "name" SET NOT NULL;ALTER TABLE "channels" ALTER COLUMN "name" DROP DEFAULT;ALTER TABLE "channels" ALTER COLUMN "name" TYPE VARCHAR(100);
Executing (default): ALTER TABLE "channels" ALTER COLUMN "description" DROP NOT NULL;ALTER TABLE "channels" ALTER COLUMN "description" DROP DEFAULT;ALTER TABLE "channels" ALTER COLUMN "description" TYPE VARCHAR(500);
Executing (default): ALTER TABLE "channels" ALTER COLUMN "name" SET NOT NULL;ALTER TABLE "channels" ALTER COLUMN "name" DROP DEFAULT;ALTER TABLE "channels" ALTER COLUMN "name" TYPE VARCHAR(100);
Executing (default): ALTER TABLE "channels" ALTER COLUMN "description" DROP NOT NULL;ALTER TABLE "channels" ALTER COLUMN "description" DROP DEFAULT;ALTER TABLE "channels" ALTER COLUMN "description" TYPE VARCHAR(500);
Executing (default): ALTER TABLE "channels" ALTER COLUMN "avatar" DROP NOT NULL;ALTER TABLE "channels" ALTER COLUMN "avatar" DROP DEFAULT;ALTER TABLE "channels" ALTER COLUMN "avatar" TYPE VARCHAR(500);
Executing (default): ALTER TABLE "channels" ALTER COLUMN "description" DROP NOT NULL;ALTER TABLE "channels" ALTER COLUMN "description" DROP DEFAULT;ALTER TABLE "channels" ALTER COLUMN "description" TYPE VARCHAR(500);
Executing (default): ALTER TABLE "channels" ALTER COLUMN "avatar" DROP NOT NULL;ALTER TABLE "channels" ALTER COLUMN "avatar" DROP DEFAULT;ALTER TABLE "channels" ALTER COLUMN "avatar" TYPE VARCHAR(500);
Executing (default): ALTER TABLE "channels" ALTER COLUMN "isGroup" DROP NOT NULL;ALTER TABLE "channels" ALTER COLUMN "isGroup" SET DEFAULT false;ALTER TABLE "channels" ALTER COLUMN "isGroup" TYPE BOOLEAN;
Executing (default): ALTER TABLE "channels" ALTER COLUMN "avatar" DROP NOT NULL;ALTER TABLE "channels" ALTER COLUMN "avatar" DROP DEFAULT;ALTER TABLE "channels" ALTER COLUMN "avatar" TYPE VARCHAR(500);
Executing (default): ALTER TABLE "channels" ALTER COLUMN "isGroup" DROP NOT NULL;ALTER TABLE "channels" ALTER COLUMN "isGroup" SET DEFAULT false;ALTER TABLE "channels" ALTER COLUMN "isGroup" TYPE BOOLEAN;
Executing (default): ALTER TABLE "channels" DROP CONSTRAINT "channels_createdBy_fkey"
Executing (default): ALTER TABLE "channels" ALTER COLUMN "isGroup" DROP NOT NULL;ALTER TABLE "channels" ALTER COLUMN "isGroup" SET DEFAULT false;ALTER TABLE "channels" ALTER COLUMN "isGroup" TYPE BOOLEAN;
Executing (default): ALTER TABLE "channels" DROP CONSTRAINT "channels_createdBy_fkey"
Executing (default): ALTER TABLE "channels" ALTER COLUMN "createdBy" SET NOT NULL;ALTER TABLE "channels"  ADD FOREIGN KEY ("createdBy") REFERENCES "users" ("id") ON DELETE NO ACTION ON UPDATE CASCADE;
Executing (default): ALTER TABLE "channels" DROP CONSTRAINT "channels_createdBy_fkey"
ΓÜá∩╕Å Constraint error during alter, syncing without alter...
Executing (default): SELECT table_name FROM information_schema.tables WHERE table_schema = 'public' AND table_name = 'users'
Executing (default): SELECT t.typname enum_name, array_agg(e.enumlabel ORDER BY enumsortorder) enum_value FROM pg_type t JOIN pg_enum e ON t.oid = e.enumtypid JOIN pg_catalog.pg_namespace n ON n.oid = t.typnamespace WHERE n.nspname = 'public' AND t.typname='enum_users_lastSeen' GROUP BY 1
Executing (default): SELECT t.typname enum_name, array_agg(e.enumlabel ORDER BY enumsortorder) enum_value FROM pg_type t JOIN pg_enum e ON t.oid = e.enumtypid JOIN pg_catalog.pg_namespace n ON n.oid = t.typnamespace WHERE n.nspname = 'public' AND t.typname='enum_users_profileVisibility' GROUP BY 1
Executing (default): SELECT i.relname AS name, ix.indisprimary AS primary, ix.indisunique AS unique, ix.indkey AS indkey, array_agg(a.attnum) as column_indexes, array_agg(a.attname) AS column_names, pg_get_indexdef(ix.indexrelid) AS definition FROM pg_class t, pg_class i, pg_index ix, pg_attribute a WHERE t.oid = ix.indrelid AND i.oid = ix.indexrelid AND a.attrelid = t.oid AND t.relkind = 'r' and t.relname = 'users' GROUP BY i.relname, ix.indexrelid, ix.indisprimary, ix.indisunique, ix.indkey ORDER BY i.relname;
Executing (default): SELECT table_name FROM information_schema.tables WHERE table_schema = 'public' AND table_name = 'channels'
Executing (default): SELECT i.relname AS name, ix.indisprimary AS primary, ix.indisunique AS unique, ix.indkey AS indkey, array_agg(a.attnum) as column_indexes, array_agg(a.attname) AS column_names, pg_get_indexdef(ix.indexrelid) AS definition FROM pg_class t, pg_class i, pg_index ix, pg_attribute a WHERE t.oid = ix.indrelid AND i.oid = ix.indexrelid AND a.attrelid = t.oid AND t.relkind = 'r' and t.relname = 'channels' GROUP BY i.relname, ix.indexrelid, ix.indisprimary, ix.indisunique, ix.indkey ORDER BY i.relname;
Executing (default): ALTER TABLE "channels" ALTER COLUMN "createdAt" SET NOT NULL;ALTER TABLE "channels" ALTER COLUMN "createdAt" DROP DEFAULT;ALTER TABLE "channels" ALTER COLUMN "createdAt" TYPE TIMESTAMP WITH TIME ZONE;
Executing (default): ALTER TABLE "channels" ALTER COLUMN "createdBy" SET NOT NULL;ALTER TABLE "channels"  ADD FOREIGN KEY ("createdBy") REFERENCES "users" ("id") ON DELETE NO ACTION ON UPDATE CASCADE;
Executing (default): SELECT table_name FROM information_schema.tables WHERE table_schema = 'public' AND table_name = 'channel_members'
Executing (default): ALTER TABLE "channels" ALTER COLUMN "updatedAt" SET NOT NULL;ALTER TABLE "channels" ALTER COLUMN "updatedAt" DROP DEFAULT;ALTER TABLE "channels" ALTER COLUMN "updatedAt" TYPE TIMESTAMP WITH TIME ZONE;
Executing (default): SELECT t.typname enum_name, array_agg(e.enumlabel ORDER BY enumsortorder) enum_value FROM pg_type t JOIN pg_enum e ON t.oid = e.enumtypid JOIN pg_catalog.pg_namespace n ON n.oid = t.typnamespace WHERE n.nspname = 'public' AND t.typname='enum_channel_members_role' GROUP BY 1
Executing (default): SELECT i.relname AS name, ix.indisprimary AS primary, ix.indisunique AS unique, ix.indkey AS indkey, array_agg(a.attnum) as column_indexes, array_agg(a.attname) AS column_names, pg_get_indexdef(ix.indexrelid) AS definition FROM pg_class t, pg_class i, pg_index ix, pg_attribute a WHERE t.oid = ix.indrelid AND i.oid = ix.indexrelid AND a.attrelid = t.oid AND t.relkind = 'r' and t.relname = 'channel_members' GROUP BY i.relname, ix.indexrelid, ix.indisprimary, ix.indisunique, ix.indkey ORDER BY i.relname;
Executing (default): SELECT table_name FROM information_schema.tables WHERE table_schema = 'public' AND table_name = 'messages'
Executing (default): SELECT i.relname AS name, ix.indisprimary AS primary, ix.indisunique AS unique, ix.indkey AS indkey, array_agg(a.attnum) as column_indexes, array_agg(a.attname) AS column_names, pg_get_indexdef(ix.indexrelid) AS definition FROM pg_class t, pg_class i, pg_index ix, pg_attribute a WHERE t.oid = ix.indrelid AND i.oid = ix.indexrelid AND a.attrelid = t.oid AND t.relkind = 'r' and t.relname = 'messages' GROUP BY i.relname, ix.indexrelid, ix.indisprimary, ix.indisunique, ix.indkey ORDER BY i.relname;
Executing (default): SELECT table_name FROM information_schema.tables WHERE table_schema = 'public' AND table_name = 'reactions'
Executing (default): SELECT i.relname AS name, ix.indisprimary AS primary, ix.indisunique AS unique, ix.indkey AS indkey, array_agg(a.attnum) as column_indexes, array_agg(a.attname) AS column_names, pg_get_indexdef(ix.indexrelid) AS definition FROM pg_class t, pg_class i, pg_index ix, pg_attribute a WHERE t.oid = ix.indrelid AND i.oid = ix.indexrelid AND a.attrelid = t.oid AND t.relkind = 'r' and t.relname = 'reactions' GROUP BY i.relname, ix.indexrelid, ix.indisprimary, ix.indisunique, ix.indkey ORDER BY i.relname;
Γ£à Database synchronized
Executing (default): ALTER TABLE "channels" ALTER COLUMN "createdAt" SET NOT NULL;ALTER TABLE "channels" ALTER COLUMN "createdAt" DROP DEFAULT;ALTER TABLE "channels" ALTER COLUMN "createdAt" TYPE TIMESTAMP WITH TIME ZONE;
Executing (default): SELECT i.relname AS name, ix.indisprimary AS primary, ix.indisunique AS unique, ix.indkey AS indkey, array_agg(a.attnum) as column_indexes, array_agg(a.attname) AS column_names, pg_get_indexdef(ix.indexrelid) AS definition FROM pg_class t, pg_class i, pg_index ix, pg_attribute a WHERE t.oid = ix.indrelid AND i.oid = ix.indexrelid AND a.attrelid = t.oid AND t.relkind = 'r' and t.relname = 'channels' GROUP BY i.relname, ix.indexrelid, ix.indisprimary, ix.indisunique, ix.indkey ORDER BY i.relname;
Executing (default): ALTER TABLE "channels" ALTER COLUMN "updatedAt" SET NOT NULL;ALTER TABLE "channels" ALTER COLUMN "updatedAt" DROP DEFAULT;ALTER TABLE "channels" ALTER COLUMN "updatedAt" TYPE TIMESTAMP WITH TIME ZONE;
Executing (default): SELECT i.relname AS name, ix.indisprimary AS primary, ix.indisunique AS unique, ix.indkey AS indkey, array_agg(a.attnum) as column_indexes, array_agg(a.attname) AS column_names, pg_get_indexdef(ix.indexrelid) AS definition FROM pg_class t, pg_class i, pg_index ix, pg_attribute a WHERE t.oid = ix.indrelid AND i.oid = ix.indexrelid AND a.attrelid = t.oid AND t.relkind = 'r' and t.relname = 'channels' GROUP BY i.relname, ix.indexrelid, ix.indisprimary, ix.indisunique, ix.indkey ORDER BY i.relname;
Executing (default): SELECT table_name FROM information_schema.tables WHERE table_schema = 'public' AND table_name = 'channel_members'
Executing (default): SELECT table_name FROM information_schema.tables WHERE table_schema = 'public' AND table_name = 'channel_members'
≡ƒÜÇ Server running on port 3333
≡ƒôí WebSocket available at ws://localhost:3333/ws
≡ƒôï API available at http://localhost:3333/api
Executing (default): SELECT t.typname enum_name, array_agg(e.enumlabel ORDER BY enumsortorder) enum_value FROM pg_type t JOIN pg_enum e ON t.oid = e.enumtypid JOIN pg_catalog.pg_namespace n ON n.oid = t.typnamespace WHERE n.nspname = 'public' AND t.typname='enum_channel_members_role' GROUP BY 1
Executing (default): SELECT pk.constraint_type as "Constraint",c.column_name as "Field", c.column_default as "Default",c.is_nullable as "Null", (CASE WHEN c.udt_name = 'hstore' THEN c.udt_name ELSE c.data_type END) || (CASE WHEN c.character_maximum_length IS NOT NULL THEN '(' || c.character_maximum_length || ')' ELSE '' END) as "Type", (SELECT array_agg(e.enumlabel) FROM pg_catalog.pg_type t JOIN pg_catalog.pg_enum e ON t.oid=e.enumtypid WHERE t.typname=c.udt_name) AS "special", (SELECT pgd.description FROM pg_catalog.pg_statio_all_tables AS st INNER JOIN pg_catalog.pg_description pgd on (pgd.objoid=st.relid) WHERE c.ordinal_position=pgd.objsubid AND c.table_name=st.relname) AS "Comment" FROM information_schema.columns c LEFT JOIN (SELECT tc.table_schema, tc.table_name, cu.column_name, tc.constraint_type FROM information_schema.TABLE_CONSTRAINTS tc JOIN information_schema.KEY_COLUMN_USAGE  cu ON tc.table_schema=cu.table_schema and tc.table_name=cu.table_name and tc.constraint_name=cu.constraint_name and tc.constraint_type='PRIMARY KEY') pk ON pk.table_schema=c.table_schema AND pk.table_name=c.table_name AND pk.column_name=c.column_name WHERE c.table_name = 'channel_members' AND c.table_schema = 'public'
Executing (default): SELECT DISTINCT tc.constraint_name as constraint_name, tc.constraint_schema as constraint_schema, tc.constraint_catalog as constraint_catalog, tc.table_name as table_name,tc.table_schema as table_schema,tc.table_catalog as table_catalog,tc.initially_deferred as initially_deferred,tc.is_deferrable as is_deferrable,kcu.column_name as column_name,ccu.table_schema  AS referenced_table_schema,ccu.table_catalog  AS referenced_table_catalog,ccu.table_name  AS referenced_table_name,ccu.column_name AS referenced_column_name FROM information_schema.table_constraints AS tc JOIN information_schema.key_column_usage AS kcu ON tc.constraint_name = kcu.constraint_name JOIN information_schema.constraint_column_usage AS ccu ON ccu.constraint_name = tc.constraint_name WHERE constraint_type = 'FOREIGN KEY' AND tc.table_name = 'channel_members' AND tc.table_catalog = 'rad5_communication'
Executing (default): SELECT t.typname enum_name, array_agg(e.enumlabel ORDER BY enumsortorder) enum_value FROM pg_type t JOIN pg_enum e ON t.oid = e.enumtypid JOIN pg_catalog.pg_namespace n ON n.oid = t.typnamespace WHERE n.nspname = 'public' AND t.typname='enum_channel_members_role' GROUP BY 1
Executing (default): SELECT pk.constraint_type as "Constraint",c.column_name as "Field", c.column_default as "Default",c.is_nullable as "Null", (CASE WHEN c.udt_name = 'hstore' THEN c.udt_name ELSE c.data_type END) || (CASE WHEN c.character_maximum_length IS NOT NULL THEN '(' || c.character_maximum_length || ')' ELSE '' END) as "Type", (SELECT array_agg(e.enumlabel) FROM pg_catalog.pg_type t JOIN pg_catalog.pg_enum e ON t.oid=e.enumtypid WHERE t.typname=c.udt_name) AS "special", (SELECT pgd.description FROM pg_catalog.pg_statio_all_tables AS st INNER JOIN pg_catalog.pg_description pgd on (pgd.objoid=st.relid) WHERE c.ordinal_position=pgd.objsubid AND c.table_name=st.relname) AS "Comment" FROM information_schema.columns c LEFT JOIN (SELECT tc.table_schema, tc.table_name, cu.column_name, tc.constraint_type FROM information_schema.TABLE_CONSTRAINTS tc JOIN information_schema.KEY_COLUMN_USAGE  cu ON tc.table_schema=cu.table_schema and tc.table_name=cu.table_name and tc.constraint_name=cu.constraint_name and tc.constraint_type='PRIMARY KEY') pk ON pk.table_schema=c.table_schema AND pk.table_name=c.table_name AND pk.column_name=c.column_name WHERE c.table_name = 'channel_members' AND c.table_schema = 'public'
Executing (default): SELECT DISTINCT tc.constraint_name as constraint_name, tc.constraint_schema as constraint_schema, tc.constraint_catalog as constraint_catalog, tc.table_name as table_name,tc.table_schema as table_schema,tc.table_catalog as table_catalog,tc.initially_deferred as initially_deferred,tc.is_deferrable as is_deferrable,kcu.column_name as column_name,ccu.table_schema  AS referenced_table_schema,ccu.table_catalog  AS referenced_table_catalog,ccu.table_name  AS referenced_table_name,ccu.column_name AS referenced_column_name FROM information_schema.table_constraints AS tc JOIN information_schema.key_column_usage AS kcu ON tc.constraint_name = kcu.constraint_name JOIN information_schema.constraint_column_usage AS ccu ON ccu.constraint_name = tc.constraint_name WHERE constraint_type = 'FOREIGN KEY' AND tc.table_name = 'channel_members' AND tc.table_catalog = 'rad5_communication'
Executing (default): ALTER TABLE "channel_members" DROP CONSTRAINT "channel_members_channelId_fkey"
Executing (default): ALTER TABLE "channel_members" DROP CONSTRAINT "channel_members_channelId_fkey1"
Executing (default): ALTER TABLE "channel_members" ALTER COLUMN "channelId" SET NOT NULL;ALTER TABLE "channel_members"  ADD FOREIGN KEY ("channelId") REFERENCES "channels" ("id") ON DELETE CASCADE ON UPDATE CASCADE;
Executing (default): ALTER TABLE "channel_members" DROP CONSTRAINT "channel_members_userId_fkey"
Executing (default): ALTER TABLE "channel_members" DROP CONSTRAINT "channel_members_userId_fkey1"
Executing (default): ALTER TABLE "channel_members" ALTER COLUMN "userId" SET NOT NULL;ALTER TABLE "channel_members"  ADD FOREIGN KEY ("userId") REFERENCES "users" ("id") ON DELETE CASCADE ON UPDATE CASCADE;
Executing (default): ALTER TABLE "channel_members" DROP CONSTRAINT "channel_members_channelId_fkey"
Executing (default): ALTER TABLE "channel_members" ALTER COLUMN "role" DROP NOT NULL;ALTER TABLE "channel_members" ALTER COLUMN "role" SET DEFAULT 'member';DO 'BEGIN CREATE TYPE "public"."enum_channel_members_role" AS ENUM(''admin'', ''member''); EXCEPTION WHEN duplicate_object THEN null; END';ALTER TABLE "channel_members" ALTER COLUMN "role" TYPE "public"."enum_channel_members_role" USING ("role"::"public"."enum_channel_members_role");
Executing (default): ALTER TABLE "channel_members" DROP CONSTRAINT "channel_members_channelId_fkey1"
Executing (default): ALTER TABLE "channel_members" ALTER COLUMN "joinedAt" DROP NOT NULL;ALTER TABLE "channel_members" ALTER COLUMN "joinedAt" DROP DEFAULT;ALTER TABLE "channel_members" ALTER COLUMN "joinedAt" TYPE TIMESTAMP WITH TIME ZONE;
ΓÜá∩╕Å Constraint error during alter, syncing without alter...
Executing (default): SELECT table_name FROM information_schema.tables WHERE table_schema = 'public' AND table_name = 'users'
Executing (default): ALTER TABLE "channel_members" ALTER COLUMN "isArchived" DROP NOT NULL;ALTER TABLE "channel_members" ALTER COLUMN "isArchived" SET DEFAULT false;ALTER TABLE "channel_members" ALTER COLUMN "isArchived" TYPE BOOLEAN;
Executing (default): SELECT t.typname enum_name, array_agg(e.enumlabel ORDER BY enumsortorder) enum_value FROM pg_type t JOIN pg_enum e ON t.oid = e.enumtypid JOIN pg_catalog.pg_namespace n ON n.oid = t.typnamespace WHERE n.nspname = 'public' AND t.typname='enum_users_lastSeen' GROUP BY 1
Executing (default): SELECT t.typname enum_name, array_agg(e.enumlabel ORDER BY enumsortorder) enum_value FROM pg_type t JOIN pg_enum e ON t.oid = e.enumtypid JOIN pg_catalog.pg_namespace n ON n.oid = t.typnamespace WHERE n.nspname = 'public' AND t.typname='enum_users_profileVisibility' GROUP BY 1
Executing (default): ALTER TABLE "channel_members" ALTER COLUMN "isStarred" DROP NOT NULL;ALTER TABLE "channel_members" ALTER COLUMN "isStarred" SET DEFAULT false;ALTER TABLE "channel_members" ALTER COLUMN "isStarred" TYPE BOOLEAN;
Executing (default): SELECT i.relname AS name, ix.indisprimary AS primary, ix.indisunique AS unique, ix.indkey AS indkey, array_agg(a.attnum) as column_indexes, array_agg(a.attname) AS column_names, pg_get_indexdef(ix.indexrelid) AS definition FROM pg_class t, pg_class i, pg_index ix, pg_attribute a WHERE t.oid = ix.indrelid AND i.oid = ix.indexrelid AND a.attrelid = t.oid AND t.relkind = 'r' and t.relname = 'users' GROUP BY i.relname, ix.indexrelid, ix.indisprimary, ix.indisunique, ix.indkey ORDER BY i.relname;
Executing (default): ALTER TABLE "channel_members" ALTER COLUMN "isMuted" DROP NOT NULL;ALTER TABLE "channel_members" ALTER COLUMN "isMuted" SET DEFAULT false;ALTER TABLE "channel_members" ALTER COLUMN "isMuted" TYPE BOOLEAN;
Executing (default): ALTER TABLE "channel_members" ALTER COLUMN "lastReadAt" DROP NOT NULL;ALTER TABLE "channel_members" ALTER COLUMN "lastReadAt" SET DEFAULT NULL;ALTER TABLE "channel_members" ALTER COLUMN "lastReadAt" TYPE TIMESTAMP WITH TIME ZONE;
Executing (default): SELECT i.relname AS name, ix.indisprimary AS primary, ix.indisunique AS unique, ix.indkey AS indkey, array_agg(a.attnum) as column_indexes, array_agg(a.attname) AS column_names, pg_get_indexdef(ix.indexrelid) AS definition FROM pg_class t, pg_class i, pg_index ix, pg_attribute a WHERE t.oid = ix.indrelid AND i.oid = ix.indexrelid AND a.attrelid = t.oid AND t.relkind = 'r' and t.relname = 'channel_members' GROUP BY i.relname, ix.indexrelid, ix.indisprimary, ix.indisunique, ix.indkey ORDER BY i.relname;
Executing (default): SELECT table_name FROM information_schema.tables WHERE table_schema = 'public' AND table_name = 'messages'
Executing (default): SELECT table_name FROM information_schema.tables WHERE table_schema = 'public' AND table_name = 'channels'
Executing (default): SELECT pk.constraint_type as "Constraint",c.column_name as "Field", c.column_default as "Default",c.is_nullable as "Null", (CASE WHEN c.udt_name = 'hstore' THEN c.udt_name ELSE c.data_type END) || (CASE WHEN c.character_maximum_length IS NOT NULL THEN '(' || c.character_maximum_length || ')' ELSE '' END) as "Type", (SELECT array_agg(e.enumlabel) FROM pg_catalog.pg_type t JOIN pg_catalog.pg_enum e ON t.oid=e.enumtypid WHERE t.typname=c.udt_name) AS "special", (SELECT pgd.description FROM pg_catalog.pg_statio_all_tables AS st INNER JOIN pg_catalog.pg_description pgd on (pgd.objoid=st.relid) WHERE c.ordinal_position=pgd.objsubid AND c.table_name=st.relname) AS "Comment" FROM information_schema.columns c LEFT JOIN (SELECT tc.table_schema, tc.table_name, cu.column_name, tc.constraint_type FROM information_schema.TABLE_CONSTRAINTS tc JOIN information_schema.KEY_COLUMN_USAGE  cu ON tc.table_schema=cu.table_schema and tc.table_name=cu.table_name and tc.constraint_name=cu.constraint_name and tc.constraint_type='PRIMARY KEY') pk ON pk.table_schema=c.table_schema AND pk.table_name=c.table_name AND pk.column_name=c.column_name WHERE c.table_name = 'messages' AND c.table_schema = 'public'
Executing (default): SELECT DISTINCT tc.constraint_name as constraint_name, tc.constraint_schema as constraint_schema, tc.constraint_catalog as constraint_catalog, tc.table_name as table_name,tc.table_schema as table_schema,tc.table_catalog as table_catalog,tc.initially_deferred as initially_deferred,tc.is_deferrable as is_deferrable,kcu.column_name as column_name,ccu.table_schema  AS referenced_table_schema,ccu.table_catalog  AS referenced_table_catalog,ccu.table_name  AS referenced_table_name,ccu.column_name AS referenced_column_name FROM information_schema.table_constraints AS tc JOIN information_schema.key_column_usage AS kcu ON tc.constraint_name = kcu.constraint_name JOIN information_schema.constraint_column_usage AS ccu ON ccu.constraint_name = tc.constraint_name WHERE constraint_type = 'FOREIGN KEY' AND tc.table_name = 'messages' AND tc.table_catalog = 'rad5_communication'
Executing (default): SELECT i.relname AS name, ix.indisprimary AS primary, ix.indisunique AS unique, ix.indkey AS indkey, array_agg(a.attnum) as column_indexes, array_agg(a.attname) AS column_names, pg_get_indexdef(ix.indexrelid) AS definition FROM pg_class t, pg_class i, pg_index ix, pg_attribute a WHERE t.oid = ix.indrelid AND i.oid = ix.indexrelid AND a.attrelid = t.oid AND t.relkind = 'r' and t.relname = 'channels' GROUP BY i.relname, ix.indexrelid, ix.indisprimary, ix.indisunique, ix.indkey ORDER BY i.relname;
Executing (default): SELECT table_name FROM information_schema.tables WHERE table_schema = 'public' AND table_name = 'channel_members'
Executing (default): SELECT t.typname enum_name, array_agg(e.enumlabel ORDER BY enumsortorder) enum_value FROM pg_type t JOIN pg_enum e ON t.oid = e.enumtypid JOIN pg_catalog.pg_namespace n ON n.oid = t.typnamespace WHERE n.nspname = 'public' AND t.typname='enum_channel_members_role' GROUP BY 1
Executing (default): SELECT i.relname AS name, ix.indisprimary AS primary, ix.indisunique AS unique, ix.indkey AS indkey, array_agg(a.attnum) as column_indexes, array_agg(a.attname) AS column_names, pg_get_indexdef(ix.indexrelid) AS definition FROM pg_class t, pg_class i, pg_index ix, pg_attribute a WHERE t.oid = ix.indrelid AND i.oid = ix.indexrelid AND a.attrelid = t.oid AND t.relkind = 'r' and t.relname = 'channel_members' GROUP BY i.relname, ix.indexrelid, ix.indisprimary, ix.indisunique, ix.indkey ORDER BY i.relname;
Executing (default): SELECT table_name FROM information_schema.tables WHERE table_schema = 'public' AND table_name = 'messages'
Executing (default): SELECT i.relname AS name, ix.indisprimary AS primary, ix.indisunique AS unique, ix.indkey AS indkey, array_agg(a.attnum) as column_indexes, array_agg(a.attname) AS column_names, pg_get_indexdef(ix.indexrelid) AS definition FROM pg_class t, pg_class i, pg_index ix, pg_attribute a WHERE t.oid = ix.indrelid AND i.oid = ix.indexrelid AND a.attrelid = t.oid AND t.relkind = 'r' and t.relname = 'messages' GROUP BY i.relname, ix.indexrelid, ix.indisprimary, ix.indisunique, ix.indkey ORDER BY i.relname;
Executing (default): SELECT table_name FROM information_schema.tables WHERE table_schema = 'public' AND table_name = 'reactions'
Executing (default): SELECT i.relname AS name, ix.indisprimary AS primary, ix.indisunique AS unique, ix.indkey AS indkey, array_agg(a.attnum) as column_indexes, array_agg(a.attname) AS column_names, pg_get_indexdef(ix.indexrelid) AS definition FROM pg_class t, pg_class i, pg_index ix, pg_attribute a WHERE t.oid = ix.indrelid AND i.oid = ix.indexrelid AND a.attrelid = t.oid AND t.relkind = 'r' and t.relname = 'reactions' GROUP BY i.relname, ix.indexrelid, ix.indisprimary, ix.indisunique, ix.indkey ORDER BY i.relname;
Γ£à Database synchronized

# Unhandled error between tests
-------------------------------
46 |     }
47 |   }
48 |   let er;
49 |   if (args.length > 0)
50 |     er = args[0];
51 |     throw er;
                 ^
error: Failed to start server. Is port 3333 in use?
      at emitError (node:events:51:13)
-------------------------------

Executing (default): ALTER TABLE "messages" DROP CONSTRAINT "messages_channelId_fkey"
Executing (default): ALTER TABLE "messages" ALTER COLUMN "channelId" SET NOT NULL;ALTER TABLE "messages"  ADD FOREIGN KEY ("channelId") REFERENCES "channels" ("id") ON DELETE NO ACTION ON UPDATE CASCADE;
Executing (default): ALTER TABLE "messages" DROP CONSTRAINT "messages_senderId_fkey"
Executing (default): ALTER TABLE "messages" ALTER COLUMN "senderId" SET NOT NULL;ALTER TABLE "messages"  ADD FOREIGN KEY ("senderId") REFERENCES "users" ("id") ON DELETE NO ACTION ON UPDATE CASCADE;
Executing (default): ALTER TABLE "messages" ALTER COLUMN "text" DROP NOT NULL;ALTER TABLE "messages" ALTER COLUMN "text" DROP DEFAULT;ALTER TABLE "messages" ALTER COLUMN "text" TYPE TEXT;
Executing (default): ALTER TABLE "messages" ALTER COLUMN "attachments" DROP NOT NULL;ALTER TABLE "messages" ALTER COLUMN "attachments" SET DEFAULT '[]';ALTER TABLE "messages" ALTER COLUMN "attachments" TYPE JSON;
Executing (default): ALTER TABLE "messages" ALTER COLUMN "audio" DROP NOT NULL;ALTER TABLE "messages" ALTER COLUMN "audio" DROP DEFAULT;ALTER TABLE "messages" ALTER COLUMN "audio" TYPE JSON;
Executing (default): ALTER TABLE "messages" ALTER COLUMN "poll" DROP NOT NULL;ALTER TABLE "messages" ALTER COLUMN "poll" DROP DEFAULT;ALTER TABLE "messages" ALTER COLUMN "poll" TYPE JSON;
Executing (default): ALTER TABLE "messages" ALTER COLUMN "isEdited" DROP NOT NULL;ALTER TABLE "messages" ALTER COLUMN "isEdited" SET DEFAULT false;ALTER TABLE "messages" ALTER COLUMN "isEdited" TYPE BOOLEAN;
Executing (default): ALTER TABLE "messages" ALTER COLUMN "isDeleted" DROP NOT NULL;ALTER TABLE "messages" ALTER COLUMN "isDeleted" SET DEFAULT false;ALTER TABLE "messages" ALTER COLUMN "isDeleted" TYPE BOOLEAN;
Executing (default): ALTER TABLE "messages" ALTER COLUMN "createdAt" SET NOT NULL;ALTER TABLE "messages" ALTER COLUMN "createdAt" DROP DEFAULT;ALTER TABLE "messages" ALTER COLUMN "createdAt" TYPE TIMESTAMP WITH TIME ZONE;
Executing (default): ALTER TABLE "messages" ALTER COLUMN "updatedAt" SET NOT NULL;ALTER TABLE "messages" ALTER COLUMN "updatedAt" DROP DEFAULT;ALTER TABLE "messages" ALTER COLUMN "updatedAt" TYPE TIMESTAMP WITH TIME ZONE;
Executing (default): SELECT i.relname AS name, ix.indisprimary AS primary, ix.indisunique AS unique, ix.indkey AS indkey, array_agg(a.attnum) as column_indexes, array_agg(a.attname) AS column_names, pg_get_indexdef(ix.indexrelid) AS definition FROM pg_class t, pg_class i, pg_index ix, pg_attribute a WHERE t.oid = ix.indrelid AND i.oid = ix.indexrelid AND a.attrelid = t.oid AND t.relkind = 'r' and t.relname = 'messages' GROUP BY i.relname, ix.indexrelid, ix.indisprimary, ix.indisunique, ix.indkey ORDER BY i.relname;
Executing (default): SELECT table_name FROM information_schema.tables WHERE table_schema = 'public' AND table_name = 'reactions'
Executing (default): SELECT pk.constraint_type as "Constraint",c.column_name as "Field", c.column_default as "Default",c.is_nullable as "Null", (CASE WHEN c.udt_name = 'hstore' THEN c.udt_name ELSE c.data_type END) || (CASE WHEN c.character_maximum_length IS NOT NULL THEN '(' || c.character_maximum_length || ')' ELSE '' END) as "Type", (SELECT array_agg(e.enumlabel) FROM pg_catalog.pg_type t JOIN pg_catalog.pg_enum e ON t.oid=e.enumtypid WHERE t.typname=c.udt_name) AS "special", (SELECT pgd.description FROM pg_catalog.pg_statio_all_tables AS st INNER JOIN pg_catalog.pg_description pgd on (pgd.objoid=st.relid) WHERE c.ordinal_position=pgd.objsubid AND c.table_name=st.relname) AS "Comment" FROM information_schema.columns c LEFT JOIN (SELECT tc.table_schema, tc.table_name, cu.column_name, tc.constraint_type FROM information_schema.TABLE_CONSTRAINTS tc JOIN information_schema.KEY_COLUMN_USAGE  cu ON tc.table_schema=cu.table_schema and tc.table_name=cu.table_name and tc.constraint_name=cu.constraint_name and tc.constraint_type='PRIMARY KEY') pk ON pk.table_schema=c.table_schema AND pk.table_name=c.table_name AND pk.column_name=c.column_name WHERE c.table_name = 'reactions' AND c.table_schema = 'public'
Executing (default): SELECT DISTINCT tc.constraint_name as constraint_name, tc.constraint_schema as constraint_schema, tc.constraint_catalog as constraint_catalog, tc.table_name as table_name,tc.table_schema as table_schema,tc.table_catalog as table_catalog,tc.initially_deferred as initially_deferred,tc.is_deferrable as is_deferrable,kcu.column_name as column_name,ccu.table_schema  AS referenced_table_schema,ccu.table_catalog  AS referenced_table_catalog,ccu.table_name  AS referenced_table_name,ccu.column_name AS referenced_column_name FROM information_schema.table_constraints AS tc JOIN information_schema.key_column_usage AS kcu ON tc.constraint_name = kcu.constraint_name JOIN information_schema.constraint_column_usage AS ccu ON ccu.constraint_name = tc.constraint_name WHERE constraint_type = 'FOREIGN KEY' AND tc.table_name = 'reactions' AND tc.table_catalog = 'rad5_communication'
Executing (default): ALTER TABLE "reactions" DROP CONSTRAINT "reactions_messageId_fkey"
Executing (default): ALTER TABLE "reactions" ALTER COLUMN "messageId" SET NOT NULL;ALTER TABLE "reactions"  ADD FOREIGN KEY ("messageId") REFERENCES "messages" ("id") ON DELETE NO ACTION ON UPDATE CASCADE;
Executing (default): ALTER TABLE "reactions" DROP CONSTRAINT "reactions_userId_fkey"
Executing (default): ALTER TABLE "reactions" ALTER COLUMN "userId" SET NOT NULL;ALTER TABLE "reactions"  ADD FOREIGN KEY ("userId") REFERENCES "users" ("id") ON DELETE NO ACTION ON UPDATE CASCADE;
Executing (default): ALTER TABLE "reactions" ALTER COLUMN "emoji" SET NOT NULL;ALTER TABLE "reactions" ALTER COLUMN "emoji" DROP DEFAULT;ALTER TABLE "reactions" ALTER COLUMN "emoji" TYPE VARCHAR(50);
Executing (default): ALTER TABLE "reactions" ALTER COLUMN "createdAt" SET NOT NULL;ALTER TABLE "reactions" ALTER COLUMN "createdAt" DROP DEFAULT;ALTER TABLE "reactions" ALTER COLUMN "createdAt" TYPE TIMESTAMP WITH TIME ZONE;
Executing (default): SELECT i.relname AS name, ix.indisprimary AS primary, ix.indisunique AS unique, ix.indkey AS indkey, array_agg(a.attnum) as column_indexes, array_agg(a.attname) AS column_names, pg_get_indexdef(ix.indexrelid) AS definition FROM pg_class t, pg_class i, pg_index ix, pg_attribute a WHERE t.oid = ix.indrelid AND i.oid = ix.indexrelid AND a.attrelid = t.oid AND t.relkind = 'r' and t.relname = 'reactions' GROUP BY i.relname, ix.indexrelid, ix.indisprimary, ix.indisunique, ix.indkey ORDER BY i.relname;
Γ£à Database synchronized

# Unhandled error between tests
-------------------------------
46 |     }
47 |   }
48 |   let er;
49 |   if (args.length > 0)
50 |     er = args[0];
51 |     throw er;
                 ^
error: Failed to start server. Is port 3333 in use?
      at emitError (node:events:51:13)
-------------------------------

(fail) (unnamed) [5015.00ms]
  ^ a beforeEach/afterEach hook timed out for this test.
Γ£à Test server stopped

 0 pass
 2 fail
 2 errors
Ran 2 tests across 2 files. [13.48s]
